kind=A settings=[object Object] cond=1 label=Rapier substeps=1 iterations=1 pgs=1 standing=false footSpinRms=67.5 footTiltMax=177 footTiltMaxLate=177 comDrift=331 comWander=464 footSlide=309 jointErrorMax=3.07 msPerStep=0.187 today=false clean=false
kind=A settings=[object Object] cond=100 label=Rapier substeps=1 iterations=1 pgs=1 standing=false footSpinRms=17.6 footTiltMax=179 footTiltMaxLate=179 comDrift=1090 comWander=1250 footSlide=663 jointErrorMax=3.12 msPerStep=0.0567 today=false clean=false
kind=B settings=[object Object] label=Rapier substeps=1 iterations=1 pgs=1 handJitterRms=0.000158 wristJitterRms=0.000137 swingErrorMax=0.273 swingErrorRms=0.182 overshoot=0.236 ringRms=0.112 settle=0.483 msPerStep=0.0325 deviation=0.0728 today=false clean=false
kind=A settings=[object Object] cond=1 label=Rapier substeps=1 iterations=1 pgs=2 standing=false footSpinRms=56.7 footTiltMax=172 footTiltMaxLate=172 comDrift=714 comWander=714 footSlide=1700 jointErrorMax=3.03 msPerStep=0.043 today=false clean=false
kind=A settings=[object Object] cond=100 label=Rapier substeps=1 iterations=1 pgs=2 standing=false footSpinRms=16.9 footTiltMax=177 footTiltMaxLate=177 comDrift=560 comWander=794 footSlide=680 jointErrorMax=3.12 msPerStep=0.0397 today=false clean=false
kind=B settings=[object Object] label=Rapier substeps=1 iterations=1 pgs=2 handJitterRms=0.00012 wristJitterRms=0.000142 swingErrorMax=0.253 swingErrorRms=0.174 overshoot=0.251 ringRms=0.11 settle=0.675 msPerStep=0.0283 deviation=0.0568 today=false clean=false
kind=A settings=[object Object] cond=1 label=Rapier substeps=1 iterations=2 pgs=1 standing=false footSpinRms=52.2 footTiltMax=178 footTiltMaxLate=178 comDrift=608 comWander=667 footSlide=518 jointErrorMax=3.13 msPerStep=0.0354 today=false clean=false
kind=A settings=[object Object] cond=100 label=Rapier substeps=1 iterations=2 pgs=1 standing=false footSpinRms=12.3 footTiltMax=178 footTiltMaxLate=178 comDrift=593 comWander=1080 footSlide=477 jointErrorMax=2.31 msPerStep=0.0331 today=false clean=false
kind=B settings=[object Object] label=Rapier substeps=1 iterations=2 pgs=1 handJitterRms=0.0000699 wristJitterRms=0.0000927 swingErrorMax=0.25 swingErrorRms=0.162 overshoot=0.251 ringRms=0.0868 settle=0.542 msPerStep=0.0277 deviation=0.0304 today=true clean=false
kind=A settings=[object Object] cond=1 label=Rapier substeps=1 iterations=2 pgs=2 standing=false footSpinRms=36.1 footTiltMax=178 footTiltMaxLate=178 comDrift=885 comWander=899 footSlide=651 jointErrorMax=3.09 msPerStep=0.032 today=false clean=false
kind=A settings=[object Object] cond=100 label=Rapier substeps=1 iterations=2 pgs=2 standing=false footSpinRms=10.9 footTiltMax=175 footTiltMaxLate=175 comDrift=1150 comWander=1190 footSlide=1660 jointErrorMax=3.14 msPerStep=0.0329 today=false clean=false
kind=B settings=[object Object] label=Rapier substeps=1 iterations=2 pgs=2 handJitterRms=0.0000624 wristJitterRms=0.000101 swingErrorMax=0.247 swingErrorRms=0.16 overshoot=0.255 ringRms=0.087 settle=0.583 msPerStep=0.0221 deviation=0.027 today=true clean=false
kind=A settings=[object Object] cond=1 label=Rapier substeps=1 iterations=4 pgs=1 standing=false footSpinRms=44.3 footTiltMax=176 footTiltMaxLate=176 comDrift=539 comWander=681 footSlide=534 jointErrorMax=3.09 msPerStep=0.0342 today=false clean=false
kind=A settings=[object Object] cond=100 label=Rapier substeps=1 iterations=4 pgs=1 standing=false footSpinRms=12.7 footTiltMax=178 footTiltMaxLate=178 comDrift=1730 comWander=1940 footSlide=1310 jointErrorMax=2.18 msPerStep=0.0341 today=false clean=false
kind=B settings=[object Object] label=Rapier substeps=1 iterations=4 pgs=1 handJitterRms=0.0000913 wristJitterRms=0.000147 swingErrorMax=0.247 swingErrorRms=0.154 overshoot=0.254 ringRms=0.0804 settle=0.558 msPerStep=0.0224 deviation=0.0125 today=true clean=false
kind=A settings=[object Object] cond=1 label=Rapier substeps=1 iterations=4 pgs=2 standing=false footSpinRms=27.3 footTiltMax=169 footTiltMaxLate=169 comDrift=894 comWander=1000 footSlide=802 jointErrorMax=3.1 msPerStep=0.0338 today=false clean=false
kind=A settings=[object Object] cond=100 label=Rapier substeps=1 iterations=4 pgs=2 standing=false footSpinRms=10.7 footTiltMax=177 footTiltMaxLate=177 comDrift=1800 comWander=2010 footSlide=927 jointErrorMax=2.11 msPerStep=0.0345 today=false clean=false
kind=B settings=[object Object] label=Rapier substeps=1 iterations=4 pgs=2 handJitterRms=0.0000946 wristJitterRms=0.000143 swingErrorMax=0.247 swingErrorRms=0.153 overshoot=0.255 ringRms=0.0805 settle=0.567 msPerStep=0.0254 deviation=0.0118 today=true clean=false
kind=A settings=[object Object] cond=1 label=Rapier substeps=1 iterations=8 pgs=1 standing=false footSpinRms=52.7 footTiltMax=176 footTiltMaxLate=176 comDrift=1190 comWander=1200 footSlide=938 jointErrorMax=2.05 msPerStep=0.043 today=false clean=false
kind=A settings=[object Object] cond=100 label=Rapier substeps=1 iterations=8 pgs=1 standing=false footSpinRms=8.32 footTiltMax=176 footTiltMaxLate=176 comDrift=838 comWander=1440 footSlide=1150 jointErrorMax=2.33 msPerStep=0.0375 today=false clean=false
kind=B settings=[object Object] label=Rapier substeps=1 iterations=8 pgs=1 handJitterRms=0.000151 wristJitterRms=0.000255 swingErrorMax=0.247 swingErrorRms=0.15 overshoot=0.254 ringRms=0.0785 settle=0.558 msPerStep=0.0282 deviation=0.00438 today=true clean=true
kind=A settings=[object Object] cond=1 label=Rapier substeps=1 iterations=8 pgs=2 standing=false footSpinRms=46.1 footTiltMax=179 footTiltMaxLate=179 comDrift=730 comWander=1140 footSlide=1020 jointErrorMax=2.47 msPerStep=0.0422 today=false clean=false
kind=A settings=[object Object] cond=100 label=Rapier substeps=1 iterations=8 pgs=2 standing=true footSpinRms=0.34 footTiltMax=0.495 footTiltMaxLate=0.475 comDrift=27.8 comWander=27.8 footSlide=27.8 jointErrorMax=0.044 msPerStep=0.0393 today=false clean=false
kind=B settings=[object Object] label=Rapier substeps=1 iterations=8 pgs=2 handJitterRms=0.000163 wristJitterRms=0.000299 swingErrorMax=0.246 swingErrorRms=0.15 overshoot=0.255 ringRms=0.0786 settle=0.558 msPerStep=0.0317 deviation=0.00418 today=true clean=true
kind=A settings=[object Object] cond=1 label=Rapier substeps=1 iterations=16 pgs=1 standing=true footSpinRms=0.736 footTiltMax=5.66 footTiltMaxLate=5.66 comDrift=31.5 comWander=31.5 footSlide=29.2 jointErrorMax=0.146 msPerStep=0.0563 today=false clean=false
kind=A settings=[object Object] cond=100 label=Rapier substeps=1 iterations=16 pgs=1 standing=true footSpinRms=0.119 footTiltMax=0.0331 footTiltMaxLate=0.0183 comDrift=0.0976 comWander=0.108 footSlide=0.159 jointErrorMax=0.00447 msPerStep=0.0554 today=false clean=false
kind=B settings=[object Object] label=Rapier substeps=1 iterations=16 pgs=1 handJitterRms=0.000221 wristJitterRms=0.000371 swingErrorMax=0.246 swingErrorRms=0.148 overshoot=0.254 ringRms=0.0779 settle=0.558 msPerStep=0.0437 deviation=0.00105 today=true clean=true
kind=A settings=[object Object] cond=1 label=Rapier substeps=1 iterations=16 pgs=2 standing=true footSpinRms=0.689 footTiltMax=6.2 footTiltMaxLate=6.2 comDrift=44.3 comWander=44.4 footSlide=37.3 jointErrorMax=0.146 msPerStep=0.0638 today=false clean=false
kind=A settings=[object Object] cond=100 label=Rapier substeps=1 iterations=16 pgs=2 standing=true footSpinRms=0.00271 footTiltMax=0.0835 footTiltMaxLate=0.0783 comDrift=0.000521 comWander=0.00222 footSlide=0.0223 jointErrorMax=0.00129 msPerStep=0.0605 today=true clean=true
kind=B settings=[object Object] label=Rapier substeps=1 iterations=16 pgs=2 handJitterRms=0.000277 wristJitterRms=0.00059 swingErrorMax=0.246 swingErrorRms=0.148 overshoot=0.254 ringRms=0.0779 settle=0.558 msPerStep=0.0488 deviation=0.000948 today=true clean=true
kind=A settings=[object Object] cond=1 label=Rapier substeps=2 iterations=1 pgs=1 standing=false footSpinRms=67.8 footTiltMax=179 footTiltMaxLate=179 comDrift=1080 comWander=1110 footSlide=959 jointErrorMax=3.14 msPerStep=0.0377 today=false clean=false
kind=A settings=[object Object] cond=100 label=Rapier substeps=2 iterations=1 pgs=1 standing=false footSpinRms=16.3 footTiltMax=177 footTiltMaxLate=177 comDrift=1960 comWander=1960 footSlide=3000 jointErrorMax=2.49 msPerStep=0.0347 today=false clean=false
kind=B settings=[object Object] label=Rapier substeps=2 iterations=1 pgs=1 handJitterRms=0.0000684 wristJitterRms=0.0000797 swingErrorMax=0.25 swingErrorRms=0.162 overshoot=0.251 ringRms=0.0869 settle=0.542 msPerStep=0.0241 deviation=0.0304 today=true clean=false
kind=A settings=[object Object] cond=1 label=Rapier substeps=2 iterations=1 pgs=2 standing=false footSpinRms=43 footTiltMax=175 footTiltMaxLate=175 comDrift=843 comWander=877 footSlide=790 jointErrorMax=3.12 msPerStep=0.0367 today=false clean=false
kind=A settings=[object Object] cond=100 label=Rapier substeps=2 iterations=1 pgs=2 standing=false footSpinRms=8.5 footTiltMax=155 footTiltMaxLate=155 comDrift=1020 comWander=1020 footSlide=1730 jointErrorMax=3.13 msPerStep=0.0366 today=false clean=false
kind=B settings=[object Object] label=Rapier substeps=2 iterations=1 pgs=2 handJitterRms=0.0000723 wristJitterRms=0.000122 swingErrorMax=0.247 swingErrorRms=0.16 overshoot=0.255 ringRms=0.087 settle=0.583 msPerStep=0.0236 deviation=0.0269 today=true clean=false
kind=A settings=[object Object] cond=1 label=Rapier substeps=2 iterations=2 pgs=1 standing=false footSpinRms=68.7 footTiltMax=175 footTiltMaxLate=175 comDrift=1270 comWander=1270 footSlide=1250 jointErrorMax=3.1 msPerStep=0.0413 today=false clean=false
kind=A settings=[object Object] cond=100 label=Rapier substeps=2 iterations=2 pgs=1 standing=false footSpinRms=8.86 footTiltMax=179 footTiltMaxLate=179 comDrift=923 comWander=1270 footSlide=662 jointErrorMax=3.12 msPerStep=0.0391 today=false clean=false
kind=B settings=[object Object] label=Rapier substeps=2 iterations=2 pgs=1 handJitterRms=0.0000976 wristJitterRms=0.000136 swingErrorMax=0.247 swingErrorRms=0.154 overshoot=0.254 ringRms=0.0807 settle=0.558 msPerStep=0.027 deviation=0.0125 today=true clean=false
kind=A settings=[object Object] cond=1 label=Rapier substeps=2 iterations=2 pgs=2 standing=false footSpinRms=64.9 footTiltMax=179 footTiltMaxLate=179 comDrift=1270 comWander=1280 footSlide=1230 jointErrorMax=2.1 msPerStep=0.0422 today=false clean=false
kind=A settings=[object Object] cond=100 label=Rapier substeps=2 iterations=2 pgs=2 standing=false footSpinRms=5.69 footTiltMax=154 footTiltMaxLate=154 comDrift=1390 comWander=1390 footSlide=1760 jointErrorMax=2.47 msPerStep=0.0395 today=false clean=false
kind=B settings=[object Object] label=Rapier substeps=2 iterations=2 pgs=2 handJitterRms=0.0000977 wristJitterRms=0.000166 swingErrorMax=0.247 swingErrorRms=0.153 overshoot=0.255 ringRms=0.0807 settle=0.567 msPerStep=0.0286 deviation=0.0118 today=true clean=false
kind=A settings=[object Object] cond=1 label=Rapier substeps=2 iterations=4 pgs=1 standing=false footSpinRms=60 footTiltMax=179 footTiltMaxLate=179 comDrift=1400 comWander=1400 footSlide=1270 jointErrorMax=2.76 msPerStep=0.0514 today=false clean=false
kind=A settings=[object Object] cond=100 label=Rapier substeps=2 iterations=4 pgs=1 standing=false footSpinRms=8.85 footTiltMax=163 footTiltMaxLate=163 comDrift=1110 comWander=1130 footSlide=1690 jointErrorMax=2.47 msPerStep=0.0464 today=false clean=false
kind=B settings=[object Object] label=Rapier substeps=2 iterations=4 pgs=1 handJitterRms=0.000145 wristJitterRms=0.000273 swingErrorMax=0.247 swingErrorRms=0.15 overshoot=0.254 ringRms=0.0789 settle=0.558 msPerStep=0.0359 deviation=0.00437 today=true clean=true
kind=A settings=[object Object] cond=1 label=Rapier substeps=2 iterations=4 pgs=2 standing=false footSpinRms=56.5 footTiltMax=172 footTiltMaxLate=172 comDrift=1400 comWander=1540 footSlide=1460 jointErrorMax=2.11 msPerStep=0.0548 today=false clean=false
kind=A settings=[object Object] cond=100 label=Rapier substeps=2 iterations=4 pgs=2 standing=true footSpinRms=0.285 footTiltMax=0.379 footTiltMaxLate=0.379 comDrift=32.3 comWander=32.5 footSlide=34 jointErrorMax=0.0554 msPerStep=0.0483 today=false clean=false
kind=B settings=[object Object] label=Rapier substeps=2 iterations=4 pgs=2 handJitterRms=0.000157 wristJitterRms=0.000275 swingErrorMax=0.246 swingErrorRms=0.15 overshoot=0.255 ringRms=0.0789 settle=0.558 msPerStep=0.037 deviation=0.00417 today=true clean=true
kind=A settings=[object Object] cond=1 label=Rapier substeps=2 iterations=8 pgs=1 standing=false footSpinRms=39.8 footTiltMax=178 footTiltMaxLate=178 comDrift=1230 comWander=1230 footSlide=1020 jointErrorMax=1.73 msPerStep=0.0684 today=false clean=false
kind=A settings=[object Object] cond=100 label=Rapier substeps=2 iterations=8 pgs=1 standing=true footSpinRms=0.119 footTiltMax=0.0333 footTiltMaxLate=0.0183 comDrift=0.0938 comWander=0.118 footSlide=0.159 jointErrorMax=0.00442 msPerStep=0.065 today=false clean=false
kind=B settings=[object Object] label=Rapier substeps=2 iterations=8 pgs=1 handJitterRms=0.000258 wristJitterRms=0.000494 swingErrorMax=0.246 swingErrorRms=0.148 overshoot=0.254 ringRms=0.0783 settle=0.558 msPerStep=0.0502 deviation=0.00104 today=true clean=true
kind=A settings=[object Object] cond=1 label=Rapier substeps=2 iterations=8 pgs=2 standing=true footSpinRms=0.669 footTiltMax=7.68 footTiltMaxLate=7.68 comDrift=29.5 comWander=30.1 footSlide=33.3 jointErrorMax=0.146 msPerStep=0.0715 today=false clean=false
kind=A settings=[object Object] cond=100 label=Rapier substeps=2 iterations=8 pgs=2 standing=true footSpinRms=0.00266 footTiltMax=0.0837 footTiltMaxLate=0.0783 comDrift=0.000877 comWander=0.00211 footSlide=0.0225 jointErrorMax=0.00129 msPerStep=0.0709 today=true clean=true
kind=B settings=[object Object] label=Rapier substeps=2 iterations=8 pgs=2 handJitterRms=0.000328 wristJitterRms=0.000666 swingErrorMax=0.246 swingErrorRms=0.148 overshoot=0.254 ringRms=0.0783 settle=0.558 msPerStep=0.055 deviation=0.000919 today=true clean=true
kind=A settings=[object Object] cond=1 label=Rapier substeps=2 iterations=16 pgs=1 standing=true footSpinRms=0.671 footTiltMax=7.28 footTiltMaxLate=7.28 comDrift=17.8 comWander=20 footSlide=22.8 jointErrorMax=0.145 msPerStep=0.106 today=false clean=false
kind=A settings=[object Object] cond=100 label=Rapier substeps=2 iterations=16 pgs=1 standing=true footSpinRms=0.000233 footTiltMax=0.019 footTiltMaxLate=0.00399 comDrift=0.000219 comWander=0.000673 footSlide=0.00701 jointErrorMax=0.0000547 msPerStep=0.102 today=true clean=true
kind=B settings=[object Object] label=Rapier substeps=2 iterations=16 pgs=1 handJitterRms=0.000583 wristJitterRms=0.00124 swingErrorMax=0.246 swingErrorRms=0.147 overshoot=0.254 ringRms=0.078 settle=0.558 msPerStep=0.0814 deviation=0.0016 today=true clean=true
kind=A settings=[object Object] cond=1 label=Rapier substeps=2 iterations=16 pgs=2 standing=true footSpinRms=0.186 footTiltMax=2.96 footTiltMaxLate=1.8 comDrift=0.793 comWander=1.02 footSlide=1.13 jointErrorMax=0.0658 msPerStep=0.115 today=false clean=false
kind=A settings=[object Object] cond=100 label=Rapier substeps=2 iterations=16 pgs=2 standing=true footSpinRms=0.000231 footTiltMax=0.0622 footTiltMaxLate=0.0562 comDrift=0.00177 comWander=0.00178 footSlide=0.0213 jointErrorMax=0.000941 msPerStep=0.114 today=true clean=true
kind=B settings=[object Object] label=Rapier substeps=2 iterations=16 pgs=2 handJitterRms=0.000658 wristJitterRms=0.00145 swingErrorMax=0.246 swingErrorRms=0.147 overshoot=0.254 ringRms=0.0781 settle=0.558 msPerStep=0.092 deviation=0.00164 today=true clean=true
kind=A settings=[object Object] cond=1 label=Rapier substeps=4 iterations=1 pgs=1 standing=false footSpinRms=52.7 footTiltMax=170 footTiltMaxLate=170 comDrift=1050 comWander=1050 footSlide=1070 jointErrorMax=3.13 msPerStep=0.0604 today=false clean=false
kind=A settings=[object Object] cond=100 label=Rapier substeps=4 iterations=1 pgs=1 standing=false footSpinRms=7.96 footTiltMax=173 footTiltMaxLate=173 comDrift=1270 comWander=1440 footSlide=1600 jointErrorMax=2.09 msPerStep=0.0574 today=false clean=false
kind=B settings=[object Object] label=Rapier substeps=4 iterations=1 pgs=1 handJitterRms=0.0000962 wristJitterRms=0.000137 swingErrorMax=0.247 swingErrorRms=0.154 overshoot=0.254 ringRms=0.0808 settle=0.558 msPerStep=0.0409 deviation=0.0125 today=true clean=false
kind=A settings=[object Object] cond=1 label=Rapier substeps=4 iterations=1 pgs=2 standing=false footSpinRms=61.3 footTiltMax=179 footTiltMaxLate=179 comDrift=1240 comWander=1260 footSlide=1220 jointErrorMax=2.08 msPerStep=0.0626 today=false clean=false
kind=A settings=[object Object] cond=100 label=Rapier substeps=4 iterations=1 pgs=2 standing=false footSpinRms=13.7 footTiltMax=179 footTiltMaxLate=179 comDrift=1710 comWander=1770 footSlide=1860 jointErrorMax=2.11 msPerStep=0.0614 today=false clean=false
kind=B settings=[object Object] label=Rapier substeps=4 iterations=1 pgs=2 handJitterRms=0.000108 wristJitterRms=0.000177 swingErrorMax=0.247 swingErrorRms=0.153 overshoot=0.255 ringRms=0.0809 settle=0.567 msPerStep=0.0425 deviation=0.0118 today=true clean=false
kind=A settings=[object Object] cond=1 label=Rapier substeps=4 iterations=2 pgs=1 standing=false footSpinRms=27.6 footTiltMax=178 footTiltMaxLate=178 comDrift=552 comWander=588 footSlide=334 jointErrorMax=3.14 msPerStep=0.0652 today=false clean=false
kind=A settings=[object Object] cond=100 label=Rapier substeps=4 iterations=2 pgs=1 standing=false footSpinRms=5.72 footTiltMax=134 footTiltMaxLate=134 comDrift=1200 comWander=1240 footSlide=1220 jointErrorMax=2.43 msPerStep=0.0676 today=false clean=false
kind=B settings=[object Object] label=Rapier substeps=4 iterations=2 pgs=1 handJitterRms=0.000141 wristJitterRms=0.000239 swingErrorMax=0.246 swingErrorRms=0.15 overshoot=0.254 ringRms=0.079 settle=0.558 msPerStep=0.0492 deviation=0.00437 today=true clean=true
kind=A settings=[object Object] cond=1 label=Rapier substeps=4 iterations=2 pgs=2 standing=false footSpinRms=19.3 footTiltMax=178 footTiltMaxLate=178 comDrift=953 comWander=998 footSlide=1370 jointErrorMax=2.46 msPerStep=0.0736 today=false clean=false
kind=A settings=[object Object] cond=100 label=Rapier substeps=4 iterations=2 pgs=2 standing=true footSpinRms=0.239 footTiltMax=0.417 footTiltMaxLate=0.417 comDrift=32.4 comWander=32.4 footSlide=35.1 jointErrorMax=0.0426 msPerStep=0.0678 today=false clean=false
kind=B settings=[object Object] label=Rapier substeps=4 iterations=2 pgs=2 handJitterRms=0.000204 wristJitterRms=0.000421 swingErrorMax=0.246 swingErrorRms=0.15 overshoot=0.255 ringRms=0.079 settle=0.558 msPerStep=0.0509 deviation=0.00418 today=true clean=true
kind=A settings=[object Object] cond=1 label=Rapier substeps=4 iterations=4 pgs=1 standing=false footSpinRms=37.9 footTiltMax=178 footTiltMaxLate=178 comDrift=1140 comWander=1150 footSlide=992 jointErrorMax=1.93 msPerStep=0.0858 today=false clean=false
kind=A settings=[object Object] cond=100 label=Rapier substeps=4 iterations=4 pgs=1 standing=true footSpinRms=0.119 footTiltMax=0.0321 footTiltMaxLate=0.0184 comDrift=0.124 comWander=0.124 footSlide=0.159 jointErrorMax=0.00439 msPerStep=0.0794 today=false clean=false
kind=B settings=[object Object] label=Rapier substeps=4 iterations=4 pgs=1 handJitterRms=0.00027 wristJitterRms=0.00047 swingErrorMax=0.246 swingErrorRms=0.148 overshoot=0.254 ringRms=0.0785 settle=0.558 msPerStep=0.0632 deviation=0.00105 today=true clean=true
kind=A settings=[object Object] cond=1 label=Rapier substeps=4 iterations=4 pgs=2 standing=true footSpinRms=0.718 footTiltMax=6.52 footTiltMaxLate=6.52 comDrift=43.3 comWander=43.3 footSlide=36.7 jointErrorMax=0.146 msPerStep=0.0893 today=false clean=false
kind=A settings=[object Object] cond=100 label=Rapier substeps=4 iterations=4 pgs=2 standing=true footSpinRms=0.00269 footTiltMax=0.083 footTiltMaxLate=0.0784 comDrift=0.00248 comWander=0.00427 footSlide=0.0237 jointErrorMax=0.00129 msPerStep=0.0897 today=true clean=true
kind=B settings=[object Object] label=Rapier substeps=4 iterations=4 pgs=2 handJitterRms=0.000328 wristJitterRms=0.000656 swingErrorMax=0.246 swingErrorRms=0.148 overshoot=0.254 ringRms=0.0784 settle=0.558 msPerStep=0.0717 deviation=0.000959 today=true clean=true
kind=A settings=[object Object] cond=1 label=Rapier substeps=4 iterations=8 pgs=1 standing=true footSpinRms=0.601 footTiltMax=7.72 footTiltMaxLate=7.06 comDrift=22.6 comWander=23.5 footSlide=28.1 jointErrorMax=0.145 msPerStep=0.129 today=false clean=false
kind=A settings=[object Object] cond=100 label=Rapier substeps=4 iterations=8 pgs=1 standing=true footSpinRms=0.000211 footTiltMax=0.019 footTiltMaxLate=0.00398 comDrift=0.000672 comWander=0.000712 footSlide=0.00535 jointErrorMax=0.0000572 msPerStep=0.132 today=true clean=true
kind=B settings=[object Object] label=Rapier substeps=4 iterations=8 pgs=1 handJitterRms=0.000526 wristJitterRms=0.00109 swingErrorMax=0.246 swingErrorRms=0.147 overshoot=0.254 ringRms=0.0783 settle=0.558 msPerStep=0.0953 deviation=0.00165 today=true clean=true
kind=A settings=[object Object] cond=1 label=Rapier substeps=4 iterations=8 pgs=2 standing=true footSpinRms=0.186 footTiltMax=2.96 footTiltMaxLate=1.8 comDrift=0.755 comWander=1 footSlide=1.14 jointErrorMax=0.0658 msPerStep=0.138 today=false clean=false
kind=A settings=[object Object] cond=100 label=Rapier substeps=4 iterations=8 pgs=2 standing=true footSpinRms=0.00023 footTiltMax=0.0622 footTiltMaxLate=0.0561 comDrift=0.00243 comWander=0.00243 footSlide=0.022 jointErrorMax=0.000938 msPerStep=0.14 today=true clean=true
kind=B settings=[object Object] label=Rapier substeps=4 iterations=8 pgs=2 handJitterRms=0.000771 wristJitterRms=0.00165 swingErrorMax=0.246 swingErrorRms=0.147 overshoot=0.254 ringRms=0.0783 settle=0.558 msPerStep=0.112 deviation=0.00163 today=true clean=true
kind=A settings=[object Object] cond=1 label=Rapier substeps=4 iterations=16 pgs=1 standing=true footSpinRms=0.176 footTiltMax=2.47 footTiltMaxLate=1.56 comDrift=0.22 comWander=0.297 footSlide=0.895 jointErrorMax=0.0558 msPerStep=0.201 today=false clean=false
kind=A settings=[object Object] cond=100 label=Rapier substeps=4 iterations=16 pgs=1 standing=true footSpinRms=0.000273 footTiltMax=0.0394 footTiltMaxLate=0.00407 comDrift=0.00453 comWander=0.0068 footSlide=0.00542 jointErrorMax=0.000111 msPerStep=0.204 today=true clean=true
kind=B settings=[object Object] label=Rapier substeps=4 iterations=16 pgs=1 handJitterRms=0.000924 wristJitterRms=0.00188 swingErrorMax=0.246 swingErrorRms=0.147 overshoot=0.254 ringRms=0.0781 settle=0.558 msPerStep=0.163 deviation=0.00262 today=true clean=true
kind=A settings=[object Object] cond=1 label=Rapier substeps=4 iterations=16 pgs=2 standing=true footSpinRms=0.174 footTiltMax=2.02 footTiltMaxLate=1.32 comDrift=0.377 comWander=0.377 footSlide=0.593 jointErrorMax=0.0515 msPerStep=0.226 today=false clean=false
kind=A settings=[object Object] cond=100 label=Rapier substeps=4 iterations=16 pgs=2 standing=true footSpinRms=0.000246 footTiltMax=0.0657 footTiltMaxLate=0.0405 comDrift=0.00206 comWander=0.00211 footSlide=0.0176 jointErrorMax=0.000677 msPerStep=0.221 today=true clean=true
kind=B settings=[object Object] label=Rapier substeps=4 iterations=16 pgs=2 handJitterRms=0.00115 wristJitterRms=0.00267 swingErrorMax=0.246 swingErrorRms=0.147 overshoot=0.254 ringRms=0.0782 settle=0.558 msPerStep=0.176 deviation=0.00259 today=true clean=true
kind=A settings=[object Object] cond=1 label=Rapier substeps=8 iterations=1 pgs=1 standing=false footSpinRms=36.5 footTiltMax=175 footTiltMaxLate=175 comDrift=952 comWander=991 footSlide=786 jointErrorMax=3.14 msPerStep=0.104 today=false clean=false
kind=A settings=[object Object] cond=100 label=Rapier substeps=8 iterations=1 pgs=1 standing=false footSpinRms=12.4 footTiltMax=178 footTiltMaxLate=178 comDrift=2060 comWander=2200 footSlide=2570 jointErrorMax=2.09 msPerStep=0.1 today=false clean=false
kind=B settings=[object Object] label=Rapier substeps=8 iterations=1 pgs=1 handJitterRms=0.000155 wristJitterRms=0.000277 swingErrorMax=0.246 swingErrorRms=0.15 overshoot=0.254 ringRms=0.0791 settle=0.558 msPerStep=0.0742 deviation=0.00436 today=true clean=true
kind=A settings=[object Object] cond=1 label=Rapier substeps=8 iterations=1 pgs=2 standing=false footSpinRms=47.3 footTiltMax=179 footTiltMaxLate=179 comDrift=762 comWander=762 footSlide=983 jointErrorMax=2.47 msPerStep=0.109 today=false clean=false
kind=A settings=[object Object] cond=100 label=Rapier substeps=8 iterations=1 pgs=2 standing=true footSpinRms=0.233 footTiltMax=0.453 footTiltMaxLate=0.453 comDrift=32.8 comWander=32.8 footSlide=34.7 jointErrorMax=0.0447 msPerStep=0.0962 today=false clean=false
kind=B settings=[object Object] label=Rapier substeps=8 iterations=1 pgs=2 handJitterRms=0.000171 wristJitterRms=0.000311 swingErrorMax=0.246 swingErrorRms=0.15 overshoot=0.255 ringRms=0.0791 settle=0.558 msPerStep=0.0771 deviation=0.00416 today=true clean=true
kind=A settings=[object Object] cond=1 label=Rapier substeps=8 iterations=2 pgs=1 standing=false footSpinRms=41.7 footTiltMax=179 footTiltMaxLate=179 comDrift=1210 comWander=1260 footSlide=918 jointErrorMax=1.79 msPerStep=0.125 today=false clean=false
kind=A settings=[object Object] cond=100 label=Rapier substeps=8 iterations=2 pgs=1 standing=true footSpinRms=0.119 footTiltMax=0.0318 footTiltMaxLate=0.0182 comDrift=0.121 comWander=0.121 footSlide=0.159 jointErrorMax=0.00443 msPerStep=0.111 today=false clean=false
kind=B settings=[object Object] label=Rapier substeps=8 iterations=2 pgs=1 handJitterRms=0.00019 wristJitterRms=0.000352 swingErrorMax=0.246 swingErrorRms=0.148 overshoot=0.254 ringRms=0.0785 settle=0.558 msPerStep=0.0904 deviation=0.00104 today=true clean=true
kind=A settings=[object Object] cond=1 label=Rapier substeps=8 iterations=2 pgs=2 standing=true footSpinRms=0.734 footTiltMax=5.82 footTiltMaxLate=5.82 comDrift=40.2 comWander=40.2 footSlide=33 jointErrorMax=0.146 msPerStep=0.122 today=false clean=false
kind=A settings=[object Object] cond=100 label=Rapier substeps=8 iterations=2 pgs=2 standing=true footSpinRms=0.00275 footTiltMax=0.0838 footTiltMaxLate=0.0786 comDrift=0.000543 comWander=0.00242 footSlide=0.0223 jointErrorMax=0.00129 msPerStep=0.117 today=true clean=true
kind=B settings=[object Object] label=Rapier substeps=8 iterations=2 pgs=2 handJitterRms=0.00027 wristJitterRms=0.000529 swingErrorMax=0.246 swingErrorRms=0.148 overshoot=0.254 ringRms=0.0785 settle=0.558 msPerStep=0.0947 deviation=0.000967 today=true clean=true
kind=A settings=[object Object] cond=1 label=Rapier substeps=8 iterations=4 pgs=1 standing=true footSpinRms=0.691 footTiltMax=8.36 footTiltMaxLate=8.36 comDrift=41.4 comWander=42.8 footSlide=33.6 jointErrorMax=0.145 msPerStep=0.157 today=false clean=false
kind=A settings=[object Object] cond=100 label=Rapier substeps=8 iterations=4 pgs=1 standing=true footSpinRms=0.0002 footTiltMax=0.0189 footTiltMaxLate=0.00398 comDrift=0.000446 comWander=0.000462 footSlide=0.00647 jointErrorMax=0.0000585 msPerStep=0.15 today=true clean=true
kind=B settings=[object Object] label=Rapier substeps=8 iterations=4 pgs=1 handJitterRms=0.000571 wristJitterRms=0.0012 swingErrorMax=0.246 swingErrorRms=0.147 overshoot=0.254 ringRms=0.0783 settle=0.558 msPerStep=0.122 deviation=0.00166 today=true clean=true
kind=A settings=[object Object] cond=1 label=Rapier substeps=8 iterations=4 pgs=2 standing=true footSpinRms=0.186 footTiltMax=2.96 footTiltMaxLate=1.8 comDrift=0.739 comWander=0.995 footSlide=1.15 jointErrorMax=0.0658 msPerStep=0.167 today=false clean=false
kind=A settings=[object Object] cond=100 label=Rapier substeps=8 iterations=4 pgs=2 standing=true footSpinRms=0.000232 footTiltMax=0.0622 footTiltMaxLate=0.0561 comDrift=0.00411 comWander=0.0043 footSlide=0.024 jointErrorMax=0.000939 msPerStep=0.163 today=true clean=true
kind=B settings=[object Object] label=Rapier substeps=8 iterations=4 pgs=2 handJitterRms=0.000597 wristJitterRms=0.00121 swingErrorMax=0.246 swingErrorRms=0.147 overshoot=0.254 ringRms=0.0783 settle=0.558 msPerStep=0.131 deviation=0.00164 today=true clean=true
kind=A settings=[object Object] cond=1 label=Rapier substeps=8 iterations=8 pgs=1 standing=true footSpinRms=0.176 footTiltMax=2.47 footTiltMaxLate=1.56 comDrift=0.228 comWander=0.297 footSlide=0.931 jointErrorMax=0.0558 msPerStep=0.241 today=false clean=false
kind=A settings=[object Object] cond=100 label=Rapier substeps=8 iterations=8 pgs=1 standing=true footSpinRms=0.000251 footTiltMax=0.0395 footTiltMaxLate=0.00411 comDrift=0.00449 comWander=0.00574 footSlide=0.00398 jointErrorMax=0.000107 msPerStep=0.23 today=true clean=true
kind=B settings=[object Object] label=Rapier substeps=8 iterations=8 pgs=1 handJitterRms=0.000832 wristJitterRms=0.00163 swingErrorMax=0.246 swingErrorRms=0.147 overshoot=0.254 ringRms=0.0782 settle=0.558 msPerStep=0.185 deviation=0.00261 today=true clean=true
kind=A settings=[object Object] cond=1 label=Rapier substeps=8 iterations=8 pgs=2 standing=true footSpinRms=0.174 footTiltMax=2.02 footTiltMaxLate=1.32 comDrift=0.39 comWander=0.39 footSlide=0.593 jointErrorMax=0.0515 msPerStep=0.262 today=false clean=false
kind=A settings=[object Object] cond=100 label=Rapier substeps=8 iterations=8 pgs=2 standing=true footSpinRms=0.000226 footTiltMax=0.0655 footTiltMaxLate=0.0406 comDrift=0.00144 comWander=0.00165 footSlide=0.0152 jointErrorMax=0.00068 msPerStep=0.27 today=true clean=true
kind=B settings=[object Object] label=Rapier substeps=8 iterations=8 pgs=2 handJitterRms=0.00119 wristJitterRms=0.00268 swingErrorMax=0.246 swingErrorRms=0.147 overshoot=0.254 ringRms=0.0781 settle=0.558 msPerStep=0.218 deviation=0.00257 today=true clean=true
kind=A settings=[object Object] cond=1 label=Rapier substeps=8 iterations=16 pgs=1 standing=true footSpinRms=0.15 footTiltMax=1.25 footTiltMaxLate=0.994 comDrift=0.16 comWander=0.176 footSlide=0.778 jointErrorMax=0.0345 msPerStep=0.396 today=false clean=false
kind=A settings=[object Object] cond=100 label=Rapier substeps=8 iterations=16 pgs=1 standing=true footSpinRms=0.000274 footTiltMax=0.0696 footTiltMaxLate=0.00461 comDrift=0.00312 comWander=0.00322 footSlide=0.0105 jointErrorMax=0.000224 msPerStep=0.392 today=true clean=true
kind=B settings=[object Object] label=Rapier substeps=8 iterations=16 pgs=1 handJitterRms=0.00194 wristJitterRms=0.00416 swingErrorMax=0.246 swingErrorRms=0.147 overshoot=0.254 ringRms=0.0781 settle=0.558 msPerStep=0.313 deviation=0.00314 today=true clean=true
kind=A settings=[object Object] cond=1 label=Rapier substeps=8 iterations=16 pgs=2 standing=true footSpinRms=0.146 footTiltMax=1.29 footTiltMaxLate=0.939 comDrift=0.635 comWander=0.646 footSlide=0.232 jointErrorMax=0.0309 msPerStep=0.442 today=false clean=false
kind=A settings=[object Object] cond=100 label=Rapier substeps=8 iterations=16 pgs=2 standing=true footSpinRms=0.000335 footTiltMax=0.0873 footTiltMaxLate=0.0264 comDrift=0.00485 comWander=0.00514 footSlide=0.012 jointErrorMax=0.00044 msPerStep=0.436 today=true clean=true
kind=B settings=[object Object] label=Rapier substeps=8 iterations=16 pgs=2 handJitterRms=0.00223 wristJitterRms=0.00505 swingErrorMax=0.246 swingErrorRms=0.147 overshoot=0.254 ringRms=0.0784 settle=0.558 msPerStep=0.347 deviation=0.00308 today=true clean=true
kind=A settings=[object Object] cond=1 label=Rapier substeps=16 iterations=1 pgs=1 standing=false footSpinRms=15.8 footTiltMax=150 footTiltMaxLate=150 comDrift=957 comWander=957 footSlide=269 jointErrorMax=1.3 msPerStep=0.184 today=false clean=false
kind=A settings=[object Object] cond=100 label=Rapier substeps=16 iterations=1 pgs=1 standing=true footSpinRms=0.119 footTiltMax=0.0332 footTiltMaxLate=0.0182 comDrift=0.101 comWander=0.101 footSlide=0.159 jointErrorMax=0.00445 msPerStep=0.181 today=false clean=false
kind=B settings=[object Object] label=Rapier substeps=16 iterations=1 pgs=1 handJitterRms=0.000234 wristJitterRms=0.00042 swingErrorMax=0.246 swingErrorRms=0.148 overshoot=0.254 ringRms=0.0786 settle=0.558 msPerStep=0.143 deviation=0.00104 today=true clean=true
kind=A settings=[object Object] cond=1 label=Rapier substeps=16 iterations=1 pgs=2 standing=true footSpinRms=0.815 footTiltMax=7.78 footTiltMaxLate=7.78 comDrift=61 comWander=61 footSlide=63.9 jointErrorMax=0.162 msPerStep=0.201 today=false clean=false
kind=A settings=[object Object] cond=100 label=Rapier substeps=16 iterations=1 pgs=2 standing=true footSpinRms=0.0027 footTiltMax=0.0837 footTiltMaxLate=0.0784 comDrift=0.000717 comWander=0.00249 footSlide=0.0232 jointErrorMax=0.00129 msPerStep=0.178 today=true clean=true
kind=B settings=[object Object] label=Rapier substeps=16 iterations=1 pgs=2 handJitterRms=0.000309 wristJitterRms=0.00062 swingErrorMax=0.246 swingErrorRms=0.148 overshoot=0.254 ringRms=0.0786 settle=0.558 msPerStep=0.144 deviation=0.000932 today=true clean=true
kind=A settings=[object Object] cond=1 label=Rapier substeps=16 iterations=2 pgs=1 standing=true footSpinRms=0.678 footTiltMax=7.85 footTiltMaxLate=7.85 comDrift=34.4 comWander=36.3 footSlide=33.7 jointErrorMax=0.145 msPerStep=0.222 today=false clean=false
kind=A settings=[object Object] cond=100 label=Rapier substeps=16 iterations=2 pgs=1 standing=true footSpinRms=0.000202 footTiltMax=0.019 footTiltMaxLate=0.004 comDrift=0.00154 comWander=0.002 footSlide=0.0063 jointErrorMax=0.0000558 msPerStep=0.214 today=true clean=true
kind=B settings=[object Object] label=Rapier substeps=16 iterations=2 pgs=1 handJitterRms=0.000504 wristJitterRms=0.00114 swingErrorMax=0.246 swingErrorRms=0.147 overshoot=0.254 ringRms=0.0784 settle=0.558 msPerStep=0.177 deviation=0.00163 today=true clean=true
kind=A settings=[object Object] cond=1 label=Rapier substeps=16 iterations=2 pgs=2 standing=true footSpinRms=0.186 footTiltMax=2.96 footTiltMaxLate=1.8 comDrift=0.736 comWander=0.996 footSlide=1.15 jointErrorMax=0.0658 msPerStep=0.244 today=false clean=false
kind=A settings=[object Object] cond=100 label=Rapier substeps=16 iterations=2 pgs=2 standing=true footSpinRms=0.000141 footTiltMax=0.0622 footTiltMaxLate=0.0562 comDrift=0.000594 comWander=0.00185 footSlide=0.0234 jointErrorMax=0.000938 msPerStep=0.229 today=true clean=true
kind=B settings=[object Object] label=Rapier substeps=16 iterations=2 pgs=2 handJitterRms=0.000596 wristJitterRms=0.00128 swingErrorMax=0.246 swingErrorRms=0.147 overshoot=0.254 ringRms=0.0783 settle=0.558 msPerStep=0.179 deviation=0.00164 today=true clean=true
kind=A settings=[object Object] cond=1 label=Rapier substeps=16 iterations=4 pgs=1 standing=true footSpinRms=0.176 footTiltMax=2.47 footTiltMaxLate=1.56 comDrift=0.23 comWander=0.305 footSlide=0.895 jointErrorMax=0.0558 msPerStep=0.305 today=false clean=false
kind=A settings=[object Object] cond=100 label=Rapier substeps=16 iterations=4 pgs=1 standing=true footSpinRms=0.000277 footTiltMax=0.0394 footTiltMaxLate=0.00408 comDrift=0.00485 comWander=0.00486 footSlide=0.00438 jointErrorMax=0.000136 msPerStep=0.293 today=true clean=true
kind=B settings=[object Object] label=Rapier substeps=16 iterations=4 pgs=1 handJitterRms=0.000924 wristJitterRms=0.00189 swingErrorMax=0.246 swingErrorRms=0.147 overshoot=0.254 ringRms=0.0782 settle=0.558 msPerStep=0.25 deviation=0.00262 today=true clean=true
kind=A settings=[object Object] cond=1 label=Rapier substeps=16 iterations=4 pgs=2 standing=true footSpinRms=0.175 footTiltMax=2.02 footTiltMaxLate=1.31 comDrift=0.382 comWander=0.382 footSlide=0.598 jointErrorMax=0.0514 msPerStep=0.316 today=false clean=false
kind=A settings=[object Object] cond=100 label=Rapier substeps=16 iterations=4 pgs=2 standing=true footSpinRms=0.000212 footTiltMax=0.0657 footTiltMaxLate=0.0407 comDrift=0.00155 comWander=0.00166 footSlide=0.0155 jointErrorMax=0.000677 msPerStep=0.321 today=true clean=true
kind=B settings=[object Object] label=Rapier substeps=16 iterations=4 pgs=2 handJitterRms=0.00139 wristJitterRms=0.00324 swingErrorMax=0.246 swingErrorRms=0.147 overshoot=0.254 ringRms=0.0783 settle=0.558 msPerStep=0.272 deviation=0.00261 today=true clean=true
kind=A settings=[object Object] cond=1 label=Rapier substeps=16 iterations=8 pgs=1 standing=true footSpinRms=0.15 footTiltMax=1.25 footTiltMaxLate=0.997 comDrift=0.174 comWander=0.187 footSlide=0.771 jointErrorMax=0.0345 msPerStep=0.446 today=false clean=false
kind=A settings=[object Object] cond=100 label=Rapier substeps=16 iterations=8 pgs=1 standing=true footSpinRms=0.000265 footTiltMax=0.0693 footTiltMaxLate=0.00469 comDrift=0.00314 comWander=0.00323 footSlide=0.00956 jointErrorMax=0.000212 msPerStep=0.439 today=true clean=true
kind=B settings=[object Object] label=Rapier substeps=16 iterations=8 pgs=1 handJitterRms=0.0017 wristJitterRms=0.00372 swingErrorMax=0.246 swingErrorRms=0.147 overshoot=0.254 ringRms=0.0782 settle=0.558 msPerStep=0.351 deviation=0.00306 today=true clean=true
kind=A settings=[object Object] cond=1 label=Rapier substeps=16 iterations=8 pgs=2 standing=true footSpinRms=0.146 footTiltMax=1.25 footTiltMaxLate=0.923 comDrift=0.638 comWander=0.638 footSlide=0.227 jointErrorMax=0.0309 msPerStep=0.488 today=false clean=false
kind=A settings=[object Object] cond=100 label=Rapier substeps=16 iterations=8 pgs=2 standing=true footSpinRms=0.000359 footTiltMax=0.0876 footTiltMaxLate=0.0263 comDrift=0.00866 comWander=0.0088 footSlide=0.0109 jointErrorMax=0.00044 msPerStep=0.49 today=true clean=true
kind=B settings=[object Object] label=Rapier substeps=16 iterations=8 pgs=2 handJitterRms=0.00225 wristJitterRms=0.00498 swingErrorMax=0.246 swingErrorRms=0.147 overshoot=0.254 ringRms=0.0783 settle=0.558 msPerStep=0.4 deviation=0.00301 today=true clean=true
kind=A settings=[object Object] cond=1 label=Rapier substeps=16 iterations=16 pgs=1 standing=true footSpinRms=0.114 footTiltMax=1.94 footTiltMaxLate=0.58 comDrift=0.475 comWander=0.475 footSlide=0.588 jointErrorMax=0.0111 msPerStep=0.75 today=false clean=false
kind=A settings=[object Object] cond=100 label=Rapier substeps=16 iterations=16 pgs=1 standing=true footSpinRms=0.000272 footTiltMax=0.104 footTiltMaxLate=0.00497 comDrift=0.016 comWander=0.0162 footSlide=0.0156 jointErrorMax=0.00011 msPerStep=0.761 today=true clean=true
kind=B settings=[object Object] label=Rapier substeps=16 iterations=16 pgs=1 handJitterRms=0.00285 wristJitterRms=0.00588 swingErrorMax=0.246 swingErrorRms=0.147 overshoot=0.254 ringRms=0.0782 settle=0.558 msPerStep=0.612 deviation=0.00339 today=true clean=true
kind=A settings=[object Object] cond=1 label=Rapier substeps=16 iterations=16 pgs=2 standing=true footSpinRms=0.121 footTiltMax=0.928 footTiltMaxLate=0.502 comDrift=0.161 comWander=0.199 footSlide=0.744 jointErrorMax=0.00926 msPerStep=0.862 today=false clean=false
kind=A settings=[object Object] cond=100 label=Rapier substeps=16 iterations=16 pgs=2 standing=true footSpinRms=0.000524 footTiltMax=0.116 footTiltMaxLate=0.0199 comDrift=0.0655 comWander=0.0669 footSlide=0.0515 jointErrorMax=0.000369 msPerStep=0.866 today=true clean=true
kind=B settings=[object Object] label=Rapier substeps=16 iterations=16 pgs=2 handJitterRms=0.00417 wristJitterRms=0.00971 swingErrorMax=0.246 swingErrorRms=0.147 overshoot=0.254 ringRms=0.0781 settle=0.558 msPerStep=0.697 deviation=0.00317 today=true clean=true
kind=A settings=[object Object] cond=1 label=Rapier substeps=1 iterations=4 contactHz=60 standing=false footSpinRms=44.3 footTiltMax=176 footTiltMaxLate=176 comDrift=539 comWander=681 footSlide=534 jointErrorMax=3.09 msPerStep=0.0295 today=false clean=false
kind=A settings=[object Object] cond=100 label=Rapier substeps=1 iterations=4 contactHz=60 standing=false footSpinRms=12.7 footTiltMax=178 footTiltMaxLate=178 comDrift=1730 comWander=1940 footSlide=1310 jointErrorMax=2.18 msPerStep=0.0316 today=false clean=false
kind=B settings=[object Object] label=Rapier substeps=1 iterations=4 contactHz=60 handJitterRms=0.0000913 wristJitterRms=0.000147 swingErrorMax=0.247 swingErrorRms=0.154 overshoot=0.254 ringRms=0.0804 settle=0.558 msPerStep=0.0221 deviation=0.0125 today=true clean=false
kind=A settings=[object Object] cond=1 label=Rapier substeps=1 iterations=4 contactHz=120 standing=false footSpinRms=44.3 footTiltMax=176 footTiltMaxLate=176 comDrift=539 comWander=681 footSlide=534 jointErrorMax=3.09 msPerStep=0.0294 today=false clean=false
kind=A settings=[object Object] cond=100 label=Rapier substeps=1 iterations=4 contactHz=120 standing=false footSpinRms=12.7 footTiltMax=178 footTiltMaxLate=178 comDrift=1730 comWander=1940 footSlide=1310 jointErrorMax=2.18 msPerStep=0.0294 today=false clean=false
kind=B settings=[object Object] label=Rapier substeps=1 iterations=4 contactHz=120 handJitterRms=0.0000913 wristJitterRms=0.000147 swingErrorMax=0.247 swingErrorRms=0.154 overshoot=0.254 ringRms=0.0804 settle=0.558 msPerStep=0.022 deviation=0.0125 today=true clean=false
kind=A settings=[object Object] cond=1 label=Rapier substeps=1 iterations=4 contactHz=240 standing=false footSpinRms=44.3 footTiltMax=176 footTiltMaxLate=176 comDrift=539 comWander=681 footSlide=534 jointErrorMax=3.09 msPerStep=0.0296 today=false clean=false
kind=A settings=[object Object] cond=100 label=Rapier substeps=1 iterations=4 contactHz=240 standing=false footSpinRms=12.7 footTiltMax=178 footTiltMaxLate=178 comDrift=1730 comWander=1940 footSlide=1310 jointErrorMax=2.18 msPerStep=0.0298 today=false clean=false
kind=B settings=[object Object] label=Rapier substeps=1 iterations=4 contactHz=240 handJitterRms=0.0000913 wristJitterRms=0.000147 swingErrorMax=0.247 swingErrorRms=0.154 overshoot=0.254 ringRms=0.0804 settle=0.558 msPerStep=0.0211 deviation=0.0125 today=true clean=false
kind=A settings=[object Object] cond=1 label=Rapier substeps=1 iterations=8 contactHz=60 standing=false footSpinRms=52.7 footTiltMax=176 footTiltMaxLate=176 comDrift=1190 comWander=1200 footSlide=938 jointErrorMax=2.05 msPerStep=0.0395 today=false clean=false
kind=A settings=[object Object] cond=100 label=Rapier substeps=1 iterations=8 contactHz=60 standing=false footSpinRms=8.32 footTiltMax=176 footTiltMaxLate=176 comDrift=838 comWander=1440 footSlide=1150 jointErrorMax=2.33 msPerStep=0.0379 today=false clean=false
kind=B settings=[object Object] label=Rapier substeps=1 iterations=8 contactHz=60 handJitterRms=0.000151 wristJitterRms=0.000255 swingErrorMax=0.247 swingErrorRms=0.15 overshoot=0.254 ringRms=0.0785 settle=0.558 msPerStep=0.0276 deviation=0.00438 today=true clean=true
kind=A settings=[object Object] cond=1 label=Rapier substeps=1 iterations=8 contactHz=120 standing=false footSpinRms=52.7 footTiltMax=176 footTiltMaxLate=176 comDrift=1190 comWander=1200 footSlide=938 jointErrorMax=2.05 msPerStep=0.0394 today=false clean=false
kind=A settings=[object Object] cond=100 label=Rapier substeps=1 iterations=8 contactHz=120 standing=false footSpinRms=8.32 footTiltMax=176 footTiltMaxLate=176 comDrift=838 comWander=1440 footSlide=1150 jointErrorMax=2.33 msPerStep=0.0383 today=false clean=false
kind=B settings=[object Object] label=Rapier substeps=1 iterations=8 contactHz=120 handJitterRms=0.000151 wristJitterRms=0.000255 swingErrorMax=0.247 swingErrorRms=0.15 overshoot=0.254 ringRms=0.0785 settle=0.558 msPerStep=0.0277 deviation=0.00438 today=true clean=true
kind=A settings=[object Object] cond=1 label=Rapier substeps=1 iterations=8 contactHz=240 standing=false footSpinRms=26.3 footTiltMax=148 footTiltMaxLate=148 comDrift=812 comWander=924 footSlide=803 jointErrorMax=3.13 msPerStep=0.0383 today=false clean=false
kind=A settings=[object Object] cond=100 label=Rapier substeps=1 iterations=8 contactHz=240 standing=false footSpinRms=10.2 footTiltMax=166 footTiltMaxLate=166 comDrift=1960 comWander=2030 footSlide=1480 jointErrorMax=2.1 msPerStep=0.0385 today=false clean=false
kind=B settings=[object Object] label=Rapier substeps=1 iterations=8 contactHz=240 handJitterRms=0.000151 wristJitterRms=0.000255 swingErrorMax=0.247 swingErrorRms=0.15 overshoot=0.254 ringRms=0.0785 settle=0.558 msPerStep=0.0296 deviation=0.00438 today=true clean=true
kind=A settings=[object Object] cond=1 label=Rapier substeps=2 iterations=4 contactHz=60 standing=false footSpinRms=60 footTiltMax=179 footTiltMaxLate=179 comDrift=1400 comWander=1400 footSlide=1270 jointErrorMax=2.76 msPerStep=0.0525 today=false clean=false
kind=A settings=[object Object] cond=100 label=Rapier substeps=2 iterations=4 contactHz=60 standing=false footSpinRms=8.85 footTiltMax=163 footTiltMaxLate=163 comDrift=1110 comWander=1130 footSlide=1690 jointErrorMax=2.47 msPerStep=0.0528 today=false clean=false
kind=B settings=[object Object] label=Rapier substeps=2 iterations=4 contactHz=60 handJitterRms=0.000145 wristJitterRms=0.000273 swingErrorMax=0.247 swingErrorRms=0.15 overshoot=0.254 ringRms=0.0789 settle=0.558 msPerStep=0.0394 deviation=0.00437 today=true clean=true
kind=A settings=[object Object] cond=1 label=Rapier substeps=2 iterations=4 contactHz=120 standing=false footSpinRms=60 footTiltMax=179 footTiltMaxLate=179 comDrift=1400 comWander=1400 footSlide=1270 jointErrorMax=2.76 msPerStep=0.0522 today=false clean=false
kind=A settings=[object Object] cond=100 label=Rapier substeps=2 iterations=4 contactHz=120 standing=false footSpinRms=8.85 footTiltMax=163 footTiltMaxLate=163 comDrift=1110 comWander=1130 footSlide=1690 jointErrorMax=2.47 msPerStep=0.0468 today=false clean=false
kind=B settings=[object Object] label=Rapier substeps=2 iterations=4 contactHz=120 handJitterRms=0.000145 wristJitterRms=0.000273 swingErrorMax=0.247 swingErrorRms=0.15 overshoot=0.254 ringRms=0.0789 settle=0.558 msPerStep=0.0381 deviation=0.00437 today=true clean=true
kind=A settings=[object Object] cond=1 label=Rapier substeps=2 iterations=4 contactHz=240 standing=false footSpinRms=55.5 footTiltMax=179 footTiltMaxLate=179 comDrift=1000 comWander=1180 footSlide=1690 jointErrorMax=1.95 msPerStep=0.0501 today=false clean=false
kind=A settings=[object Object] cond=100 label=Rapier substeps=2 iterations=4 contactHz=240 standing=false footSpinRms=13.2 footTiltMax=178 footTiltMaxLate=178 comDrift=507 comWander=1060 footSlide=705 jointErrorMax=2.41 msPerStep=0.0481 today=false clean=false
kind=B settings=[object Object] label=Rapier substeps=2 iterations=4 contactHz=240 handJitterRms=0.000145 wristJitterRms=0.000273 swingErrorMax=0.247 swingErrorRms=0.15 overshoot=0.254 ringRms=0.0789 settle=0.558 msPerStep=0.0361 deviation=0.00437 today=true clean=true
kind=A settings=[object Object] cond=1 label=Rapier substeps=2 iterations=8 contactHz=60 standing=false footSpinRms=39.8 footTiltMax=178 footTiltMaxLate=178 comDrift=1230 comWander=1230 footSlide=1020 jointErrorMax=1.73 msPerStep=0.0691 today=false clean=false
kind=A settings=[object Object] cond=100 label=Rapier substeps=2 iterations=8 contactHz=60 standing=true footSpinRms=0.119 footTiltMax=0.0333 footTiltMaxLate=0.0183 comDrift=0.0938 comWander=0.118 footSlide=0.159 jointErrorMax=0.00442 msPerStep=0.0619 today=false clean=false
kind=B settings=[object Object] label=Rapier substeps=2 iterations=8 contactHz=60 handJitterRms=0.000258 wristJitterRms=0.000494 swingErrorMax=0.246 swingErrorRms=0.148 overshoot=0.254 ringRms=0.0783 settle=0.558 msPerStep=0.049 deviation=0.00104 today=true clean=true
kind=A settings=[object Object] cond=1 label=Rapier substeps=2 iterations=8 contactHz=120 standing=false footSpinRms=39.8 footTiltMax=178 footTiltMaxLate=178 comDrift=1230 comWander=1230 footSlide=1020 jointErrorMax=1.73 msPerStep=0.0673 today=false clean=false
kind=A settings=[object Object] cond=100 label=Rapier substeps=2 iterations=8 contactHz=120 standing=true footSpinRms=0.119 footTiltMax=0.0333 footTiltMaxLate=0.0183 comDrift=0.0938 comWander=0.118 footSlide=0.159 jointErrorMax=0.00442 msPerStep=0.0629 today=false clean=false
kind=B settings=[object Object] label=Rapier substeps=2 iterations=8 contactHz=120 handJitterRms=0.000258 wristJitterRms=0.000494 swingErrorMax=0.246 swingErrorRms=0.148 overshoot=0.254 ringRms=0.0783 settle=0.558 msPerStep=0.0568 deviation=0.00104 today=true clean=true
kind=A settings=[object Object] cond=1 label=Rapier substeps=2 iterations=8 contactHz=240 standing=true footSpinRms=0.753 footTiltMax=6.09 footTiltMaxLate=6.09 comDrift=33.3 comWander=33.5 footSlide=42.5 jointErrorMax=0.146 msPerStep=0.0689 today=false clean=false
kind=A settings=[object Object] cond=100 label=Rapier substeps=2 iterations=8 contactHz=240 standing=true footSpinRms=0.119 footTiltMax=0.033 footTiltMaxLate=0.0184 comDrift=0.0959 comWander=0.11 footSlide=0.16 jointErrorMax=0.00442 msPerStep=0.0633 today=false clean=false
kind=B settings=[object Object] label=Rapier substeps=2 iterations=8 contactHz=240 handJitterRms=0.000258 wristJitterRms=0.000494 swingErrorMax=0.246 swingErrorRms=0.148 overshoot=0.254 ringRms=0.0783 settle=0.558 msPerStep=0.0502 deviation=0.00104 today=true clean=true
kind=A settings=[object Object] cond=1 label=Rapier substeps=4 iterations=4 contactHz=60 standing=false footSpinRms=37.9 footTiltMax=178 footTiltMaxLate=178 comDrift=1140 comWander=1150 footSlide=992 jointErrorMax=1.93 msPerStep=0.0917 today=false clean=false
kind=A settings=[object Object] cond=100 label=Rapier substeps=4 iterations=4 contactHz=60 standing=true footSpinRms=0.119 footTiltMax=0.0321 footTiltMaxLate=0.0184 comDrift=0.124 comWander=0.124 footSlide=0.159 jointErrorMax=0.00439 msPerStep=0.0813 today=false clean=false
kind=B settings=[object Object] label=Rapier substeps=4 iterations=4 contactHz=60 handJitterRms=0.00027 wristJitterRms=0.00047 swingErrorMax=0.246 swingErrorRms=0.148 overshoot=0.254 ringRms=0.0785 settle=0.558 msPerStep=0.0691 deviation=0.00105 today=true clean=true
kind=A settings=[object Object] cond=1 label=Rapier substeps=4 iterations=4 contactHz=120 standing=false footSpinRms=37.9 footTiltMax=178 footTiltMaxLate=178 comDrift=1140 comWander=1150 footSlide=992 jointErrorMax=1.93 msPerStep=0.0863 today=false clean=false
kind=A settings=[object Object] cond=100 label=Rapier substeps=4 iterations=4 contactHz=120 standing=true footSpinRms=0.119 footTiltMax=0.0321 footTiltMaxLate=0.0184 comDrift=0.124 comWander=0.124 footSlide=0.159 jointErrorMax=0.00439 msPerStep=0.0791 today=false clean=false
kind=B settings=[object Object] label=Rapier substeps=4 iterations=4 contactHz=120 handJitterRms=0.00027 wristJitterRms=0.00047 swingErrorMax=0.246 swingErrorRms=0.148 overshoot=0.254 ringRms=0.0785 settle=0.558 msPerStep=0.0632 deviation=0.00105 today=true clean=true
kind=A settings=[object Object] cond=1 label=Rapier substeps=4 iterations=4 contactHz=240 standing=false footSpinRms=23.8 footTiltMax=139 footTiltMaxLate=139 comDrift=1010 comWander=1010 footSlide=843 jointErrorMax=1.51 msPerStep=0.0841 today=false clean=false
kind=A settings=[object Object] cond=100 label=Rapier substeps=4 iterations=4 contactHz=240 standing=true footSpinRms=0.119 footTiltMax=0.032 footTiltMaxLate=0.0182 comDrift=0.116 comWander=0.116 footSlide=0.159 jointErrorMax=0.00436 msPerStep=0.0771 today=false clean=false
kind=B settings=[object Object] label=Rapier substeps=4 iterations=4 contactHz=240 handJitterRms=0.00027 wristJitterRms=0.00047 swingErrorMax=0.246 swingErrorRms=0.148 overshoot=0.254 ringRms=0.0785 settle=0.558 msPerStep=0.0614 deviation=0.00105 today=true clean=true
kind=A settings=[object Object] cond=1 label=Rapier substeps=4 iterations=8 contactHz=60 standing=true footSpinRms=0.601 footTiltMax=7.72 footTiltMaxLate=7.06 comDrift=22.6 comWander=23.5 footSlide=28.1 jointErrorMax=0.145 msPerStep=0.118 today=false clean=false
kind=A settings=[object Object] cond=100 label=Rapier substeps=4 iterations=8 contactHz=60 standing=true footSpinRms=0.000211 footTiltMax=0.019 footTiltMaxLate=0.00398 comDrift=0.000672 comWander=0.000712 footSlide=0.00535 jointErrorMax=0.0000572 msPerStep=0.116 today=true clean=true
kind=B settings=[object Object] label=Rapier substeps=4 iterations=8 contactHz=60 handJitterRms=0.000526 wristJitterRms=0.00109 swingErrorMax=0.246 swingErrorRms=0.147 overshoot=0.254 ringRms=0.0783 settle=0.558 msPerStep=0.0914 deviation=0.00165 today=true clean=true
kind=A settings=[object Object] cond=1 label=Rapier substeps=4 iterations=8 contactHz=120 standing=true footSpinRms=0.601 footTiltMax=7.72 footTiltMaxLate=7.06 comDrift=22.6 comWander=23.5 footSlide=28.1 jointErrorMax=0.145 msPerStep=0.12 today=false clean=false
kind=A settings=[object Object] cond=100 label=Rapier substeps=4 iterations=8 contactHz=120 standing=true footSpinRms=0.000211 footTiltMax=0.019 footTiltMaxLate=0.00398 comDrift=0.000672 comWander=0.000712 footSlide=0.00535 jointErrorMax=0.0000572 msPerStep=0.116 today=true clean=true
kind=B settings=[object Object] label=Rapier substeps=4 iterations=8 contactHz=120 handJitterRms=0.000526 wristJitterRms=0.00109 swingErrorMax=0.246 swingErrorRms=0.147 overshoot=0.254 ringRms=0.0783 settle=0.558 msPerStep=0.0941 deviation=0.00165 today=true clean=true
kind=A settings=[object Object] cond=1 label=Rapier substeps=4 iterations=8 contactHz=240 standing=true footSpinRms=0.601 footTiltMax=7.72 footTiltMaxLate=7.06 comDrift=22.6 comWander=23.5 footSlide=28.1 jointErrorMax=0.145 msPerStep=0.123 today=false clean=false
kind=A settings=[object Object] cond=100 label=Rapier substeps=4 iterations=8 contactHz=240 standing=true footSpinRms=0.000211 footTiltMax=0.019 footTiltMaxLate=0.00398 comDrift=0.000672 comWander=0.000712 footSlide=0.00535 jointErrorMax=0.0000572 msPerStep=0.128 today=true clean=true
kind=B settings=[object Object] label=Rapier substeps=4 iterations=8 contactHz=240 handJitterRms=0.000526 wristJitterRms=0.00109 swingErrorMax=0.246 swingErrorRms=0.147 overshoot=0.254 ringRms=0.0783 settle=0.558 msPerStep=0.0962 deviation=0.00165 today=true clean=true
kind=A settings=[object Object] cond=1 label=Rapier substeps=8 iterations=4 contactHz=60 standing=true footSpinRms=0.691 footTiltMax=8.36 footTiltMaxLate=8.36 comDrift=41.4 comWander=42.8 footSlide=33.6 jointErrorMax=0.145 msPerStep=0.153 today=false clean=false
kind=A settings=[object Object] cond=100 label=Rapier substeps=8 iterations=4 contactHz=60 standing=true footSpinRms=0.0002 footTiltMax=0.0189 footTiltMaxLate=0.00398 comDrift=0.000446 comWander=0.000462 footSlide=0.00647 jointErrorMax=0.0000585 msPerStep=0.147 today=true clean=true
kind=B settings=[object Object] label=Rapier substeps=8 iterations=4 contactHz=60 handJitterRms=0.000571 wristJitterRms=0.0012 swingErrorMax=0.246 swingErrorRms=0.147 overshoot=0.254 ringRms=0.0783 settle=0.558 msPerStep=0.12 deviation=0.00166 today=true clean=true
kind=A settings=[object Object] cond=1 label=Rapier substeps=8 iterations=4 contactHz=120 standing=true footSpinRms=0.691 footTiltMax=8.36 footTiltMaxLate=8.36 comDrift=41.4 comWander=42.8 footSlide=33.6 jointErrorMax=0.145 msPerStep=0.157 today=false clean=false
kind=A settings=[object Object] cond=100 label=Rapier substeps=8 iterations=4 contactHz=120 standing=true footSpinRms=0.0002 footTiltMax=0.0189 footTiltMaxLate=0.00398 comDrift=0.000446 comWander=0.000462 footSlide=0.00647 jointErrorMax=0.0000585 msPerStep=0.146 today=true clean=true
kind=B settings=[object Object] label=Rapier substeps=8 iterations=4 contactHz=120 handJitterRms=0.000571 wristJitterRms=0.0012 swingErrorMax=0.246 swingErrorRms=0.147 overshoot=0.254 ringRms=0.0783 settle=0.558 msPerStep=0.118 deviation=0.00166 today=true clean=true
kind=A settings=[object Object] cond=1 label=Rapier substeps=8 iterations=4 contactHz=240 standing=true footSpinRms=0.691 footTiltMax=8.36 footTiltMaxLate=8.36 comDrift=41.4 comWander=42.8 footSlide=33.6 jointErrorMax=0.145 msPerStep=0.163 today=false clean=false
kind=A settings=[object Object] cond=100 label=Rapier substeps=8 iterations=4 contactHz=240 standing=true footSpinRms=0.0002 footTiltMax=0.0189 footTiltMaxLate=0.00398 comDrift=0.000446 comWander=0.000462 footSlide=0.00647 jointErrorMax=0.0000585 msPerStep=0.16 today=true clean=true
kind=B settings=[object Object] label=Rapier substeps=8 iterations=4 contactHz=240 handJitterRms=0.000571 wristJitterRms=0.0012 swingErrorMax=0.246 swingErrorRms=0.147 overshoot=0.254 ringRms=0.0783 settle=0.558 msPerStep=0.128 deviation=0.00166 today=true clean=true
kind=A settings=[object Object] cond=1 label=Rapier substeps=8 iterations=8 contactHz=60 standing=true footSpinRms=0.176 footTiltMax=2.47 footTiltMaxLate=1.56 comDrift=0.228 comWander=0.297 footSlide=0.931 jointErrorMax=0.0558 msPerStep=0.232 today=false clean=false
kind=A settings=[object Object] cond=100 label=Rapier substeps=8 iterations=8 contactHz=60 standing=true footSpinRms=0.000251 footTiltMax=0.0395 footTiltMaxLate=0.00411 comDrift=0.00449 comWander=0.00574 footSlide=0.00398 jointErrorMax=0.000107 msPerStep=0.233 today=true clean=true
kind=B settings=[object Object] label=Rapier substeps=8 iterations=8 contactHz=60 handJitterRms=0.000832 wristJitterRms=0.00163 swingErrorMax=0.246 swingErrorRms=0.147 overshoot=0.254 ringRms=0.0782 settle=0.558 msPerStep=0.187 deviation=0.00261 today=true clean=true
kind=A settings=[object Object] cond=1 label=Rapier substeps=8 iterations=8 contactHz=120 standing=true footSpinRms=0.176 footTiltMax=2.47 footTiltMaxLate=1.56 comDrift=0.228 comWander=0.297 footSlide=0.931 jointErrorMax=0.0558 msPerStep=0.234 today=false clean=false
kind=A settings=[object Object] cond=100 label=Rapier substeps=8 iterations=8 contactHz=120 standing=true footSpinRms=0.000251 footTiltMax=0.0395 footTiltMaxLate=0.00411 comDrift=0.00449 comWander=0.00574 footSlide=0.00398 jointErrorMax=0.000107 msPerStep=0.228 today=true clean=true
kind=B settings=[object Object] label=Rapier substeps=8 iterations=8 contactHz=120 handJitterRms=0.000832 wristJitterRms=0.00163 swingErrorMax=0.246 swingErrorRms=0.147 overshoot=0.254 ringRms=0.0782 settle=0.558 msPerStep=0.183 deviation=0.00261 today=true clean=true
kind=A settings=[object Object] cond=1 label=Rapier substeps=8 iterations=8 contactHz=240 standing=true footSpinRms=0.176 footTiltMax=2.47 footTiltMaxLate=1.56 comDrift=0.228 comWander=0.297 footSlide=0.931 jointErrorMax=0.0558 msPerStep=0.229 today=false clean=false
kind=A settings=[object Object] cond=100 label=Rapier substeps=8 iterations=8 contactHz=240 standing=true footSpinRms=0.000251 footTiltMax=0.0395 footTiltMaxLate=0.00411 comDrift=0.00449 comWander=0.00574 footSlide=0.00398 jointErrorMax=0.000107 msPerStep=0.226 today=true clean=true
kind=B settings=[object Object] label=Rapier substeps=8 iterations=8 contactHz=240 handJitterRms=0.000832 wristJitterRms=0.00163 swingErrorMax=0.246 swingErrorRms=0.147 overshoot=0.254 ringRms=0.0782 settle=0.558 msPerStep=0.19 deviation=0.00261 today=true clean=true
