kind=A settings=[object Object] cond=1 label=Rapier substeps=1 iterations=1 pgs=1 standing=false footSpinRms=68.6 footTiltMax=179 footTiltMaxLate=179 comDrift=581 comWander=692 footSlide=633 jointErrorMax=3.1 msPerStep=0.203 today=false clean=false
kind=A settings=[object Object] cond=100 label=Rapier substeps=1 iterations=1 pgs=1 standing=false footSpinRms=18.6 footTiltMax=179 footTiltMaxLate=179 comDrift=861 comWander=925 footSlide=475 jointErrorMax=3.12 msPerStep=0.0669 today=false clean=false
kind=B settings=[object Object] label=Rapier substeps=1 iterations=1 pgs=1 handJitterRms=0.000158 wristJitterRms=0.000136 swingErrorMax=0.273 swingErrorRms=0.182 overshoot=0.236 ringRms=0.112 settle=0.483 msPerStep=0.0328 deviation=0.0728 today=false clean=false
kind=A settings=[object Object] cond=1 label=Rapier substeps=1 iterations=1 pgs=2 standing=false footSpinRms=57.2 footTiltMax=179 footTiltMaxLate=179 comDrift=429 comWander=788 footSlide=403 jointErrorMax=3.08 msPerStep=0.0514 today=false clean=false
kind=A settings=[object Object] cond=100 label=Rapier substeps=1 iterations=1 pgs=2 standing=false footSpinRms=9.52 footTiltMax=172 footTiltMaxLate=172 comDrift=600 comWander=647 footSlide=876 jointErrorMax=3.12 msPerStep=0.0427 today=false clean=false
kind=B settings=[object Object] label=Rapier substeps=1 iterations=1 pgs=2 handJitterRms=0.000122 wristJitterRms=0.000146 swingErrorMax=0.253 swingErrorRms=0.174 overshoot=0.251 ringRms=0.11 settle=0.675 msPerStep=0.0317 deviation=0.0568 today=false clean=false
kind=A settings=[object Object] cond=1 label=Rapier substeps=1 iterations=2 pgs=1 standing=false footSpinRms=51.7 footTiltMax=173 footTiltMaxLate=173 comDrift=662 comWander=724 footSlide=892 jointErrorMax=3.13 msPerStep=0.0399 today=false clean=false
kind=A settings=[object Object] cond=100 label=Rapier substeps=1 iterations=2 pgs=1 standing=false footSpinRms=15.6 footTiltMax=177 footTiltMaxLate=177 comDrift=2060 comWander=2100 footSlide=2350 jointErrorMax=2.24 msPerStep=0.0366 today=false clean=false
kind=B settings=[object Object] label=Rapier substeps=1 iterations=2 pgs=1 handJitterRms=0.0000684 wristJitterRms=0.0000785 swingErrorMax=0.25 swingErrorRms=0.162 overshoot=0.251 ringRms=0.0868 settle=0.542 msPerStep=0.0248 deviation=0.0304 today=true clean=false
kind=A settings=[object Object] cond=1 label=Rapier substeps=1 iterations=2 pgs=2 standing=false footSpinRms=50.7 footTiltMax=172 footTiltMaxLate=172 comDrift=648 comWander=648 footSlide=550 jointErrorMax=3.1 msPerStep=0.0384 today=false clean=false
kind=A settings=[object Object] cond=100 label=Rapier substeps=1 iterations=2 pgs=2 standing=false footSpinRms=11.6 footTiltMax=178 footTiltMaxLate=178 comDrift=1410 comWander=1430 footSlide=1900 jointErrorMax=3.11 msPerStep=0.0375 today=false clean=false
kind=B settings=[object Object] label=Rapier substeps=1 iterations=2 pgs=2 handJitterRms=0.0000698 wristJitterRms=0.000118 swingErrorMax=0.247 swingErrorRms=0.16 overshoot=0.255 ringRms=0.087 settle=0.583 msPerStep=0.0212 deviation=0.027 today=true clean=false
kind=A settings=[object Object] cond=1 label=Rapier substeps=1 iterations=4 pgs=1 standing=false footSpinRms=54.8 footTiltMax=179 footTiltMaxLate=179 comDrift=1490 comWander=1500 footSlide=1240 jointErrorMax=3.12 msPerStep=0.0424 today=false clean=false
kind=A settings=[object Object] cond=100 label=Rapier substeps=1 iterations=4 pgs=1 standing=false footSpinRms=11.1 footTiltMax=176 footTiltMaxLate=176 comDrift=1370 comWander=1530 footSlide=806 jointErrorMax=2.12 msPerStep=0.0418 today=false clean=false
kind=B settings=[object Object] label=Rapier substeps=1 iterations=4 pgs=1 handJitterRms=0.0000963 wristJitterRms=0.000155 swingErrorMax=0.247 swingErrorRms=0.154 overshoot=0.254 ringRms=0.0804 settle=0.558 msPerStep=0.0238 deviation=0.0125 today=true clean=false
kind=A settings=[object Object] cond=1 label=Rapier substeps=1 iterations=4 pgs=2 standing=false footSpinRms=37.6 footTiltMax=174 footTiltMaxLate=174 comDrift=730 comWander=936 footSlide=844 jointErrorMax=2.63 msPerStep=0.0426 today=false clean=false
kind=A settings=[object Object] cond=100 label=Rapier substeps=1 iterations=4 pgs=2 standing=false footSpinRms=7.16 footTiltMax=169 footTiltMaxLate=169 comDrift=1490 comWander=1490 footSlide=1770 jointErrorMax=2.6 msPerStep=0.0428 today=false clean=false
kind=B settings=[object Object] label=Rapier substeps=1 iterations=4 pgs=2 handJitterRms=0.000107 wristJitterRms=0.000211 swingErrorMax=0.247 swingErrorRms=0.153 overshoot=0.255 ringRms=0.0804 settle=0.567 msPerStep=0.0262 deviation=0.0118 today=true clean=false
kind=A settings=[object Object] cond=1 label=Rapier substeps=1 iterations=8 pgs=1 standing=false footSpinRms=54.2 footTiltMax=178 footTiltMaxLate=178 comDrift=1210 comWander=1220 footSlide=977 jointErrorMax=1.95 msPerStep=0.0522 today=false clean=false
kind=A settings=[object Object] cond=100 label=Rapier substeps=1 iterations=8 pgs=1 standing=false footSpinRms=5.89 footTiltMax=171 footTiltMaxLate=171 comDrift=1980 comWander=2030 footSlide=2420 jointErrorMax=2.32 msPerStep=0.049 today=false clean=false
kind=B settings=[object Object] label=Rapier substeps=1 iterations=8 pgs=1 handJitterRms=0.000162 wristJitterRms=0.000321 swingErrorMax=0.247 swingErrorRms=0.15 overshoot=0.254 ringRms=0.0785 settle=0.558 msPerStep=0.0294 deviation=0.00438 today=true clean=true
kind=A settings=[object Object] cond=1 label=Rapier substeps=1 iterations=8 pgs=2 standing=false footSpinRms=54 footTiltMax=179 footTiltMaxLate=179 comDrift=1230 comWander=1230 footSlide=1080 jointErrorMax=1.78 msPerStep=0.056 today=false clean=false
kind=A settings=[object Object] cond=100 label=Rapier substeps=1 iterations=8 pgs=2 standing=true footSpinRms=0.295 footTiltMax=0.463 footTiltMaxLate=0.424 comDrift=38.8 comWander=38.8 footSlide=34 jointErrorMax=0.0476 msPerStep=0.0543 today=false clean=false
kind=B settings=[object Object] label=Rapier substeps=1 iterations=8 pgs=2 handJitterRms=0.000164 wristJitterRms=0.000342 swingErrorMax=0.246 swingErrorRms=0.15 overshoot=0.255 ringRms=0.0785 settle=0.558 msPerStep=0.0323 deviation=0.00418 today=true clean=true
kind=A settings=[object Object] cond=1 label=Rapier substeps=1 iterations=16 pgs=1 standing=false footSpinRms=25.8 footTiltMax=177 footTiltMaxLate=177 comDrift=702 comWander=1040 footSlide=1100 jointErrorMax=2.46 msPerStep=0.0771 today=false clean=false
kind=A settings=[object Object] cond=100 label=Rapier substeps=1 iterations=16 pgs=1 standing=true footSpinRms=0.119 footTiltMax=0.0333 footTiltMaxLate=0.0187 comDrift=0.102 comWander=0.102 footSlide=0.163 jointErrorMax=0.00449 msPerStep=0.0847 today=false clean=false
kind=B settings=[object Object] label=Rapier substeps=1 iterations=16 pgs=1 handJitterRms=0.000257 wristJitterRms=0.000453 swingErrorMax=0.246 swingErrorRms=0.148 overshoot=0.254 ringRms=0.0779 settle=0.558 msPerStep=0.0463 deviation=0.00102 today=true clean=true
kind=A settings=[object Object] cond=1 label=Rapier substeps=1 iterations=16 pgs=2 standing=true footSpinRms=0.772 footTiltMax=5.82 footTiltMaxLate=5.82 comDrift=24.8 comWander=28.4 footSlide=20.9 jointErrorMax=0.146 msPerStep=0.0893 today=false clean=false
kind=A settings=[object Object] cond=100 label=Rapier substeps=1 iterations=16 pgs=2 standing=true footSpinRms=0.00269 footTiltMax=0.0835 footTiltMaxLate=0.0783 comDrift=0.000232 comWander=0.00217 footSlide=0.0222 jointErrorMax=0.00129 msPerStep=0.0859 today=true clean=true
kind=B settings=[object Object] label=Rapier substeps=1 iterations=16 pgs=2 handJitterRms=0.00034 wristJitterRms=0.000701 swingErrorMax=0.246 swingErrorRms=0.148 overshoot=0.254 ringRms=0.0779 settle=0.558 msPerStep=0.0507 deviation=0.000951 today=true clean=true
kind=A settings=[object Object] cond=1 label=Rapier substeps=2 iterations=1 pgs=1 standing=false footSpinRms=51 footTiltMax=168 footTiltMaxLate=168 comDrift=1010 comWander=1030 footSlide=1120 jointErrorMax=3.13 msPerStep=0.0442 today=false clean=false
kind=A settings=[object Object] cond=100 label=Rapier substeps=2 iterations=1 pgs=1 standing=false footSpinRms=13.1 footTiltMax=179 footTiltMaxLate=179 comDrift=2170 comWander=2170 footSlide=2250 jointErrorMax=3.09 msPerStep=0.0407 today=false clean=false
kind=B settings=[object Object] label=Rapier substeps=2 iterations=1 pgs=1 handJitterRms=0.0000719 wristJitterRms=0.0000954 swingErrorMax=0.25 swingErrorRms=0.162 overshoot=0.251 ringRms=0.0869 settle=0.542 msPerStep=0.0235 deviation=0.0304 today=true clean=false
kind=A settings=[object Object] cond=1 label=Rapier substeps=2 iterations=1 pgs=2 standing=false footSpinRms=53.9 footTiltMax=179 footTiltMaxLate=179 comDrift=2280 comWander=2280 footSlide=3220 jointErrorMax=2.59 msPerStep=0.0416 today=false clean=false
kind=A settings=[object Object] cond=100 label=Rapier substeps=2 iterations=1 pgs=2 standing=false footSpinRms=9.48 footTiltMax=175 footTiltMaxLate=175 comDrift=753 comWander=760 footSlide=1950 jointErrorMax=3.13 msPerStep=0.0434 today=false clean=false
kind=B settings=[object Object] label=Rapier substeps=2 iterations=1 pgs=2 handJitterRms=0.0000621 wristJitterRms=0.000111 swingErrorMax=0.247 swingErrorRms=0.16 overshoot=0.255 ringRms=0.087 settle=0.583 msPerStep=0.0248 deviation=0.0269 today=true clean=false
kind=A settings=[object Object] cond=1 label=Rapier substeps=2 iterations=2 pgs=1 standing=false footSpinRms=69.4 footTiltMax=179 footTiltMaxLate=179 comDrift=1070 comWander=1100 footSlide=937 jointErrorMax=3.05 msPerStep=0.0507 today=false clean=false
kind=A settings=[object Object] cond=100 label=Rapier substeps=2 iterations=2 pgs=1 standing=false footSpinRms=14.3 footTiltMax=175 footTiltMaxLate=175 comDrift=1100 comWander=1290 footSlide=840 jointErrorMax=2.19 msPerStep=0.0472 today=false clean=false
kind=B settings=[object Object] label=Rapier substeps=2 iterations=2 pgs=1 handJitterRms=0.0000943 wristJitterRms=0.000131 swingErrorMax=0.247 swingErrorRms=0.154 overshoot=0.254 ringRms=0.0807 settle=0.558 msPerStep=0.0278 deviation=0.0125 today=true clean=false
kind=A settings=[object Object] cond=1 label=Rapier substeps=2 iterations=2 pgs=2 standing=false footSpinRms=59.7 footTiltMax=175 footTiltMaxLate=175 comDrift=1080 comWander=1290 footSlide=779 jointErrorMax=2.46 msPerStep=0.052 today=false clean=false
kind=A settings=[object Object] cond=100 label=Rapier substeps=2 iterations=2 pgs=2 standing=false footSpinRms=10.5 footTiltMax=178 footTiltMaxLate=178 comDrift=1290 comWander=1660 footSlide=651 jointErrorMax=2.1 msPerStep=0.0496 today=false clean=false
kind=B settings=[object Object] label=Rapier substeps=2 iterations=2 pgs=2 handJitterRms=0.000102 wristJitterRms=0.000191 swingErrorMax=0.247 swingErrorRms=0.153 overshoot=0.255 ringRms=0.0807 settle=0.567 msPerStep=0.0292 deviation=0.0118 today=true clean=false
kind=A settings=[object Object] cond=1 label=Rapier substeps=2 iterations=4 pgs=1 standing=false footSpinRms=59 footTiltMax=173 footTiltMaxLate=173 comDrift=1530 comWander=1530 footSlide=1310 jointErrorMax=2.46 msPerStep=0.0655 today=false clean=false
kind=A settings=[object Object] cond=100 label=Rapier substeps=2 iterations=4 pgs=1 standing=false footSpinRms=11.4 footTiltMax=177 footTiltMaxLate=177 comDrift=2860 comWander=2900 footSlide=3600 jointErrorMax=2.45 msPerStep=0.0607 today=false clean=false
kind=B settings=[object Object] label=Rapier substeps=2 iterations=4 pgs=1 handJitterRms=0.000149 wristJitterRms=0.000286 swingErrorMax=0.246 swingErrorRms=0.15 overshoot=0.254 ringRms=0.0789 settle=0.558 msPerStep=0.0365 deviation=0.00437 today=true clean=true
kind=A settings=[object Object] cond=1 label=Rapier substeps=2 iterations=4 pgs=2 standing=false footSpinRms=65.9 footTiltMax=178 footTiltMaxLate=178 comDrift=1280 comWander=1290 footSlide=1100 jointErrorMax=2.04 msPerStep=0.0697 today=false clean=false
kind=A settings=[object Object] cond=100 label=Rapier substeps=2 iterations=4 pgs=2 standing=true footSpinRms=0.277 footTiltMax=0.42 footTiltMaxLate=0.42 comDrift=34.3 comWander=35.1 footSlide=36.5 jointErrorMax=0.0538 msPerStep=0.0658 today=false clean=false
kind=B settings=[object Object] label=Rapier substeps=2 iterations=4 pgs=2 handJitterRms=0.000176 wristJitterRms=0.000301 swingErrorMax=0.246 swingErrorRms=0.15 overshoot=0.255 ringRms=0.0789 settle=0.558 msPerStep=0.0394 deviation=0.00418 today=true clean=true
kind=A settings=[object Object] cond=1 label=Rapier substeps=2 iterations=8 pgs=1 standing=false footSpinRms=37.5 footTiltMax=175 footTiltMaxLate=175 comDrift=1170 comWander=1170 footSlide=926 jointErrorMax=1.87 msPerStep=0.0934 today=false clean=false
kind=A settings=[object Object] cond=100 label=Rapier substeps=2 iterations=8 pgs=1 standing=true footSpinRms=0.119 footTiltMax=0.0329 footTiltMaxLate=0.0187 comDrift=0.0946 comWander=0.124 footSlide=0.163 jointErrorMax=0.00448 msPerStep=0.0887 today=false clean=false
kind=B settings=[object Object] label=Rapier substeps=2 iterations=8 pgs=1 handJitterRms=0.000249 wristJitterRms=0.000434 swingErrorMax=0.246 swingErrorRms=0.148 overshoot=0.254 ringRms=0.0782 settle=0.558 msPerStep=0.0533 deviation=0.00104 today=true clean=true
kind=A settings=[object Object] cond=1 label=Rapier substeps=2 iterations=8 pgs=2 standing=true footSpinRms=0.584 footTiltMax=5.63 footTiltMaxLate=5.63 comDrift=33.1 comWander=33.1 footSlide=33.8 jointErrorMax=0.146 msPerStep=0.1 today=false clean=false
kind=A settings=[object Object] cond=100 label=Rapier substeps=2 iterations=8 pgs=2 standing=true footSpinRms=0.00267 footTiltMax=0.0837 footTiltMaxLate=0.0783 comDrift=0.000844 comWander=0.00218 footSlide=0.0224 jointErrorMax=0.00129 msPerStep=0.0962 today=true clean=true
kind=B settings=[object Object] label=Rapier substeps=2 iterations=8 pgs=2 handJitterRms=0.000337 wristJitterRms=0.000711 swingErrorMax=0.246 swingErrorRms=0.148 overshoot=0.254 ringRms=0.0783 settle=0.558 msPerStep=0.0578 deviation=0.000938 today=true clean=true
kind=A settings=[object Object] cond=1 label=Rapier substeps=2 iterations=16 pgs=1 standing=true footSpinRms=0.651 footTiltMax=7.85 footTiltMaxLate=7.85 comDrift=32.7 comWander=38.4 footSlide=32.5 jointErrorMax=0.145 msPerStep=0.153 today=false clean=false
kind=A settings=[object Object] cond=100 label=Rapier substeps=2 iterations=16 pgs=1 standing=true footSpinRms=0.000208 footTiltMax=0.0189 footTiltMaxLate=0.004 comDrift=0.00117 comWander=0.00134 footSlide=0.00664 jointErrorMax=0.0000577 msPerStep=0.148 today=true clean=true
kind=B settings=[object Object] label=Rapier substeps=2 iterations=16 pgs=1 handJitterRms=0.000533 wristJitterRms=0.00122 swingErrorMax=0.246 swingErrorRms=0.147 overshoot=0.254 ringRms=0.0781 settle=0.558 msPerStep=0.0875 deviation=0.00165 today=true clean=true
kind=A settings=[object Object] cond=1 label=Rapier substeps=2 iterations=16 pgs=2 standing=true footSpinRms=0.187 footTiltMax=2.96 footTiltMaxLate=1.8 comDrift=0.775 comWander=1 footSlide=1.14 jointErrorMax=0.0658 msPerStep=0.169 today=false clean=false
kind=A settings=[object Object] cond=100 label=Rapier substeps=2 iterations=16 pgs=2 standing=true footSpinRms=0.000194 footTiltMax=0.0623 footTiltMaxLate=0.0564 comDrift=0.00231 comWander=0.00373 footSlide=0.0221 jointErrorMax=0.000942 msPerStep=0.167 today=true clean=true
kind=B settings=[object Object] label=Rapier substeps=2 iterations=16 pgs=2 handJitterRms=0.000617 wristJitterRms=0.00136 swingErrorMax=0.246 swingErrorRms=0.147 overshoot=0.254 ringRms=0.078 settle=0.558 msPerStep=0.0966 deviation=0.0016 today=true clean=true
kind=A settings=[object Object] cond=1 label=Rapier substeps=4 iterations=1 pgs=1 standing=false footSpinRms=60.6 footTiltMax=173 footTiltMaxLate=173 comDrift=941 comWander=949 footSlide=989 jointErrorMax=3.12 msPerStep=0.0729 today=false clean=false
kind=A settings=[object Object] cond=100 label=Rapier substeps=4 iterations=1 pgs=1 standing=false footSpinRms=13.8 footTiltMax=178 footTiltMaxLate=178 comDrift=2000 comWander=2000 footSlide=2610 jointErrorMax=2.13 msPerStep=0.0685 today=false clean=false
kind=B settings=[object Object] label=Rapier substeps=4 iterations=1 pgs=1 handJitterRms=0.0000829 wristJitterRms=0.000141 swingErrorMax=0.247 swingErrorRms=0.154 overshoot=0.254 ringRms=0.0808 settle=0.558 msPerStep=0.0424 deviation=0.0125 today=true clean=false
kind=A settings=[object Object] cond=1 label=Rapier substeps=4 iterations=1 pgs=2 standing=false footSpinRms=38.4 footTiltMax=168 footTiltMaxLate=168 comDrift=995 comWander=1020 footSlide=1660 jointErrorMax=3.13 msPerStep=0.0753 today=false clean=false
kind=A settings=[object Object] cond=100 label=Rapier substeps=4 iterations=1 pgs=2 standing=false footSpinRms=6.03 footTiltMax=166 footTiltMaxLate=166 comDrift=1370 comWander=1380 footSlide=1170 jointErrorMax=2.08 msPerStep=0.0711 today=false clean=false
kind=B settings=[object Object] label=Rapier substeps=4 iterations=1 pgs=2 handJitterRms=0.000134 wristJitterRms=0.000263 swingErrorMax=0.247 swingErrorRms=0.153 overshoot=0.255 ringRms=0.0809 settle=0.567 msPerStep=0.0493 deviation=0.0118 today=true clean=false
kind=A settings=[object Object] cond=1 label=Rapier substeps=4 iterations=2 pgs=1 standing=false footSpinRms=62 footTiltMax=175 footTiltMaxLate=175 comDrift=1220 comWander=1230 footSlide=998 jointErrorMax=3.11 msPerStep=0.0968 today=false clean=false
kind=A settings=[object Object] cond=100 label=Rapier substeps=4 iterations=2 pgs=1 standing=false footSpinRms=15.3 footTiltMax=174 footTiltMaxLate=174 comDrift=3240 comWander=3240 footSlide=4160 jointErrorMax=2.46 msPerStep=0.0815 today=false clean=false
kind=B settings=[object Object] label=Rapier substeps=4 iterations=2 pgs=1 handJitterRms=0.000144 wristJitterRms=0.000261 swingErrorMax=0.246 swingErrorRms=0.15 overshoot=0.254 ringRms=0.0791 settle=0.558 msPerStep=0.0557 deviation=0.00436 today=true clean=true
kind=A settings=[object Object] cond=1 label=Rapier substeps=4 iterations=2 pgs=2 standing=false footSpinRms=57 footTiltMax=174 footTiltMaxLate=174 comDrift=1740 comWander=1910 footSlide=1730 jointErrorMax=2.04 msPerStep=0.0982 today=false clean=false
kind=A settings=[object Object] cond=100 label=Rapier substeps=4 iterations=2 pgs=2 standing=true footSpinRms=0.251 footTiltMax=0.444 footTiltMaxLate=0.444 comDrift=30.7 comWander=30.7 footSlide=32.7 jointErrorMax=0.0418 msPerStep=0.0877 today=false clean=false
kind=B settings=[object Object] label=Rapier substeps=4 iterations=2 pgs=2 handJitterRms=0.00019 wristJitterRms=0.000329 swingErrorMax=0.246 swingErrorRms=0.15 overshoot=0.255 ringRms=0.079 settle=0.558 msPerStep=0.0557 deviation=0.00417 today=true clean=true
kind=A settings=[object Object] cond=1 label=Rapier substeps=4 iterations=4 pgs=1 standing=false footSpinRms=30.3 footTiltMax=123 footTiltMaxLate=123 comDrift=924 comWander=925 footSlide=911 jointErrorMax=2.37 msPerStep=0.122 today=false clean=false
kind=A settings=[object Object] cond=100 label=Rapier substeps=4 iterations=4 pgs=1 standing=true footSpinRms=0.119 footTiltMax=0.0334 footTiltMaxLate=0.0186 comDrift=0.145 comWander=0.145 footSlide=0.165 jointErrorMax=0.00449 msPerStep=0.119 today=false clean=false
kind=B settings=[object Object] label=Rapier substeps=4 iterations=4 pgs=1 handJitterRms=0.000231 wristJitterRms=0.000418 swingErrorMax=0.246 swingErrorRms=0.148 overshoot=0.254 ringRms=0.0785 settle=0.558 msPerStep=0.0734 deviation=0.00104 today=true clean=true
kind=A settings=[object Object] cond=1 label=Rapier substeps=4 iterations=4 pgs=2 standing=true footSpinRms=0.691 footTiltMax=7.04 footTiltMaxLate=7.04 comDrift=41.5 comWander=41.6 footSlide=52.5 jointErrorMax=0.146 msPerStep=0.124 today=false clean=false
kind=A settings=[object Object] cond=100 label=Rapier substeps=4 iterations=4 pgs=2 standing=true footSpinRms=0.00267 footTiltMax=0.0837 footTiltMaxLate=0.0783 comDrift=0.000417 comWander=0.00211 footSlide=0.0228 jointErrorMax=0.00129 msPerStep=0.116 today=true clean=true
kind=B settings=[object Object] label=Rapier substeps=4 iterations=4 pgs=2 handJitterRms=0.000358 wristJitterRms=0.000808 swingErrorMax=0.246 swingErrorRms=0.148 overshoot=0.254 ringRms=0.0784 settle=0.558 msPerStep=0.0713 deviation=0.000981 today=true clean=true
kind=A settings=[object Object] cond=1 label=Rapier substeps=4 iterations=8 pgs=1 standing=true footSpinRms=0.683 footTiltMax=8.39 footTiltMaxLate=8.39 comDrift=19.9 comWander=22.2 footSlide=27 jointErrorMax=0.145 msPerStep=0.178 today=false clean=false
kind=A settings=[object Object] cond=100 label=Rapier substeps=4 iterations=8 pgs=1 standing=true footSpinRms=0.000208 footTiltMax=0.0189 footTiltMaxLate=0.00399 comDrift=0.000432 comWander=0.00168 footSlide=0.00671 jointErrorMax=0.0000683 msPerStep=0.17 today=true clean=true
kind=B settings=[object Object] label=Rapier substeps=4 iterations=8 pgs=1 handJitterRms=0.000516 wristJitterRms=0.00116 swingErrorMax=0.246 swingErrorRms=0.147 overshoot=0.254 ringRms=0.0782 settle=0.558 msPerStep=0.101 deviation=0.00165 today=true clean=true
kind=A settings=[object Object] cond=1 label=Rapier substeps=4 iterations=8 pgs=2 standing=true footSpinRms=0.187 footTiltMax=2.96 footTiltMaxLate=1.8 comDrift=0.754 comWander=1.01 footSlide=1.13 jointErrorMax=0.0658 msPerStep=0.191 today=false clean=false
kind=A settings=[object Object] cond=100 label=Rapier substeps=4 iterations=8 pgs=2 standing=true footSpinRms=0.000194 footTiltMax=0.062 footTiltMaxLate=0.0562 comDrift=0.00118 comWander=0.00177 footSlide=0.0204 jointErrorMax=0.000939 msPerStep=0.188 today=true clean=true
kind=B settings=[object Object] label=Rapier substeps=4 iterations=8 pgs=2 handJitterRms=0.000752 wristJitterRms=0.00173 swingErrorMax=0.246 swingErrorRms=0.147 overshoot=0.254 ringRms=0.0782 settle=0.558 msPerStep=0.111 deviation=0.00165 today=true clean=true
kind=A settings=[object Object] cond=1 label=Rapier substeps=4 iterations=16 pgs=1 standing=true footSpinRms=0.176 footTiltMax=2.47 footTiltMaxLate=1.56 comDrift=0.23 comWander=0.301 footSlide=0.904 jointErrorMax=0.0558 msPerStep=0.291 today=false clean=false
kind=A settings=[object Object] cond=100 label=Rapier substeps=4 iterations=16 pgs=1 standing=true footSpinRms=0.00025 footTiltMax=0.0394 footTiltMaxLate=0.00408 comDrift=0.00169 comWander=0.00262 footSlide=0.00453 jointErrorMax=0.000105 msPerStep=0.289 today=true clean=true
kind=B settings=[object Object] label=Rapier substeps=4 iterations=16 pgs=1 handJitterRms=0.000727 wristJitterRms=0.00148 swingErrorMax=0.246 swingErrorRms=0.147 overshoot=0.254 ringRms=0.0781 settle=0.558 msPerStep=0.167 deviation=0.00258 today=true clean=true
kind=A settings=[object Object] cond=1 label=Rapier substeps=4 iterations=16 pgs=2 standing=true footSpinRms=0.175 footTiltMax=2.03 footTiltMaxLate=1.32 comDrift=0.406 comWander=0.406 footSlide=0.524 jointErrorMax=0.0515 msPerStep=0.327 today=false clean=false
kind=A settings=[object Object] cond=100 label=Rapier substeps=4 iterations=16 pgs=2 standing=true footSpinRms=0.000225 footTiltMax=0.0658 footTiltMaxLate=0.0404 comDrift=0.00177 comWander=0.00206 footSlide=0.0149 jointErrorMax=0.000674 msPerStep=0.322 today=true clean=true
kind=B settings=[object Object] label=Rapier substeps=4 iterations=16 pgs=2 handJitterRms=0.00135 wristJitterRms=0.00309 swingErrorMax=0.246 swingErrorRms=0.147 overshoot=0.254 ringRms=0.078 settle=0.558 msPerStep=0.186 deviation=0.00262 today=true clean=true
kind=A settings=[object Object] cond=1 label=Rapier substeps=8 iterations=1 pgs=1 standing=false footSpinRms=39.2 footTiltMax=159 footTiltMaxLate=159 comDrift=1020 comWander=1020 footSlide=1150 jointErrorMax=3.14 msPerStep=0.136 today=false clean=false
kind=A settings=[object Object] cond=100 label=Rapier substeps=8 iterations=1 pgs=1 standing=false footSpinRms=6.13 footTiltMax=175 footTiltMaxLate=175 comDrift=1820 comWander=1930 footSlide=1860 jointErrorMax=2.21 msPerStep=0.121 today=false clean=false
kind=B settings=[object Object] label=Rapier substeps=8 iterations=1 pgs=1 handJitterRms=0.000138 wristJitterRms=0.000218 swingErrorMax=0.246 swingErrorRms=0.15 overshoot=0.254 ringRms=0.0791 settle=0.558 msPerStep=0.0778 deviation=0.00436 today=true clean=true
kind=A settings=[object Object] cond=1 label=Rapier substeps=8 iterations=1 pgs=2 standing=false footSpinRms=42.7 footTiltMax=178 footTiltMaxLate=178 comDrift=1530 comWander=1630 footSlide=1600 jointErrorMax=2.46 msPerStep=0.129 today=false clean=false
kind=A settings=[object Object] cond=100 label=Rapier substeps=8 iterations=1 pgs=2 standing=true footSpinRms=0.263 footTiltMax=0.423 footTiltMaxLate=0.423 comDrift=28.1 comWander=28.1 footSlide=28.9 jointErrorMax=0.0433 msPerStep=0.131 today=false clean=false
kind=B settings=[object Object] label=Rapier substeps=8 iterations=1 pgs=2 handJitterRms=0.000195 wristJitterRms=0.000427 swingErrorMax=0.246 swingErrorRms=0.15 overshoot=0.254 ringRms=0.0791 settle=0.558 msPerStep=0.0794 deviation=0.00416 today=true clean=true
kind=A settings=[object Object] cond=1 label=Rapier substeps=8 iterations=2 pgs=1 standing=false footSpinRms=40.8 footTiltMax=176 footTiltMaxLate=176 comDrift=1110 comWander=1600 footSlide=559 jointErrorMax=2.47 msPerStep=0.149 today=false clean=false
kind=A settings=[object Object] cond=100 label=Rapier substeps=8 iterations=2 pgs=1 standing=true footSpinRms=0.119 footTiltMax=0.0331 footTiltMaxLate=0.0186 comDrift=0.0965 comWander=0.125 footSlide=0.162 jointErrorMax=0.0045 msPerStep=0.148 today=false clean=false
kind=B settings=[object Object] label=Rapier substeps=8 iterations=2 pgs=1 handJitterRms=0.000242 wristJitterRms=0.000492 swingErrorMax=0.246 swingErrorRms=0.148 overshoot=0.254 ringRms=0.0785 settle=0.558 msPerStep=0.0937 deviation=0.00107 today=true clean=true
kind=A settings=[object Object] cond=1 label=Rapier substeps=8 iterations=2 pgs=2 standing=true footSpinRms=0.866 footTiltMax=6.27 footTiltMaxLate=5.97 comDrift=41.8 comWander=41.8 footSlide=32.1 jointErrorMax=0.146 msPerStep=0.174 today=false clean=false
kind=A settings=[object Object] cond=100 label=Rapier substeps=8 iterations=2 pgs=2 standing=true footSpinRms=0.0027 footTiltMax=0.0833 footTiltMaxLate=0.0783 comDrift=0.00192 comWander=0.00331 footSlide=0.0225 jointErrorMax=0.00129 msPerStep=0.166 today=true clean=true
kind=B settings=[object Object] label=Rapier substeps=8 iterations=2 pgs=2 handJitterRms=0.000321 wristJitterRms=0.000681 swingErrorMax=0.246 swingErrorRms=0.148 overshoot=0.254 ringRms=0.0785 settle=0.558 msPerStep=0.108 deviation=0.000964 today=true clean=true
kind=A settings=[object Object] cond=1 label=Rapier substeps=8 iterations=4 pgs=1 standing=true footSpinRms=0.691 footTiltMax=9.09 footTiltMaxLate=9.09 comDrift=26.1 comWander=29.9 footSlide=28.5 jointErrorMax=0.145 msPerStep=0.225 today=false clean=false
kind=A settings=[object Object] cond=100 label=Rapier substeps=8 iterations=4 pgs=1 standing=true footSpinRms=0.000201 footTiltMax=0.0189 footTiltMaxLate=0.00399 comDrift=0.00105 comWander=0.00119 footSlide=0.00602 jointErrorMax=0.0000567 msPerStep=0.215 today=true clean=true
kind=B settings=[object Object] label=Rapier substeps=8 iterations=4 pgs=1 handJitterRms=0.000534 wristJitterRms=0.00116 swingErrorMax=0.246 swingErrorRms=0.147 overshoot=0.254 ringRms=0.0783 settle=0.558 msPerStep=0.132 deviation=0.00163 today=true clean=true
kind=A settings=[object Object] cond=1 label=Rapier substeps=8 iterations=4 pgs=2 standing=true footSpinRms=0.186 footTiltMax=2.96 footTiltMaxLate=1.8 comDrift=0.736 comWander=0.997 footSlide=1.15 jointErrorMax=0.0658 msPerStep=0.233 today=false clean=false
kind=A settings=[object Object] cond=100 label=Rapier substeps=8 iterations=4 pgs=2 standing=true footSpinRms=0.000132 footTiltMax=0.0623 footTiltMaxLate=0.0561 comDrift=0.00175 comWander=0.0021 footSlide=0.0215 jointErrorMax=0.000937 msPerStep=0.231 today=true clean=true
kind=B settings=[object Object] label=Rapier substeps=8 iterations=4 pgs=2 handJitterRms=0.000602 wristJitterRms=0.00125 swingErrorMax=0.246 swingErrorRms=0.147 overshoot=0.254 ringRms=0.0783 settle=0.558 msPerStep=0.14 deviation=0.00162 today=true clean=true
kind=A settings=[object Object] cond=1 label=Rapier substeps=8 iterations=8 pgs=1 standing=true footSpinRms=0.176 footTiltMax=2.47 footTiltMaxLate=1.56 comDrift=0.221 comWander=0.295 footSlide=0.928 jointErrorMax=0.0558 msPerStep=0.337 today=false clean=false
kind=A settings=[object Object] cond=100 label=Rapier substeps=8 iterations=8 pgs=1 standing=true footSpinRms=0.000226 footTiltMax=0.0393 footTiltMaxLate=0.00406 comDrift=0.00354 comWander=0.00416 footSlide=0.00465 jointErrorMax=0.000126 msPerStep=0.331 today=true clean=true
kind=B settings=[object Object] label=Rapier substeps=8 iterations=8 pgs=1 handJitterRms=0.000841 wristJitterRms=0.00162 swingErrorMax=0.246 swingErrorRms=0.147 overshoot=0.254 ringRms=0.0781 settle=0.558 msPerStep=0.195 deviation=0.0026 today=true clean=true
kind=A settings=[object Object] cond=1 label=Rapier substeps=8 iterations=8 pgs=2 standing=true footSpinRms=0.175 footTiltMax=2.01 footTiltMaxLate=1.32 comDrift=0.379 comWander=0.379 footSlide=0.605 jointErrorMax=0.0515 msPerStep=0.371 today=false clean=false
kind=A settings=[object Object] cond=100 label=Rapier substeps=8 iterations=8 pgs=2 standing=true footSpinRms=0.000221 footTiltMax=0.0657 footTiltMaxLate=0.0405 comDrift=0.000886 comWander=0.000897 footSlide=0.0157 jointErrorMax=0.000681 msPerStep=0.361 today=true clean=true
kind=B settings=[object Object] label=Rapier substeps=8 iterations=8 pgs=2 handJitterRms=0.0015 wristJitterRms=0.00346 swingErrorMax=0.246 swingErrorRms=0.147 overshoot=0.254 ringRms=0.0781 settle=0.558 msPerStep=0.214 deviation=0.0026 today=true clean=true
kind=A settings=[object Object] cond=1 label=Rapier substeps=8 iterations=16 pgs=1 standing=true footSpinRms=0.15 footTiltMax=1.26 footTiltMaxLate=0.995 comDrift=0.161 comWander=0.175 footSlide=0.769 jointErrorMax=0.0345 msPerStep=0.567 today=false clean=false
kind=A settings=[object Object] cond=100 label=Rapier substeps=8 iterations=16 pgs=1 standing=true footSpinRms=0.000267 footTiltMax=0.0693 footTiltMaxLate=0.00468 comDrift=0.00318 comWander=0.00319 footSlide=0.00923 jointErrorMax=0.000221 msPerStep=0.571 today=true clean=true
kind=B settings=[object Object] label=Rapier substeps=8 iterations=16 pgs=1 handJitterRms=0.00187 wristJitterRms=0.00403 swingErrorMax=0.246 swingErrorRms=0.147 overshoot=0.254 ringRms=0.0781 settle=0.558 msPerStep=0.328 deviation=0.003 today=true clean=true
kind=A settings=[object Object] cond=1 label=Rapier substeps=8 iterations=16 pgs=2 standing=true footSpinRms=0.146 footTiltMax=1.27 footTiltMaxLate=0.924 comDrift=0.646 comWander=0.646 footSlide=0.224 jointErrorMax=0.0309 msPerStep=0.636 today=false clean=false
kind=A settings=[object Object] cond=100 label=Rapier substeps=8 iterations=16 pgs=2 standing=true footSpinRms=0.000343 footTiltMax=0.0877 footTiltMaxLate=0.0263 comDrift=0.00568 comWander=0.00581 footSlide=0.00911 jointErrorMax=0.000438 msPerStep=0.635 today=true clean=true
kind=B settings=[object Object] label=Rapier substeps=8 iterations=16 pgs=2 handJitterRms=0.00234 wristJitterRms=0.00541 swingErrorMax=0.246 swingErrorRms=0.147 overshoot=0.254 ringRms=0.0781 settle=0.558 msPerStep=0.363 deviation=0.00314 today=true clean=true
kind=A settings=[object Object] cond=1 label=Rapier substeps=16 iterations=1 pgs=1 standing=true footSpinRms=0.836 footTiltMax=6.37 footTiltMaxLate=6.37 comDrift=53.6 comWander=55.8 footSlide=56.9 jointErrorMax=0.146 msPerStep=0.245 today=false clean=false
kind=A settings=[object Object] cond=100 label=Rapier substeps=16 iterations=1 pgs=1 standing=true footSpinRms=0.119 footTiltMax=0.0334 footTiltMaxLate=0.0186 comDrift=0.0984 comWander=0.109 footSlide=0.164 jointErrorMax=0.00449 msPerStep=0.222 today=false clean=false
kind=B settings=[object Object] label=Rapier substeps=16 iterations=1 pgs=1 handJitterRms=0.000268 wristJitterRms=0.000465 swingErrorMax=0.246 swingErrorRms=0.148 overshoot=0.254 ringRms=0.0785 settle=0.558 msPerStep=0.143 deviation=0.00103 today=true clean=true
kind=A settings=[object Object] cond=1 label=Rapier substeps=16 iterations=1 pgs=2 standing=true footSpinRms=0.556 footTiltMax=5.28 footTiltMaxLate=5.24 comDrift=14.3 comWander=20.7 footSlide=21.7 jointErrorMax=0.146 msPerStep=0.235 today=false clean=false
kind=A settings=[object Object] cond=100 label=Rapier substeps=16 iterations=1 pgs=2 standing=true footSpinRms=0.00272 footTiltMax=0.0834 footTiltMaxLate=0.0785 comDrift=0.00109 comWander=0.00343 footSlide=0.0226 jointErrorMax=0.00129 msPerStep=0.225 today=true clean=true
kind=B settings=[object Object] label=Rapier substeps=16 iterations=1 pgs=2 handJitterRms=0.000326 wristJitterRms=0.000742 swingErrorMax=0.246 swingErrorRms=0.148 overshoot=0.254 ringRms=0.0786 settle=0.558 msPerStep=0.147 deviation=0.00097 today=true clean=true
kind=A settings=[object Object] cond=1 label=Rapier substeps=16 iterations=2 pgs=1 standing=true footSpinRms=0.754 footTiltMax=8.46 footTiltMaxLate=8.46 comDrift=19 comWander=21.6 footSlide=27.6 jointErrorMax=0.145 msPerStep=0.287 today=false clean=false
kind=A settings=[object Object] cond=100 label=Rapier substeps=16 iterations=2 pgs=1 standing=true footSpinRms=0.000186 footTiltMax=0.019 footTiltMaxLate=0.00398 comDrift=0.000603 comWander=0.000621 footSlide=0.00579 jointErrorMax=0.0000548 msPerStep=0.276 today=true clean=true
kind=B settings=[object Object] label=Rapier substeps=16 iterations=2 pgs=1 handJitterRms=0.000588 wristJitterRms=0.00133 swingErrorMax=0.246 swingErrorRms=0.147 overshoot=0.254 ringRms=0.0784 settle=0.558 msPerStep=0.175 deviation=0.00164 today=true clean=true
kind=A settings=[object Object] cond=1 label=Rapier substeps=16 iterations=2 pgs=2 standing=true footSpinRms=0.186 footTiltMax=2.96 footTiltMaxLate=1.8 comDrift=0.73 comWander=0.996 footSlide=1.15 jointErrorMax=0.0658 msPerStep=0.305 today=false clean=false
kind=A settings=[object Object] cond=100 label=Rapier substeps=16 iterations=2 pgs=2 standing=true footSpinRms=0.000164 footTiltMax=0.0619 footTiltMaxLate=0.0562 comDrift=0.000844 comWander=0.00135 footSlide=0.021 jointErrorMax=0.000937 msPerStep=0.299 today=true clean=true
kind=B settings=[object Object] label=Rapier substeps=16 iterations=2 pgs=2 handJitterRms=0.000663 wristJitterRms=0.00149 swingErrorMax=0.246 swingErrorRms=0.147 overshoot=0.254 ringRms=0.0783 settle=0.558 msPerStep=0.186 deviation=0.00166 today=true clean=true
kind=A settings=[object Object] cond=1 label=Rapier substeps=16 iterations=4 pgs=1 standing=true footSpinRms=0.176 footTiltMax=2.47 footTiltMaxLate=1.56 comDrift=0.228 comWander=0.298 footSlide=0.93 jointErrorMax=0.0558 msPerStep=0.407 today=false clean=false
kind=A settings=[object Object] cond=100 label=Rapier substeps=16 iterations=4 pgs=1 standing=true footSpinRms=0.000308 footTiltMax=0.0395 footTiltMaxLate=0.00407 comDrift=0.00392 comWander=0.00472 footSlide=0.00538 jointErrorMax=0.000123 msPerStep=0.41 today=true clean=true
kind=B settings=[object Object] label=Rapier substeps=16 iterations=4 pgs=1 handJitterRms=0.000638 wristJitterRms=0.00126 swingErrorMax=0.246 swingErrorRms=0.147 overshoot=0.254 ringRms=0.0782 settle=0.558 msPerStep=0.248 deviation=0.00258 today=true clean=true
kind=A settings=[object Object] cond=1 label=Rapier substeps=16 iterations=4 pgs=2 standing=true footSpinRms=0.175 footTiltMax=2.03 footTiltMaxLate=1.32 comDrift=0.393 comWander=0.393 footSlide=0.591 jointErrorMax=0.0515 msPerStep=0.444 today=false clean=false
kind=A settings=[object Object] cond=100 label=Rapier substeps=16 iterations=4 pgs=2 standing=true footSpinRms=0.000222 footTiltMax=0.0656 footTiltMaxLate=0.0405 comDrift=0.00273 comWander=0.00286 footSlide=0.0147 jointErrorMax=0.000677 msPerStep=0.433 today=true clean=true
kind=B settings=[object Object] label=Rapier substeps=16 iterations=4 pgs=2 handJitterRms=0.00136 wristJitterRms=0.00316 swingErrorMax=0.246 swingErrorRms=0.147 overshoot=0.254 ringRms=0.0782 settle=0.558 msPerStep=0.266 deviation=0.00262 today=true clean=true
kind=A settings=[object Object] cond=1 label=Rapier substeps=16 iterations=8 pgs=1 standing=true footSpinRms=0.15 footTiltMax=1.25 footTiltMaxLate=0.997 comDrift=0.174 comWander=0.187 footSlide=0.764 jointErrorMax=0.0345 msPerStep=0.653 today=false clean=false
kind=A settings=[object Object] cond=100 label=Rapier substeps=16 iterations=8 pgs=1 standing=true footSpinRms=0.000256 footTiltMax=0.0697 footTiltMaxLate=0.0047 comDrift=0.00325 comWander=0.00325 footSlide=0.0115 jointErrorMax=0.000234 msPerStep=0.648 today=true clean=true
kind=B settings=[object Object] label=Rapier substeps=16 iterations=8 pgs=1 handJitterRms=0.00185 wristJitterRms=0.00399 swingErrorMax=0.246 swingErrorRms=0.147 overshoot=0.254 ringRms=0.0783 settle=0.558 msPerStep=0.386 deviation=0.00302 today=true clean=true
kind=A settings=[object Object] cond=1 label=Rapier substeps=16 iterations=8 pgs=2 standing=true footSpinRms=0.146 footTiltMax=1.29 footTiltMaxLate=0.927 comDrift=0.639 comWander=0.639 footSlide=0.224 jointErrorMax=0.0309 msPerStep=0.73 today=false clean=false
kind=A settings=[object Object] cond=100 label=Rapier substeps=16 iterations=8 pgs=2 standing=true footSpinRms=0.000327 footTiltMax=0.0876 footTiltMaxLate=0.0264 comDrift=0.0064 comWander=0.0068 footSlide=0.011 jointErrorMax=0.000443 msPerStep=0.718 today=true clean=true
kind=B settings=[object Object] label=Rapier substeps=16 iterations=8 pgs=2 handJitterRms=0.0024 wristJitterRms=0.00563 swingErrorMax=0.246 swingErrorRms=0.147 overshoot=0.254 ringRms=0.0785 settle=0.558 msPerStep=0.446 deviation=0.00312 today=true clean=true
kind=A settings=[object Object] cond=1 label=Rapier substeps=16 iterations=16 pgs=1 standing=true footSpinRms=0.115 footTiltMax=1.86 footTiltMaxLate=0.58 comDrift=0.453 comWander=0.453 footSlide=0.588 jointErrorMax=0.0111 msPerStep=1.15 today=false clean=false
kind=A settings=[object Object] cond=100 label=Rapier substeps=16 iterations=16 pgs=1 standing=true footSpinRms=0.000253 footTiltMax=0.103 footTiltMaxLate=0.00616 comDrift=0.0171 comWander=0.0175 footSlide=0.0163 jointErrorMax=0.000124 msPerStep=1.12 today=true clean=true
kind=B settings=[object Object] label=Rapier substeps=16 iterations=16 pgs=1 handJitterRms=0.00246 wristJitterRms=0.00519 swingErrorMax=0.246 swingErrorRms=0.146 overshoot=0.254 ringRms=0.078 settle=0.55 msPerStep=0.65 deviation=0.00331 today=true clean=true
kind=A settings=[object Object] cond=1 label=Rapier substeps=16 iterations=16 pgs=2 standing=true footSpinRms=0.121 footTiltMax=0.933 footTiltMaxLate=0.506 comDrift=0.169 comWander=0.185 footSlide=0.723 jointErrorMax=0.00927 msPerStep=1.26 today=false clean=false
kind=A settings=[object Object] cond=100 label=Rapier substeps=16 iterations=16 pgs=2 standing=true footSpinRms=0.000489 footTiltMax=0.116 footTiltMaxLate=0.0209 comDrift=0.0622 comWander=0.0623 footSlide=0.0555 jointErrorMax=0.000402 msPerStep=1.26 today=true clean=true
kind=B settings=[object Object] label=Rapier substeps=16 iterations=16 pgs=2 handJitterRms=0.00335 wristJitterRms=0.00739 swingErrorMax=0.246 swingErrorRms=0.146 overshoot=0.254 ringRms=0.078 settle=0.55 msPerStep=0.726 deviation=0.00341 today=true clean=true
kind=A settings=[object Object] cond=1 label=Rapier substeps=1 iterations=4 contactHz=60 standing=false footSpinRms=54.8 footTiltMax=179 footTiltMaxLate=179 comDrift=1490 comWander=1500 footSlide=1240 jointErrorMax=3.12 msPerStep=0.0385 today=false clean=false
kind=A settings=[object Object] cond=100 label=Rapier substeps=1 iterations=4 contactHz=60 standing=false footSpinRms=11.1 footTiltMax=176 footTiltMaxLate=176 comDrift=1370 comWander=1530 footSlide=806 jointErrorMax=2.12 msPerStep=0.037 today=false clean=false
kind=B settings=[object Object] label=Rapier substeps=1 iterations=4 contactHz=60 handJitterRms=0.0000963 wristJitterRms=0.000155 swingErrorMax=0.247 swingErrorRms=0.154 overshoot=0.254 ringRms=0.0804 settle=0.558 msPerStep=0.0221 deviation=0.0125 today=true clean=false
kind=A settings=[object Object] cond=1 label=Rapier substeps=1 iterations=4 contactHz=120 standing=false footSpinRms=54.8 footTiltMax=179 footTiltMaxLate=179 comDrift=1490 comWander=1500 footSlide=1240 jointErrorMax=3.12 msPerStep=0.0365 today=false clean=false
kind=A settings=[object Object] cond=100 label=Rapier substeps=1 iterations=4 contactHz=120 standing=false footSpinRms=11.1 footTiltMax=176 footTiltMaxLate=176 comDrift=1370 comWander=1530 footSlide=806 jointErrorMax=2.12 msPerStep=0.0352 today=false clean=false
kind=B settings=[object Object] label=Rapier substeps=1 iterations=4 contactHz=120 handJitterRms=0.0000963 wristJitterRms=0.000155 swingErrorMax=0.247 swingErrorRms=0.154 overshoot=0.254 ringRms=0.0804 settle=0.558 msPerStep=0.0214 deviation=0.0125 today=true clean=false
kind=A settings=[object Object] cond=1 label=Rapier substeps=1 iterations=4 contactHz=240 standing=false footSpinRms=54.8 footTiltMax=179 footTiltMaxLate=179 comDrift=1490 comWander=1500 footSlide=1240 jointErrorMax=3.12 msPerStep=0.0368 today=false clean=false
kind=A settings=[object Object] cond=100 label=Rapier substeps=1 iterations=4 contactHz=240 standing=false footSpinRms=11.1 footTiltMax=176 footTiltMaxLate=176 comDrift=1370 comWander=1530 footSlide=806 jointErrorMax=2.12 msPerStep=0.0409 today=false clean=false
kind=B settings=[object Object] label=Rapier substeps=1 iterations=4 contactHz=240 handJitterRms=0.0000963 wristJitterRms=0.000155 swingErrorMax=0.247 swingErrorRms=0.154 overshoot=0.254 ringRms=0.0804 settle=0.558 msPerStep=0.0228 deviation=0.0125 today=true clean=false
kind=A settings=[object Object] cond=1 label=Rapier substeps=1 iterations=8 contactHz=60 standing=false footSpinRms=54.2 footTiltMax=178 footTiltMaxLate=178 comDrift=1210 comWander=1220 footSlide=977 jointErrorMax=1.95 msPerStep=0.0559 today=false clean=false
kind=A settings=[object Object] cond=100 label=Rapier substeps=1 iterations=8 contactHz=60 standing=false footSpinRms=5.89 footTiltMax=171 footTiltMaxLate=171 comDrift=1980 comWander=2030 footSlide=2420 jointErrorMax=2.32 msPerStep=0.0505 today=false clean=false
kind=B settings=[object Object] label=Rapier substeps=1 iterations=8 contactHz=60 handJitterRms=0.000162 wristJitterRms=0.000321 swingErrorMax=0.247 swingErrorRms=0.15 overshoot=0.254 ringRms=0.0785 settle=0.558 msPerStep=0.0344 deviation=0.00438 today=true clean=true
kind=A settings=[object Object] cond=1 label=Rapier substeps=1 iterations=8 contactHz=120 standing=false footSpinRms=54.2 footTiltMax=178 footTiltMaxLate=178 comDrift=1210 comWander=1220 footSlide=977 jointErrorMax=1.95 msPerStep=0.0531 today=false clean=false
kind=A settings=[object Object] cond=100 label=Rapier substeps=1 iterations=8 contactHz=120 standing=false footSpinRms=5.89 footTiltMax=171 footTiltMaxLate=171 comDrift=1980 comWander=2030 footSlide=2420 jointErrorMax=2.32 msPerStep=0.0498 today=false clean=false
kind=B settings=[object Object] label=Rapier substeps=1 iterations=8 contactHz=120 handJitterRms=0.000162 wristJitterRms=0.000321 swingErrorMax=0.247 swingErrorRms=0.15 overshoot=0.254 ringRms=0.0785 settle=0.558 msPerStep=0.0283 deviation=0.00438 today=true clean=true
kind=A settings=[object Object] cond=1 label=Rapier substeps=1 iterations=8 contactHz=240 standing=false footSpinRms=52 footTiltMax=177 footTiltMaxLate=177 comDrift=1300 comWander=1300 footSlide=1060 jointErrorMax=2.25 msPerStep=0.0507 today=false clean=false
kind=A settings=[object Object] cond=100 label=Rapier substeps=1 iterations=8 contactHz=240 standing=false footSpinRms=12.8 footTiltMax=175 footTiltMaxLate=175 comDrift=2980 comWander=2980 footSlide=3380 jointErrorMax=2.46 msPerStep=0.0461 today=false clean=false
kind=B settings=[object Object] label=Rapier substeps=1 iterations=8 contactHz=240 handJitterRms=0.000162 wristJitterRms=0.000321 swingErrorMax=0.247 swingErrorRms=0.15 overshoot=0.254 ringRms=0.0785 settle=0.558 msPerStep=0.0286 deviation=0.00438 today=true clean=true
kind=A settings=[object Object] cond=1 label=Rapier substeps=2 iterations=4 contactHz=60 standing=false footSpinRms=59 footTiltMax=173 footTiltMaxLate=173 comDrift=1530 comWander=1530 footSlide=1310 jointErrorMax=2.46 msPerStep=0.065 today=false clean=false
kind=A settings=[object Object] cond=100 label=Rapier substeps=2 iterations=4 contactHz=60 standing=false footSpinRms=11.4 footTiltMax=177 footTiltMaxLate=177 comDrift=2860 comWander=2900 footSlide=3600 jointErrorMax=2.45 msPerStep=0.0584 today=false clean=false
kind=B settings=[object Object] label=Rapier substeps=2 iterations=4 contactHz=60 handJitterRms=0.000149 wristJitterRms=0.000286 swingErrorMax=0.246 swingErrorRms=0.15 overshoot=0.254 ringRms=0.0789 settle=0.558 msPerStep=0.0368 deviation=0.00437 today=true clean=true
kind=A settings=[object Object] cond=1 label=Rapier substeps=2 iterations=4 contactHz=120 standing=false footSpinRms=59 footTiltMax=173 footTiltMaxLate=173 comDrift=1530 comWander=1530 footSlide=1310 jointErrorMax=2.46 msPerStep=0.0656 today=false clean=false
kind=A settings=[object Object] cond=100 label=Rapier substeps=2 iterations=4 contactHz=120 standing=false footSpinRms=11.4 footTiltMax=177 footTiltMaxLate=177 comDrift=2860 comWander=2900 footSlide=3600 jointErrorMax=2.45 msPerStep=0.0596 today=false clean=false
kind=B settings=[object Object] label=Rapier substeps=2 iterations=4 contactHz=120 handJitterRms=0.000149 wristJitterRms=0.000286 swingErrorMax=0.246 swingErrorRms=0.15 overshoot=0.254 ringRms=0.0789 settle=0.558 msPerStep=0.0361 deviation=0.00437 today=true clean=true
kind=A settings=[object Object] cond=1 label=Rapier substeps=2 iterations=4 contactHz=240 standing=false footSpinRms=29.6 footTiltMax=175 footTiltMaxLate=175 comDrift=1070 comWander=1100 footSlide=843 jointErrorMax=3.12 msPerStep=0.0627 today=false clean=false
kind=A settings=[object Object] cond=100 label=Rapier substeps=2 iterations=4 contactHz=240 standing=false footSpinRms=9.44 footTiltMax=178 footTiltMaxLate=178 comDrift=334 comWander=1280 footSlide=258 jointErrorMax=2.46 msPerStep=0.0609 today=false clean=false
kind=B settings=[object Object] label=Rapier substeps=2 iterations=4 contactHz=240 handJitterRms=0.000149 wristJitterRms=0.000286 swingErrorMax=0.246 swingErrorRms=0.15 overshoot=0.254 ringRms=0.0789 settle=0.558 msPerStep=0.0359 deviation=0.00437 today=true clean=true
kind=A settings=[object Object] cond=1 label=Rapier substeps=2 iterations=8 contactHz=60 standing=false footSpinRms=37.5 footTiltMax=175 footTiltMaxLate=175 comDrift=1170 comWander=1170 footSlide=926 jointErrorMax=1.87 msPerStep=0.0952 today=false clean=false
kind=A settings=[object Object] cond=100 label=Rapier substeps=2 iterations=8 contactHz=60 standing=true footSpinRms=0.119 footTiltMax=0.0329 footTiltMaxLate=0.0187 comDrift=0.0946 comWander=0.124 footSlide=0.163 jointErrorMax=0.00448 msPerStep=0.0899 today=false clean=false
kind=B settings=[object Object] label=Rapier substeps=2 iterations=8 contactHz=60 handJitterRms=0.000249 wristJitterRms=0.000434 swingErrorMax=0.246 swingErrorRms=0.148 overshoot=0.254 ringRms=0.0782 settle=0.558 msPerStep=0.0539 deviation=0.00104 today=true clean=true
kind=A settings=[object Object] cond=1 label=Rapier substeps=2 iterations=8 contactHz=120 standing=false footSpinRms=37.5 footTiltMax=175 footTiltMaxLate=175 comDrift=1170 comWander=1170 footSlide=926 jointErrorMax=1.87 msPerStep=0.0985 today=false clean=false
kind=A settings=[object Object] cond=100 label=Rapier substeps=2 iterations=8 contactHz=120 standing=true footSpinRms=0.119 footTiltMax=0.0329 footTiltMaxLate=0.0187 comDrift=0.0946 comWander=0.124 footSlide=0.163 jointErrorMax=0.00448 msPerStep=0.0914 today=false clean=false
kind=B settings=[object Object] label=Rapier substeps=2 iterations=8 contactHz=120 handJitterRms=0.000249 wristJitterRms=0.000434 swingErrorMax=0.246 swingErrorRms=0.148 overshoot=0.254 ringRms=0.0782 settle=0.558 msPerStep=0.0586 deviation=0.00104 today=true clean=true
kind=A settings=[object Object] cond=1 label=Rapier substeps=2 iterations=8 contactHz=240 standing=false footSpinRms=51.7 footTiltMax=178 footTiltMaxLate=178 comDrift=1310 comWander=1320 footSlide=1110 jointErrorMax=2.1 msPerStep=0.0936 today=false clean=false
kind=A settings=[object Object] cond=100 label=Rapier substeps=2 iterations=8 contactHz=240 standing=true footSpinRms=0.119 footTiltMax=0.0335 footTiltMaxLate=0.0186 comDrift=0.105 comWander=0.105 footSlide=0.164 jointErrorMax=0.00449 msPerStep=0.0883 today=false clean=false
kind=B settings=[object Object] label=Rapier substeps=2 iterations=8 contactHz=240 handJitterRms=0.000249 wristJitterRms=0.000434 swingErrorMax=0.246 swingErrorRms=0.148 overshoot=0.254 ringRms=0.0782 settle=0.558 msPerStep=0.055 deviation=0.00104 today=true clean=true
kind=A settings=[object Object] cond=1 label=Rapier substeps=4 iterations=4 contactHz=60 standing=false footSpinRms=30.3 footTiltMax=123 footTiltMaxLate=123 comDrift=924 comWander=925 footSlide=911 jointErrorMax=2.37 msPerStep=0.112 today=false clean=false
kind=A settings=[object Object] cond=100 label=Rapier substeps=4 iterations=4 contactHz=60 standing=true footSpinRms=0.119 footTiltMax=0.0334 footTiltMaxLate=0.0186 comDrift=0.145 comWander=0.145 footSlide=0.165 jointErrorMax=0.00449 msPerStep=0.112 today=false clean=false
kind=B settings=[object Object] label=Rapier substeps=4 iterations=4 contactHz=60 handJitterRms=0.000231 wristJitterRms=0.000418 swingErrorMax=0.246 swingErrorRms=0.148 overshoot=0.254 ringRms=0.0785 settle=0.558 msPerStep=0.0669 deviation=0.00104 today=true clean=true
kind=A settings=[object Object] cond=1 label=Rapier substeps=4 iterations=4 contactHz=120 standing=false footSpinRms=30.3 footTiltMax=123 footTiltMaxLate=123 comDrift=924 comWander=925 footSlide=911 jointErrorMax=2.37 msPerStep=0.112 today=false clean=false
kind=A settings=[object Object] cond=100 label=Rapier substeps=4 iterations=4 contactHz=120 standing=true footSpinRms=0.119 footTiltMax=0.0334 footTiltMaxLate=0.0186 comDrift=0.145 comWander=0.145 footSlide=0.165 jointErrorMax=0.00449 msPerStep=0.105 today=false clean=false
kind=B settings=[object Object] label=Rapier substeps=4 iterations=4 contactHz=120 handJitterRms=0.000231 wristJitterRms=0.000418 swingErrorMax=0.246 swingErrorRms=0.148 overshoot=0.254 ringRms=0.0785 settle=0.558 msPerStep=0.0667 deviation=0.00104 today=true clean=true
kind=A settings=[object Object] cond=1 label=Rapier substeps=4 iterations=4 contactHz=240 standing=true footSpinRms=0.785 footTiltMax=5.5 footTiltMaxLate=5.5 comDrift=14 comWander=22.4 footSlide=19.5 jointErrorMax=0.146 msPerStep=0.11 today=false clean=false
kind=A settings=[object Object] cond=100 label=Rapier substeps=4 iterations=4 contactHz=240 standing=true footSpinRms=0.119 footTiltMax=0.0332 footTiltMaxLate=0.0186 comDrift=0.145 comWander=0.145 footSlide=0.166 jointErrorMax=0.00448 msPerStep=0.11 today=false clean=false
kind=B settings=[object Object] label=Rapier substeps=4 iterations=4 contactHz=240 handJitterRms=0.000231 wristJitterRms=0.000418 swingErrorMax=0.246 swingErrorRms=0.148 overshoot=0.254 ringRms=0.0785 settle=0.558 msPerStep=0.0708 deviation=0.00104 today=true clean=true
kind=A settings=[object Object] cond=1 label=Rapier substeps=4 iterations=8 contactHz=60 standing=true footSpinRms=0.683 footTiltMax=8.39 footTiltMaxLate=8.39 comDrift=19.9 comWander=22.2 footSlide=27 jointErrorMax=0.145 msPerStep=0.171 today=false clean=false
kind=A settings=[object Object] cond=100 label=Rapier substeps=4 iterations=8 contactHz=60 standing=true footSpinRms=0.000208 footTiltMax=0.0189 footTiltMaxLate=0.00399 comDrift=0.000432 comWander=0.00168 footSlide=0.00671 jointErrorMax=0.0000683 msPerStep=0.163 today=true clean=true
kind=B settings=[object Object] label=Rapier substeps=4 iterations=8 contactHz=60 handJitterRms=0.000516 wristJitterRms=0.00116 swingErrorMax=0.246 swingErrorRms=0.147 overshoot=0.254 ringRms=0.0782 settle=0.558 msPerStep=0.0977 deviation=0.00165 today=true clean=true
kind=A settings=[object Object] cond=1 label=Rapier substeps=4 iterations=8 contactHz=120 standing=true footSpinRms=0.683 footTiltMax=8.39 footTiltMaxLate=8.39 comDrift=19.9 comWander=22.2 footSlide=27 jointErrorMax=0.145 msPerStep=0.177 today=false clean=false
kind=A settings=[object Object] cond=100 label=Rapier substeps=4 iterations=8 contactHz=120 standing=true footSpinRms=0.000208 footTiltMax=0.0189 footTiltMaxLate=0.00399 comDrift=0.000432 comWander=0.00168 footSlide=0.00671 jointErrorMax=0.0000683 msPerStep=0.169 today=true clean=true
kind=B settings=[object Object] label=Rapier substeps=4 iterations=8 contactHz=120 handJitterRms=0.000516 wristJitterRms=0.00116 swingErrorMax=0.246 swingErrorRms=0.147 overshoot=0.254 ringRms=0.0782 settle=0.558 msPerStep=0.102 deviation=0.00165 today=true clean=true
kind=A settings=[object Object] cond=1 label=Rapier substeps=4 iterations=8 contactHz=240 standing=true footSpinRms=0.683 footTiltMax=8.39 footTiltMaxLate=8.39 comDrift=19.9 comWander=22.2 footSlide=27 jointErrorMax=0.145 msPerStep=0.178 today=false clean=false
kind=A settings=[object Object] cond=100 label=Rapier substeps=4 iterations=8 contactHz=240 standing=true footSpinRms=0.000208 footTiltMax=0.0189 footTiltMaxLate=0.00399 comDrift=0.000432 comWander=0.00168 footSlide=0.00671 jointErrorMax=0.0000683 msPerStep=0.168 today=true clean=true
kind=B settings=[object Object] label=Rapier substeps=4 iterations=8 contactHz=240 handJitterRms=0.000516 wristJitterRms=0.00116 swingErrorMax=0.246 swingErrorRms=0.147 overshoot=0.254 ringRms=0.0782 settle=0.558 msPerStep=0.103 deviation=0.00165 today=true clean=true
kind=A settings=[object Object] cond=1 label=Rapier substeps=8 iterations=4 contactHz=60 standing=true footSpinRms=0.691 footTiltMax=9.09 footTiltMaxLate=9.09 comDrift=26.1 comWander=29.9 footSlide=28.5 jointErrorMax=0.145 msPerStep=0.215 today=false clean=false
kind=A settings=[object Object] cond=100 label=Rapier substeps=8 iterations=4 contactHz=60 standing=true footSpinRms=0.000201 footTiltMax=0.0189 footTiltMaxLate=0.00399 comDrift=0.00105 comWander=0.00119 footSlide=0.00602 jointErrorMax=0.0000567 msPerStep=0.212 today=true clean=true
kind=B settings=[object Object] label=Rapier substeps=8 iterations=4 contactHz=60 handJitterRms=0.000534 wristJitterRms=0.00116 swingErrorMax=0.246 swingErrorRms=0.147 overshoot=0.254 ringRms=0.0783 settle=0.558 msPerStep=0.126 deviation=0.00163 today=true clean=true
kind=A settings=[object Object] cond=1 label=Rapier substeps=8 iterations=4 contactHz=120 standing=true footSpinRms=0.691 footTiltMax=9.09 footTiltMaxLate=9.09 comDrift=26.1 comWander=29.9 footSlide=28.5 jointErrorMax=0.145 msPerStep=0.259 today=false clean=false
kind=A settings=[object Object] cond=100 label=Rapier substeps=8 iterations=4 contactHz=120 standing=true footSpinRms=0.000201 footTiltMax=0.0189 footTiltMaxLate=0.00399 comDrift=0.00105 comWander=0.00119 footSlide=0.00602 jointErrorMax=0.0000567 msPerStep=0.391 today=true clean=true
kind=B settings=[object Object] label=Rapier substeps=8 iterations=4 contactHz=120 handJitterRms=0.000534 wristJitterRms=0.00116 swingErrorMax=0.246 swingErrorRms=0.147 overshoot=0.254 ringRms=0.0783 settle=0.558 msPerStep=0.27 deviation=0.00163 today=true clean=true
kind=A settings=[object Object] cond=1 label=Rapier substeps=8 iterations=4 contactHz=240 standing=true footSpinRms=0.691 footTiltMax=9.09 footTiltMaxLate=9.09 comDrift=26.1 comWander=29.9 footSlide=28.5 jointErrorMax=0.145 msPerStep=0.491 today=false clean=false
kind=A settings=[object Object] cond=100 label=Rapier substeps=8 iterations=4 contactHz=240 standing=true footSpinRms=0.000201 footTiltMax=0.0189 footTiltMaxLate=0.00399 comDrift=0.00105 comWander=0.00119 footSlide=0.00602 jointErrorMax=0.0000567 msPerStep=0.332 today=true clean=true
kind=B settings=[object Object] label=Rapier substeps=8 iterations=4 contactHz=240 handJitterRms=0.000534 wristJitterRms=0.00116 swingErrorMax=0.246 swingErrorRms=0.147 overshoot=0.254 ringRms=0.0783 settle=0.558 msPerStep=0.177 deviation=0.00163 today=true clean=true
kind=A settings=[object Object] cond=1 label=Rapier substeps=8 iterations=8 contactHz=60 standing=true footSpinRms=0.176 footTiltMax=2.47 footTiltMaxLate=1.56 comDrift=0.221 comWander=0.295 footSlide=0.928 jointErrorMax=0.0558 msPerStep=0.396 today=false clean=false
kind=A settings=[object Object] cond=100 label=Rapier substeps=8 iterations=8 contactHz=60 standing=true footSpinRms=0.000226 footTiltMax=0.0393 footTiltMaxLate=0.00406 comDrift=0.00354 comWander=0.00416 footSlide=0.00465 jointErrorMax=0.000126 msPerStep=0.42 today=true clean=true
kind=B settings=[object Object] label=Rapier substeps=8 iterations=8 contactHz=60 handJitterRms=0.000841 wristJitterRms=0.00162 swingErrorMax=0.246 swingErrorRms=0.147 overshoot=0.254 ringRms=0.0781 settle=0.558 msPerStep=0.213 deviation=0.0026 today=true clean=true
kind=A settings=[object Object] cond=1 label=Rapier substeps=8 iterations=8 contactHz=120 standing=true footSpinRms=0.176 footTiltMax=2.47 footTiltMaxLate=1.56 comDrift=0.221 comWander=0.295 footSlide=0.928 jointErrorMax=0.0558 msPerStep=0.345 today=false clean=false
kind=A settings=[object Object] cond=100 label=Rapier substeps=8 iterations=8 contactHz=120 standing=true footSpinRms=0.000226 footTiltMax=0.0393 footTiltMaxLate=0.00406 comDrift=0.00354 comWander=0.00416 footSlide=0.00465 jointErrorMax=0.000126 msPerStep=0.335 today=true clean=true
kind=B settings=[object Object] label=Rapier substeps=8 iterations=8 contactHz=120 handJitterRms=0.000841 wristJitterRms=0.00162 swingErrorMax=0.246 swingErrorRms=0.147 overshoot=0.254 ringRms=0.0781 settle=0.558 msPerStep=0.195 deviation=0.0026 today=true clean=true
kind=A settings=[object Object] cond=1 label=Rapier substeps=8 iterations=8 contactHz=240 standing=true footSpinRms=0.176 footTiltMax=2.47 footTiltMaxLate=1.56 comDrift=0.221 comWander=0.295 footSlide=0.928 jointErrorMax=0.0558 msPerStep=0.335 today=false clean=false
kind=A settings=[object Object] cond=100 label=Rapier substeps=8 iterations=8 contactHz=240 standing=true footSpinRms=0.000226 footTiltMax=0.0393 footTiltMaxLate=0.00406 comDrift=0.00354 comWander=0.00416 footSlide=0.00465 jointErrorMax=0.000126 msPerStep=0.329 today=true clean=true
kind=B settings=[object Object] label=Rapier substeps=8 iterations=8 contactHz=240 handJitterRms=0.000841 wristJitterRms=0.00162 swingErrorMax=0.246 swingErrorRms=0.147 overshoot=0.254 ringRms=0.0781 settle=0.558 msPerStep=0.201 deviation=0.0026 today=true clean=true
kind=A settings=[object Object] cond=1 label=rapier {"hz":120,"substeps":1,"joints":"multibody"} error=unreachable today=false clean=false
kind=B settings=[object Object] label=Rapier substeps=1 joints=multibody handJitterRms=0.0281 wristJitterRms=0.0345 swingErrorMax=0.169 swingErrorRms=0.114 overshoot=0.123 ringRms=0.0687 settle=0.425 msPerStep=0.0594 deviation=0.149 today=false clean=false
kind=A settings=[object Object] cond=1 label=rapier {"hz":120,"substeps":4,"joints":"multibody"} error=unreachable today=false clean=false
kind=B settings=[object Object] label=Rapier substeps=4 joints=multibody handJitterRms=0.0284 wristJitterRms=0.0348 swingErrorMax=0.145 swingErrorRms=0.0975 overshoot=0.116 ringRms=0.0692 settle=0.433 msPerStep=0.143 deviation=0.149 today=false clean=false
kind=A settings=[object Object] cond=1 label=rapier {"hz":120,"substeps":16,"joints":"multibody"} error=unreachable today=false clean=false
kind=B settings=[object Object] label=Rapier substeps=16 joints=multibody handJitterRms=0.0279 wristJitterRms=0.0343 swingErrorMax=0.138 swingErrorRms=0.0932 overshoot=0.113 ringRms=0.0692 settle=0.433 msPerStep=0.498 deviation=0.149 today=false clean=false
