kind=A settings=[object Object] cond=1 label=MuJoCo substeps=1 solver=Newton iterations=1 ls_iterations=4 standing=true footSpinRms=0.128 footTiltMax=0.21 footTiltMaxLate=0.203 comDrift=3.65 comWander=3.83 footSlide=4.05 jointErrorMax=0.00367 msPerStep=0.0601 today=false clean=false
kind=B settings=[object Object] label=MuJoCo substeps=1 solver=Newton iterations=1 ls_iterations=4 handJitterRms=0.0001 wristJitterRms=0.000135 swingErrorMax=0.253 swingErrorRms=0.172 overshoot=0.269 ringRms=0.0816 settle=0.575 msPerStep=0.0175 deviation=0.0517 today=false clean=false
kind=A settings=[object Object] cond=1 label=MuJoCo substeps=1 solver=Newton iterations=2 ls_iterations=4 standing=true footSpinRms=0.371 footTiltMax=0.151 footTiltMaxLate=0.113 comDrift=0.0167 comWander=0.0167 footSlide=0.0248 jointErrorMax=0.00743 msPerStep=0.0318 today=false clean=false
kind=B settings=[object Object] label=MuJoCo substeps=1 solver=Newton iterations=2 ls_iterations=4 handJitterRms=0.0001 wristJitterRms=0.000135 swingErrorMax=0.253 swingErrorRms=0.172 overshoot=0.269 ringRms=0.0816 settle=0.575 msPerStep=0.0115 deviation=0.0517 today=false clean=false
kind=A settings=[object Object] cond=1 label=MuJoCo substeps=1 solver=Newton iterations=4 ls_iterations=8 standing=true footSpinRms=0.371 footTiltMax=0.151 footTiltMaxLate=0.113 comDrift=0.0167 comWander=0.0167 footSlide=0.0248 jointErrorMax=0.00743 msPerStep=0.0294 today=false clean=false
kind=B settings=[object Object] label=MuJoCo substeps=1 solver=Newton iterations=4 ls_iterations=8 handJitterRms=0.0001 wristJitterRms=0.000135 swingErrorMax=0.253 swingErrorRms=0.172 overshoot=0.269 ringRms=0.0816 settle=0.575 msPerStep=0.0105 deviation=0.0517 today=false clean=false
kind=A settings=[object Object] cond=1 label=MuJoCo substeps=1 solver=Newton iterations=10 ls_iterations=20 standing=true footSpinRms=0.371 footTiltMax=0.151 footTiltMaxLate=0.113 comDrift=0.0167 comWander=0.0167 footSlide=0.0248 jointErrorMax=0.00743 msPerStep=0.023 today=false clean=false
kind=B settings=[object Object] label=MuJoCo substeps=1 solver=Newton iterations=10 ls_iterations=20 handJitterRms=0.0001 wristJitterRms=0.000135 swingErrorMax=0.253 swingErrorRms=0.172 overshoot=0.269 ringRms=0.0816 settle=0.575 msPerStep=0.0102 deviation=0.0517 today=false clean=false
kind=A settings=[object Object] cond=1 label=MuJoCo substeps=1 solver=Newton iterations=100 ls_iterations=50 standing=true footSpinRms=0.371 footTiltMax=0.151 footTiltMaxLate=0.113 comDrift=0.0167 comWander=0.0167 footSlide=0.0248 jointErrorMax=0.00743 msPerStep=0.0233 today=false clean=false
kind=B settings=[object Object] label=MuJoCo substeps=1 solver=Newton iterations=100 ls_iterations=50 handJitterRms=0.0001 wristJitterRms=0.000135 swingErrorMax=0.253 swingErrorRms=0.172 overshoot=0.269 ringRms=0.0816 settle=0.575 msPerStep=0.00615 deviation=0.0517 today=false clean=false
kind=A settings=[object Object] cond=1 label=MuJoCo substeps=1 solver=CG iterations=1 ls_iterations=4 standing=true footSpinRms=269000 footTiltMax=169 footTiltMaxLate=169 comDrift=29000 comWander=12300000 footSlide=295 jointErrorMax=3.12 msPerStep=0.0282 today=false clean=false
kind=B settings=[object Object] label=MuJoCo substeps=1 solver=CG iterations=1 ls_iterations=4 handJitterRms=0.0001 wristJitterRms=0.000135 swingErrorMax=0.253 swingErrorRms=0.172 overshoot=0.269 ringRms=0.0816 settle=0.575 msPerStep=0.0105 deviation=0.0517 today=false clean=false
kind=A settings=[object Object] cond=1 label=MuJoCo substeps=1 solver=CG iterations=2 ls_iterations=4 standing=false footSpinRms=160000 footTiltMax=178 footTiltMaxLate=178 comDrift=413 comWander=68300 footSlide=415 jointErrorMax=3.14 msPerStep=0.02 today=false clean=false
kind=B settings=[object Object] label=MuJoCo substeps=1 solver=CG iterations=2 ls_iterations=4 handJitterRms=0.0001 wristJitterRms=0.000135 swingErrorMax=0.253 swingErrorRms=0.172 overshoot=0.269 ringRms=0.0816 settle=0.575 msPerStep=0.00699 deviation=0.0517 today=false clean=false
kind=A settings=[object Object] cond=1 label=MuJoCo substeps=1 solver=CG iterations=4 ls_iterations=8 standing=true footSpinRms=12800 footTiltMax=173 footTiltMaxLate=162 comDrift=487 comWander=61100 footSlide=1.32 jointErrorMax=2.89 msPerStep=0.021 today=false clean=false
kind=B settings=[object Object] label=MuJoCo substeps=1 solver=CG iterations=4 ls_iterations=8 handJitterRms=0.0001 wristJitterRms=0.000135 swingErrorMax=0.253 swingErrorRms=0.172 overshoot=0.269 ringRms=0.0816 settle=0.575 msPerStep=0.00798 deviation=0.0517 today=false clean=false
kind=A settings=[object Object] cond=1 label=MuJoCo substeps=1 solver=CG iterations=10 ls_iterations=20 standing=true footSpinRms=0.351 footTiltMax=0.316 footTiltMaxLate=0.182 comDrift=7.44 comWander=7.44 footSlide=8.18 jointErrorMax=0.00467 msPerStep=0.027 today=false clean=false
kind=B settings=[object Object] label=MuJoCo substeps=1 solver=CG iterations=10 ls_iterations=20 handJitterRms=0.0001 wristJitterRms=0.000135 swingErrorMax=0.253 swingErrorRms=0.172 overshoot=0.269 ringRms=0.0816 settle=0.575 msPerStep=0.00717 deviation=0.0517 today=false clean=false
kind=A settings=[object Object] cond=1 label=MuJoCo substeps=1 solver=CG iterations=100 ls_iterations=50 standing=true footSpinRms=0.371 footTiltMax=0.15 footTiltMaxLate=0.114 comDrift=0.0413 comWander=0.0413 footSlide=0.0497 jointErrorMax=0.00742 msPerStep=0.0661 today=false clean=false
kind=B settings=[object Object] label=MuJoCo substeps=1 solver=CG iterations=100 ls_iterations=50 handJitterRms=0.0001 wristJitterRms=0.000135 swingErrorMax=0.253 swingErrorRms=0.172 overshoot=0.269 ringRms=0.0816 settle=0.575 msPerStep=0.00707 deviation=0.0517 today=false clean=false
kind=A settings=[object Object] cond=1 label=MuJoCo substeps=1 solver=PGS iterations=1 ls_iterations=4 standing=false footSpinRms=244000 footTiltMax=177 footTiltMaxLate=158 comDrift=977 comWander=206000 footSlide=1140 jointErrorMax=3.08 msPerStep=0.0156 today=false clean=false
kind=B settings=[object Object] label=MuJoCo substeps=1 solver=PGS iterations=1 ls_iterations=4 handJitterRms=0.0001 wristJitterRms=0.000135 swingErrorMax=0.253 swingErrorRms=0.172 overshoot=0.269 ringRms=0.0816 settle=0.575 msPerStep=0.00642 deviation=0.0517 today=false clean=false
kind=A settings=[object Object] cond=1 label=MuJoCo substeps=1 solver=PGS iterations=2 ls_iterations=4 standing=false footSpinRms=1130000 footTiltMax=176 footTiltMaxLate=170 comDrift=470 comWander=3270000 footSlide=534 jointErrorMax=3.03 msPerStep=0.0132 today=false clean=false
kind=B settings=[object Object] label=MuJoCo substeps=1 solver=PGS iterations=2 ls_iterations=4 handJitterRms=0.0001 wristJitterRms=0.000135 swingErrorMax=0.253 swingErrorRms=0.172 overshoot=0.269 ringRms=0.0816 settle=0.575 msPerStep=0.00638 deviation=0.0517 today=false clean=false
kind=A settings=[object Object] cond=1 label=MuJoCo substeps=1 solver=PGS iterations=4 ls_iterations=8 standing=false footSpinRms=56.4 footTiltMax=178 footTiltMaxLate=178 comDrift=1600 comWander=1610 footSlide=2440 jointErrorMax=3.06 msPerStep=0.0177 today=false clean=false
kind=B settings=[object Object] label=MuJoCo substeps=1 solver=PGS iterations=4 ls_iterations=8 handJitterRms=0.0001 wristJitterRms=0.000135 swingErrorMax=0.253 swingErrorRms=0.172 overshoot=0.269 ringRms=0.0816 settle=0.575 msPerStep=0.0055 deviation=0.0517 today=false clean=false
kind=A settings=[object Object] cond=1 label=MuJoCo substeps=1 solver=PGS iterations=10 ls_iterations=20 standing=false footSpinRms=6.9 footTiltMax=167 footTiltMaxLate=156 comDrift=205 comWander=241 footSlide=682 jointErrorMax=1.25 msPerStep=0.0262 today=false clean=false
kind=B settings=[object Object] label=MuJoCo substeps=1 solver=PGS iterations=10 ls_iterations=20 handJitterRms=0.0001 wristJitterRms=0.000135 swingErrorMax=0.253 swingErrorRms=0.172 overshoot=0.269 ringRms=0.0816 settle=0.575 msPerStep=0.00594 deviation=0.0517 today=false clean=false
kind=A settings=[object Object] cond=1 label=MuJoCo substeps=1 solver=PGS iterations=100 ls_iterations=50 standing=true footSpinRms=0.371 footTiltMax=0.151 footTiltMaxLate=0.113 comDrift=0.0343 comWander=0.0343 footSlide=0.0407 jointErrorMax=0.00742 msPerStep=0.0738 today=false clean=false
kind=B settings=[object Object] label=MuJoCo substeps=1 solver=PGS iterations=100 ls_iterations=50 handJitterRms=0.0001 wristJitterRms=0.000135 swingErrorMax=0.253 swingErrorRms=0.172 overshoot=0.269 ringRms=0.0816 settle=0.575 msPerStep=0.00552 deviation=0.0517 today=false clean=false
kind=A settings=[object Object] cond=1 label=MuJoCo substeps=1 integrator=implicitfast standing=true footSpinRms=0.371 footTiltMax=0.151 footTiltMaxLate=0.113 comDrift=0.0167 comWander=0.0167 footSlide=0.0248 jointErrorMax=0.00743 msPerStep=0.0206 today=false clean=false
kind=B settings=[object Object] label=MuJoCo substeps=1 integrator=implicitfast handJitterRms=0.0001 wristJitterRms=0.000135 swingErrorMax=0.253 swingErrorRms=0.172 overshoot=0.269 ringRms=0.0816 settle=0.575 msPerStep=0.00779 deviation=0.0517 today=false clean=false
kind=A settings=[object Object] cond=1 label=MuJoCo substeps=1 integrator=implicit standing=true footSpinRms=0.371 footTiltMax=0.151 footTiltMaxLate=0.113 comDrift=0.556 comWander=0.556 footSlide=0.621 jointErrorMax=0.00743 msPerStep=0.0288 today=false clean=false
kind=B settings=[object Object] label=MuJoCo substeps=1 integrator=implicit handJitterRms=0.0000963 wristJitterRms=0.000128 swingErrorMax=0.247 swingErrorRms=0.171 overshoot=0.229 ringRms=0.0791 settle=0.542 msPerStep=0.0105 deviation=0.0605 today=false clean=false
kind=A settings=[object Object] cond=1 label=MuJoCo substeps=1 integrator=RK4 standing=true footSpinRms=0.371 footTiltMax=0.151 footTiltMaxLate=0.113 comDrift=0.0167 comWander=0.0167 footSlide=0.0248 jointErrorMax=0.00743 msPerStep=0.0184 today=false clean=false
kind=B settings=[object Object] label=MuJoCo substeps=1 integrator=RK4 handJitterRms=0.0001 wristJitterRms=0.000135 swingErrorMax=0.253 swingErrorRms=0.172 overshoot=0.269 ringRms=0.0816 settle=0.575 msPerStep=0.00549 deviation=0.0517 today=false clean=false
kind=A settings=[object Object] cond=1 label=MuJoCo substeps=1 cone=elliptic standing=true footSpinRms=0.372 footTiltMax=0.15 footTiltMaxLate=0.111 comDrift=0.0156 comWander=0.0156 footSlide=0.011 jointErrorMax=0.00684 msPerStep=0.0173 today=false clean=false
kind=B settings=[object Object] label=MuJoCo substeps=1 cone=elliptic handJitterRms=0.0001 wristJitterRms=0.000135 swingErrorMax=0.253 swingErrorRms=0.172 overshoot=0.269 ringRms=0.0816 settle=0.575 msPerStep=0.00545 deviation=0.0517 today=false clean=false
kind=A settings=[object Object] cond=1 label=MuJoCo substeps=1 timeconst=0.01 standing=true footSpinRms=0.452 footTiltMax=0.175 footTiltMaxLate=0.141 comDrift=0.0219 comWander=0.022 footSlide=0.0219 jointErrorMax=0.0159 msPerStep=0.0186 today=false clean=false
kind=B settings=[object Object] label=MuJoCo substeps=1 timeconst=0.01 handJitterRms=0.0001 wristJitterRms=0.000135 swingErrorMax=0.253 swingErrorRms=0.172 overshoot=0.269 ringRms=0.0816 settle=0.575 msPerStep=0.00548 deviation=0.0517 today=false clean=false
kind=A settings=[object Object] cond=1 label=MuJoCo substeps=1 timeconst=0.03 standing=true footSpinRms=0.00000803 footTiltMax=0.0721 footTiltMaxLate=0.00046 comDrift=0.0009 comWander=0.00111 footSlide=0.0424 jointErrorMax=0.0000166 msPerStep=0.0154 today=true clean=true
kind=B settings=[object Object] label=MuJoCo substeps=1 timeconst=0.03 handJitterRms=0.0001 wristJitterRms=0.000135 swingErrorMax=0.253 swingErrorRms=0.172 overshoot=0.269 ringRms=0.0816 settle=0.575 msPerStep=0.00554 deviation=0.0517 today=false clean=false
kind=A settings=[object Object] cond=1 label=MuJoCo substeps=1 timeconst=0.04 standing=true footSpinRms=0.0000253 footTiltMax=0.074 footTiltMaxLate=0.00214 comDrift=0.00132 comWander=0.00192 footSlide=0.0589 jointErrorMax=0.000038 msPerStep=0.0151 today=true clean=true
kind=B settings=[object Object] label=MuJoCo substeps=1 timeconst=0.04 handJitterRms=0.0001 wristJitterRms=0.000135 swingErrorMax=0.253 swingErrorRms=0.172 overshoot=0.269 ringRms=0.0816 settle=0.575 msPerStep=0.00548 deviation=0.0517 today=false clean=false
kind=A settings=[object Object] cond=1 label=MuJoCo substeps=1 timeconst=0.06 standing=true footSpinRms=0.000214 footTiltMax=0.0964 footTiltMaxLate=0.0178 comDrift=0.0292 comWander=0.0362 footSlide=0.0888 jointErrorMax=0.000296 msPerStep=0.0149 today=true clean=true
kind=B settings=[object Object] label=MuJoCo substeps=1 timeconst=0.06 handJitterRms=0.0001 wristJitterRms=0.000135 swingErrorMax=0.253 swingErrorRms=0.172 overshoot=0.269 ringRms=0.0816 settle=0.575 msPerStep=0.00545 deviation=0.0517 today=false clean=false
kind=A settings=[object Object] cond=1 label=MuJoCo substeps=1 iterations=1 ls_iterations=4 timeconst=0.04 standing=true footSpinRms=0.0000253 footTiltMax=0.074 footTiltMaxLate=0.00214 comDrift=0.00132 comWander=0.00192 footSlide=0.0589 jointErrorMax=0.000038 msPerStep=0.0152 today=true clean=true
kind=B settings=[object Object] label=MuJoCo substeps=1 iterations=1 ls_iterations=4 timeconst=0.04 handJitterRms=0.0001 wristJitterRms=0.000135 swingErrorMax=0.253 swingErrorRms=0.172 overshoot=0.269 ringRms=0.0816 settle=0.575 msPerStep=0.00544 deviation=0.0517 today=false clean=false
kind=A settings=[object Object] cond=1 label=MuJoCo substeps=1 iterations=2 ls_iterations=4 timeconst=0.04 standing=true footSpinRms=0.0000253 footTiltMax=0.074 footTiltMaxLate=0.00214 comDrift=0.00132 comWander=0.00192 footSlide=0.0589 jointErrorMax=0.000038 msPerStep=0.0152 today=true clean=true
kind=B settings=[object Object] label=MuJoCo substeps=1 iterations=2 ls_iterations=4 timeconst=0.04 handJitterRms=0.0001 wristJitterRms=0.000135 swingErrorMax=0.253 swingErrorRms=0.172 overshoot=0.269 ringRms=0.0816 settle=0.575 msPerStep=0.00537 deviation=0.0517 today=false clean=false
kind=A settings=[object Object] cond=1 label=MuJoCo substeps=1 iterations=4 ls_iterations=4 timeconst=0.04 standing=true footSpinRms=0.0000253 footTiltMax=0.074 footTiltMaxLate=0.00214 comDrift=0.00132 comWander=0.00192 footSlide=0.0589 jointErrorMax=0.000038 msPerStep=0.0154 today=true clean=true
kind=B settings=[object Object] label=MuJoCo substeps=1 iterations=4 ls_iterations=4 timeconst=0.04 handJitterRms=0.0001 wristJitterRms=0.000135 swingErrorMax=0.253 swingErrorRms=0.172 overshoot=0.269 ringRms=0.0816 settle=0.575 msPerStep=0.00548 deviation=0.0517 today=false clean=false
kind=A settings=[object Object] cond=1 label=MuJoCo substeps=2 solver=Newton iterations=1 ls_iterations=4 standing=true footSpinRms=9.21e-8 footTiltMax=0.029 footTiltMaxLate=0.00000729 comDrift=0.0000612 comWander=0.0000612 footSlide=0.0222 jointErrorMax=0.00000248 msPerStep=0.0284 today=true clean=true
kind=B settings=[object Object] label=MuJoCo substeps=2 solver=Newton iterations=1 ls_iterations=4 handJitterRms=0.0000534 wristJitterRms=0.0000494 swingErrorMax=0.25 swingErrorRms=0.159 overshoot=0.262 ringRms=0.0796 settle=0.567 msPerStep=0.0104 deviation=0.0244 today=true clean=false
kind=A settings=[object Object] cond=1 label=MuJoCo substeps=2 solver=Newton iterations=2 ls_iterations=4 standing=true footSpinRms=9.21e-8 footTiltMax=0.029 footTiltMaxLate=0.00000729 comDrift=0.0000612 comWander=0.0000612 footSlide=0.0222 jointErrorMax=0.00000248 msPerStep=0.0272 today=true clean=true
kind=B settings=[object Object] label=MuJoCo substeps=2 solver=Newton iterations=2 ls_iterations=4 handJitterRms=0.0000534 wristJitterRms=0.0000494 swingErrorMax=0.25 swingErrorRms=0.159 overshoot=0.262 ringRms=0.0796 settle=0.567 msPerStep=0.0104 deviation=0.0244 today=true clean=false
kind=A settings=[object Object] cond=1 label=MuJoCo substeps=2 solver=Newton iterations=4 ls_iterations=8 standing=true footSpinRms=9.21e-8 footTiltMax=0.029 footTiltMaxLate=0.00000729 comDrift=0.0000612 comWander=0.0000612 footSlide=0.0222 jointErrorMax=0.00000248 msPerStep=0.0271 today=true clean=true
kind=B settings=[object Object] label=MuJoCo substeps=2 solver=Newton iterations=4 ls_iterations=8 handJitterRms=0.0000534 wristJitterRms=0.0000494 swingErrorMax=0.25 swingErrorRms=0.159 overshoot=0.262 ringRms=0.0796 settle=0.567 msPerStep=0.00977 deviation=0.0244 today=true clean=false
kind=A settings=[object Object] cond=1 label=MuJoCo substeps=2 solver=Newton iterations=10 ls_iterations=20 standing=true footSpinRms=9.21e-8 footTiltMax=0.029 footTiltMaxLate=0.00000729 comDrift=0.0000612 comWander=0.0000612 footSlide=0.0222 jointErrorMax=0.00000248 msPerStep=0.0274 today=true clean=true
kind=B settings=[object Object] label=MuJoCo substeps=2 solver=Newton iterations=10 ls_iterations=20 handJitterRms=0.0000534 wristJitterRms=0.0000494 swingErrorMax=0.25 swingErrorRms=0.159 overshoot=0.262 ringRms=0.0796 settle=0.567 msPerStep=0.0093 deviation=0.0244 today=true clean=false
kind=A settings=[object Object] cond=1 label=MuJoCo substeps=2 solver=Newton iterations=100 ls_iterations=50 standing=true footSpinRms=9.21e-8 footTiltMax=0.029 footTiltMaxLate=0.00000729 comDrift=0.0000612 comWander=0.0000612 footSlide=0.0222 jointErrorMax=0.00000248 msPerStep=0.0275 today=true clean=true
kind=B settings=[object Object] label=MuJoCo substeps=2 solver=Newton iterations=100 ls_iterations=50 handJitterRms=0.0000534 wristJitterRms=0.0000494 swingErrorMax=0.25 swingErrorRms=0.159 overshoot=0.262 ringRms=0.0796 settle=0.567 msPerStep=0.00934 deviation=0.0244 today=true clean=false
kind=A settings=[object Object] cond=1 label=MuJoCo substeps=2 solver=CG iterations=1 ls_iterations=4 standing=true footSpinRms=3000000 footTiltMax=174 footTiltMaxLate=174 comDrift=2320 comWander=11400000 footSlide=94.5 jointErrorMax=3.13 msPerStep=0.0231 today=false clean=false
kind=B settings=[object Object] label=MuJoCo substeps=2 solver=CG iterations=1 ls_iterations=4 handJitterRms=0.0000534 wristJitterRms=0.0000494 swingErrorMax=0.25 swingErrorRms=0.159 overshoot=0.262 ringRms=0.0796 settle=0.567 msPerStep=0.00936 deviation=0.0244 today=true clean=false
kind=A settings=[object Object] cond=1 label=MuJoCo substeps=2 solver=CG iterations=2 ls_iterations=4 standing=true footSpinRms=0.0911 footTiltMax=1.04 footTiltMaxLate=1.04 comDrift=3.72 comWander=4.29 footSlide=1.19 jointErrorMax=0.0162 msPerStep=0.0285 today=false clean=false
kind=B settings=[object Object] label=MuJoCo substeps=2 solver=CG iterations=2 ls_iterations=4 handJitterRms=0.0000534 wristJitterRms=0.0000494 swingErrorMax=0.25 swingErrorRms=0.159 overshoot=0.262 ringRms=0.0796 settle=0.567 msPerStep=0.0094 deviation=0.0244 today=true clean=false
kind=A settings=[object Object] cond=1 label=MuJoCo substeps=2 solver=CG iterations=4 ls_iterations=8 standing=true footSpinRms=0.000161 footTiltMax=0.0779 footTiltMaxLate=0.0034 comDrift=0.0105 comWander=0.0228 footSlide=0.166 jointErrorMax=0.0000581 msPerStep=0.0277 today=true clean=true
kind=B settings=[object Object] label=MuJoCo substeps=2 solver=CG iterations=4 ls_iterations=8 handJitterRms=0.0000534 wristJitterRms=0.0000494 swingErrorMax=0.25 swingErrorRms=0.159 overshoot=0.262 ringRms=0.0796 settle=0.567 msPerStep=0.00919 deviation=0.0244 today=true clean=false
kind=A settings=[object Object] cond=1 label=MuJoCo substeps=2 solver=CG iterations=10 ls_iterations=20 standing=true footSpinRms=0.000123 footTiltMax=0.0313 footTiltMaxLate=0.00287 comDrift=0.0021 comWander=0.017 footSlide=0.0266 jointErrorMax=0.000179 msPerStep=0.0272 today=true clean=true
kind=B settings=[object Object] label=MuJoCo substeps=2 solver=CG iterations=10 ls_iterations=20 handJitterRms=0.0000534 wristJitterRms=0.0000494 swingErrorMax=0.25 swingErrorRms=0.159 overshoot=0.262 ringRms=0.0796 settle=0.567 msPerStep=0.00919 deviation=0.0244 today=true clean=false
kind=A settings=[object Object] cond=1 label=MuJoCo substeps=2 solver=CG iterations=100 ls_iterations=50 standing=true footSpinRms=0.000174 footTiltMax=0.029 footTiltMaxLate=0.00329 comDrift=0.0103 comWander=0.0201 footSlide=0.0201 jointErrorMax=0.0000814 msPerStep=0.0274 today=true clean=true
kind=B settings=[object Object] label=MuJoCo substeps=2 solver=CG iterations=100 ls_iterations=50 handJitterRms=0.0000534 wristJitterRms=0.0000494 swingErrorMax=0.25 swingErrorRms=0.159 overshoot=0.262 ringRms=0.0796 settle=0.567 msPerStep=0.00917 deviation=0.0244 today=true clean=false
kind=A settings=[object Object] cond=1 label=MuJoCo substeps=2 solver=PGS iterations=1 ls_iterations=4 standing=false footSpinRms=91.2 footTiltMax=177 footTiltMaxLate=177 comDrift=1800 comWander=2040 footSlide=2630 jointErrorMax=3.06 msPerStep=0.0203 today=false clean=false
kind=B settings=[object Object] label=MuJoCo substeps=2 solver=PGS iterations=1 ls_iterations=4 handJitterRms=0.0000534 wristJitterRms=0.0000494 swingErrorMax=0.25 swingErrorRms=0.159 overshoot=0.262 ringRms=0.0796 settle=0.567 msPerStep=0.00922 deviation=0.0244 today=true clean=false
kind=A settings=[object Object] cond=1 label=MuJoCo substeps=2 solver=PGS iterations=2 ls_iterations=4 standing=false footSpinRms=32.5 footTiltMax=178 footTiltMaxLate=178 comDrift=763 comWander=822 footSlide=1270 jointErrorMax=2.49 msPerStep=0.0262 today=false clean=false
kind=B settings=[object Object] label=MuJoCo substeps=2 solver=PGS iterations=2 ls_iterations=4 handJitterRms=0.0000534 wristJitterRms=0.0000494 swingErrorMax=0.25 swingErrorRms=0.159 overshoot=0.262 ringRms=0.0796 settle=0.567 msPerStep=0.00926 deviation=0.0244 today=true clean=false
kind=A settings=[object Object] cond=1 label=MuJoCo substeps=2 solver=PGS iterations=4 ls_iterations=8 standing=false footSpinRms=80.4 footTiltMax=178 footTiltMaxLate=178 comDrift=683 comWander=1210 footSlide=844 jointErrorMax=3.03 msPerStep=0.0214 today=false clean=false
kind=B settings=[object Object] label=MuJoCo substeps=2 solver=PGS iterations=4 ls_iterations=8 handJitterRms=0.0000534 wristJitterRms=0.0000494 swingErrorMax=0.25 swingErrorRms=0.159 overshoot=0.262 ringRms=0.0796 settle=0.567 msPerStep=0.00924 deviation=0.0244 today=true clean=false
kind=A settings=[object Object] cond=1 label=MuJoCo substeps=2 solver=PGS iterations=10 ls_iterations=20 standing=true footSpinRms=0.0632 footTiltMax=0.611 footTiltMaxLate=0.611 comDrift=155 comWander=155 footSlide=171 jointErrorMax=0.00983 msPerStep=0.0387 today=false clean=false
kind=B settings=[object Object] label=MuJoCo substeps=2 solver=PGS iterations=10 ls_iterations=20 handJitterRms=0.0000534 wristJitterRms=0.0000494 swingErrorMax=0.25 swingErrorRms=0.159 overshoot=0.262 ringRms=0.0796 settle=0.567 msPerStep=0.00932 deviation=0.0244 today=true clean=false
kind=A settings=[object Object] cond=1 label=MuJoCo substeps=2 solver=PGS iterations=100 ls_iterations=50 standing=true footSpinRms=0.0000371 footTiltMax=0.029 footTiltMaxLate=0.000111 comDrift=0.000266 comWander=0.000405 footSlide=0.0221 jointErrorMax=0.0000025 msPerStep=0.0485 today=true clean=true
kind=B settings=[object Object] label=MuJoCo substeps=2 solver=PGS iterations=100 ls_iterations=50 handJitterRms=0.0000534 wristJitterRms=0.0000494 swingErrorMax=0.25 swingErrorRms=0.159 overshoot=0.262 ringRms=0.0796 settle=0.567 msPerStep=0.0092 deviation=0.0244 today=true clean=false
kind=A settings=[object Object] cond=1 label=MuJoCo substeps=2 integrator=implicitfast standing=true footSpinRms=3.62e-7 footTiltMax=0.029 footTiltMaxLate=0.00000729 comDrift=0.0000591 comWander=0.0000624 footSlide=0.0222 jointErrorMax=0.00000248 msPerStep=0.0303 today=true clean=true
kind=B settings=[object Object] label=MuJoCo substeps=2 integrator=implicitfast handJitterRms=0.0000534 wristJitterRms=0.0000494 swingErrorMax=0.25 swingErrorRms=0.159 overshoot=0.262 ringRms=0.0796 settle=0.567 msPerStep=0.0102 deviation=0.0244 today=true clean=false
kind=A settings=[object Object] cond=1 label=MuJoCo substeps=2 integrator=implicit standing=true footSpinRms=3.6e-7 footTiltMax=0.029 footTiltMaxLate=0.00000724 comDrift=0.00006 comWander=0.0000623 footSlide=0.0222 jointErrorMax=0.00000248 msPerStep=0.0469 today=true clean=true
kind=B settings=[object Object] label=MuJoCo substeps=2 integrator=implicit handJitterRms=0.0000534 wristJitterRms=0.0000488 swingErrorMax=0.241 swingErrorRms=0.159 overshoot=0.244 ringRms=0.0775 settle=0.55 msPerStep=0.0188 deviation=0.029 today=true clean=false
kind=A settings=[object Object] cond=1 label=MuJoCo substeps=2 integrator=RK4 standing=true footSpinRms=8.66e-8 footTiltMax=0.0257 footTiltMaxLate=0.00000709 comDrift=0.0000561 comWander=0.0000563 footSlide=0.0262 jointErrorMax=0.00000136 msPerStep=0.06 today=true clean=true
kind=B settings=[object Object] label=MuJoCo substeps=2 integrator=RK4 handJitterRms=0.0000775 wristJitterRms=0.0000754 swingErrorMax=0.25 swingErrorRms=0.153 overshoot=0.26 ringRms=0.0789 settle=0.567 msPerStep=0.0201 deviation=0.0103 today=true clean=false
kind=A settings=[object Object] cond=1 label=MuJoCo substeps=2 cone=elliptic standing=true footSpinRms=9.33e-8 footTiltMax=0.0214 footTiltMaxLate=0.00000744 comDrift=0.0000694 comWander=0.0000694 footSlide=0.0118 jointErrorMax=0.00000247 msPerStep=0.0259 today=true clean=true
kind=B settings=[object Object] label=MuJoCo substeps=2 cone=elliptic handJitterRms=0.0000534 wristJitterRms=0.0000494 swingErrorMax=0.25 swingErrorRms=0.159 overshoot=0.262 ringRms=0.0796 settle=0.567 msPerStep=0.00926 deviation=0.0244 today=true clean=false
kind=A settings=[object Object] cond=1 label=MuJoCo substeps=2 timeconst=0.01 standing=true footSpinRms=0.316 footTiltMax=0.0868 footTiltMaxLate=0.0789 comDrift=0.202 comWander=0.202 footSlide=0.224 jointErrorMax=0.00301 msPerStep=0.0333 today=false clean=false
kind=B settings=[object Object] label=MuJoCo substeps=2 timeconst=0.01 handJitterRms=0.0000534 wristJitterRms=0.0000494 swingErrorMax=0.25 swingErrorRms=0.159 overshoot=0.262 ringRms=0.0796 settle=0.567 msPerStep=0.00925 deviation=0.0244 today=true clean=false
kind=A settings=[object Object] cond=1 label=MuJoCo substeps=2 timeconst=0.03 standing=true footSpinRms=0.00000673 footTiltMax=0.0375 footTiltMaxLate=0.000395 comDrift=0.000764 comWander=0.000935 footSlide=0.0397 jointErrorMax=0.00000761 msPerStep=0.0258 today=true clean=true
kind=B settings=[object Object] label=MuJoCo substeps=2 timeconst=0.03 handJitterRms=0.0000534 wristJitterRms=0.0000494 swingErrorMax=0.25 swingErrorRms=0.159 overshoot=0.262 ringRms=0.0796 settle=0.567 msPerStep=0.00925 deviation=0.0244 today=true clean=false
kind=A settings=[object Object] cond=1 label=MuJoCo substeps=2 timeconst=0.04 standing=true footSpinRms=0.0000219 footTiltMax=0.0471 footTiltMaxLate=0.00189 comDrift=0.00134 comWander=0.00186 footSlide=0.0561 jointErrorMax=0.0000337 msPerStep=0.0262 today=true clean=true
kind=B settings=[object Object] label=MuJoCo substeps=2 timeconst=0.04 handJitterRms=0.0000534 wristJitterRms=0.0000494 swingErrorMax=0.25 swingErrorRms=0.159 overshoot=0.262 ringRms=0.0796 settle=0.567 msPerStep=0.00916 deviation=0.0244 today=true clean=false
kind=A settings=[object Object] cond=1 label=MuJoCo substeps=2 timeconst=0.06 standing=true footSpinRms=0.000193 footTiltMax=0.0774 footTiltMaxLate=0.0155 comDrift=0.0258 comWander=0.0323 footSlide=0.0862 jointErrorMax=0.000257 msPerStep=0.0259 today=true clean=true
kind=B settings=[object Object] label=MuJoCo substeps=2 timeconst=0.06 handJitterRms=0.0000534 wristJitterRms=0.0000494 swingErrorMax=0.25 swingErrorRms=0.159 overshoot=0.262 ringRms=0.0796 settle=0.567 msPerStep=0.00918 deviation=0.0244 today=true clean=false
kind=A settings=[object Object] cond=1 label=MuJoCo substeps=2 iterations=1 ls_iterations=4 timeconst=0.04 standing=true footSpinRms=0.0000219 footTiltMax=0.0471 footTiltMaxLate=0.00189 comDrift=0.00134 comWander=0.00186 footSlide=0.0561 jointErrorMax=0.0000337 msPerStep=0.026 today=true clean=true
kind=B settings=[object Object] label=MuJoCo substeps=2 iterations=1 ls_iterations=4 timeconst=0.04 handJitterRms=0.0000534 wristJitterRms=0.0000494 swingErrorMax=0.25 swingErrorRms=0.159 overshoot=0.262 ringRms=0.0796 settle=0.567 msPerStep=0.00911 deviation=0.0244 today=true clean=false
kind=A settings=[object Object] cond=1 label=MuJoCo substeps=2 iterations=2 ls_iterations=4 timeconst=0.04 standing=true footSpinRms=0.0000219 footTiltMax=0.0471 footTiltMaxLate=0.00189 comDrift=0.00134 comWander=0.00186 footSlide=0.0561 jointErrorMax=0.0000337 msPerStep=0.026 today=true clean=true
kind=B settings=[object Object] label=MuJoCo substeps=2 iterations=2 ls_iterations=4 timeconst=0.04 handJitterRms=0.0000534 wristJitterRms=0.0000494 swingErrorMax=0.25 swingErrorRms=0.159 overshoot=0.262 ringRms=0.0796 settle=0.567 msPerStep=0.00962 deviation=0.0244 today=true clean=false
kind=A settings=[object Object] cond=1 label=MuJoCo substeps=2 iterations=4 ls_iterations=4 timeconst=0.04 standing=true footSpinRms=0.0000219 footTiltMax=0.0471 footTiltMaxLate=0.00189 comDrift=0.00134 comWander=0.00186 footSlide=0.0561 jointErrorMax=0.0000337 msPerStep=0.0259 today=true clean=true
kind=B settings=[object Object] label=MuJoCo substeps=2 iterations=4 ls_iterations=4 timeconst=0.04 handJitterRms=0.0000534 wristJitterRms=0.0000494 swingErrorMax=0.25 swingErrorRms=0.159 overshoot=0.262 ringRms=0.0796 settle=0.567 msPerStep=0.00918 deviation=0.0244 today=true clean=false
kind=A settings=[object Object] cond=1 label=MuJoCo substeps=4 solver=Newton iterations=1 ls_iterations=4 standing=true footSpinRms=9.44e-8 footTiltMax=0.0221 footTiltMaxLate=0.00000744 comDrift=0.0000612 comWander=0.0000613 footSlide=0.0216 jointErrorMax=0.00000133 msPerStep=0.0516 today=true clean=true
kind=B settings=[object Object] label=MuJoCo substeps=4 solver=Newton iterations=1 ls_iterations=4 handJitterRms=0.0000808 wristJitterRms=0.0000792 swingErrorMax=0.248 swingErrorRms=0.153 overshoot=0.258 ringRms=0.0789 settle=0.558 msPerStep=0.0163 deviation=0.0105 today=true clean=false
kind=A settings=[object Object] cond=1 label=MuJoCo substeps=4 solver=Newton iterations=2 ls_iterations=4 standing=true footSpinRms=9.44e-8 footTiltMax=0.0221 footTiltMaxLate=0.00000744 comDrift=0.0000612 comWander=0.0000613 footSlide=0.0216 jointErrorMax=0.00000133 msPerStep=0.0483 today=true clean=true
kind=B settings=[object Object] label=MuJoCo substeps=4 solver=Newton iterations=2 ls_iterations=4 handJitterRms=0.0000808 wristJitterRms=0.0000792 swingErrorMax=0.248 swingErrorRms=0.153 overshoot=0.258 ringRms=0.0789 settle=0.558 msPerStep=0.0164 deviation=0.0105 today=true clean=false
kind=A settings=[object Object] cond=1 label=MuJoCo substeps=4 solver=Newton iterations=4 ls_iterations=8 standing=true footSpinRms=9.44e-8 footTiltMax=0.0221 footTiltMaxLate=0.00000744 comDrift=0.0000612 comWander=0.0000613 footSlide=0.0216 jointErrorMax=0.00000133 msPerStep=0.0485 today=true clean=true
kind=B settings=[object Object] label=MuJoCo substeps=4 solver=Newton iterations=4 ls_iterations=8 handJitterRms=0.0000808 wristJitterRms=0.0000792 swingErrorMax=0.248 swingErrorRms=0.153 overshoot=0.258 ringRms=0.0789 settle=0.558 msPerStep=0.0165 deviation=0.0105 today=true clean=false
kind=A settings=[object Object] cond=1 label=MuJoCo substeps=4 solver=Newton iterations=10 ls_iterations=20 standing=true footSpinRms=9.44e-8 footTiltMax=0.0221 footTiltMaxLate=0.00000744 comDrift=0.0000612 comWander=0.0000613 footSlide=0.0216 jointErrorMax=0.00000133 msPerStep=0.0487 today=true clean=true
kind=B settings=[object Object] label=MuJoCo substeps=4 solver=Newton iterations=10 ls_iterations=20 handJitterRms=0.0000808 wristJitterRms=0.0000792 swingErrorMax=0.248 swingErrorRms=0.153 overshoot=0.258 ringRms=0.0789 settle=0.558 msPerStep=0.0164 deviation=0.0105 today=true clean=false
kind=A settings=[object Object] cond=1 label=MuJoCo substeps=4 solver=Newton iterations=100 ls_iterations=50 standing=true footSpinRms=9.44e-8 footTiltMax=0.0221 footTiltMaxLate=0.00000744 comDrift=0.0000612 comWander=0.0000613 footSlide=0.0216 jointErrorMax=0.00000133 msPerStep=0.0486 today=true clean=true
kind=B settings=[object Object] label=MuJoCo substeps=4 solver=Newton iterations=100 ls_iterations=50 handJitterRms=0.0000808 wristJitterRms=0.0000792 swingErrorMax=0.248 swingErrorRms=0.153 overshoot=0.258 ringRms=0.0789 settle=0.558 msPerStep=0.0166 deviation=0.0105 today=true clean=false
kind=A settings=[object Object] cond=1 label=MuJoCo substeps=4 solver=CG iterations=1 ls_iterations=4 standing=true footSpinRms=933000 footTiltMax=177 footTiltMaxLate=177 comDrift=2520 comWander=904000 footSlide=2790 jointErrorMax=3.13 msPerStep=0.0408 today=false clean=false
kind=B settings=[object Object] label=MuJoCo substeps=4 solver=CG iterations=1 ls_iterations=4 handJitterRms=0.0000808 wristJitterRms=0.0000792 swingErrorMax=0.248 swingErrorRms=0.153 overshoot=0.258 ringRms=0.0789 settle=0.558 msPerStep=0.0163 deviation=0.0105 today=true clean=false
kind=A settings=[object Object] cond=1 label=MuJoCo substeps=4 solver=CG iterations=2 ls_iterations=4 standing=true footSpinRms=0.000208 footTiltMax=0.0831 footTiltMaxLate=0.0043 comDrift=0.00593 comWander=0.0267 footSlide=0.126 jointErrorMax=0.000199 msPerStep=0.0499 today=true clean=true
kind=B settings=[object Object] label=MuJoCo substeps=4 solver=CG iterations=2 ls_iterations=4 handJitterRms=0.0000808 wristJitterRms=0.0000792 swingErrorMax=0.248 swingErrorRms=0.153 overshoot=0.258 ringRms=0.0789 settle=0.558 msPerStep=0.0164 deviation=0.0105 today=true clean=false
kind=A settings=[object Object] cond=1 label=MuJoCo substeps=4 solver=CG iterations=4 ls_iterations=8 standing=true footSpinRms=0.000195 footTiltMax=0.0361 footTiltMaxLate=0.0031 comDrift=0.0029 comWander=0.0206 footSlide=0.102 jointErrorMax=0.00016 msPerStep=0.0492 today=true clean=true
kind=B settings=[object Object] label=MuJoCo substeps=4 solver=CG iterations=4 ls_iterations=8 handJitterRms=0.0000808 wristJitterRms=0.0000792 swingErrorMax=0.248 swingErrorRms=0.153 overshoot=0.258 ringRms=0.0789 settle=0.558 msPerStep=0.0169 deviation=0.0105 today=true clean=false
kind=A settings=[object Object] cond=1 label=MuJoCo substeps=4 solver=CG iterations=10 ls_iterations=20 standing=true footSpinRms=0.000221 footTiltMax=0.0236 footTiltMaxLate=0.0044 comDrift=0.0108 comWander=0.0259 footSlide=0.0179 jointErrorMax=0.0000627 msPerStep=0.0497 today=true clean=true
kind=B settings=[object Object] label=MuJoCo substeps=4 solver=CG iterations=10 ls_iterations=20 handJitterRms=0.0000808 wristJitterRms=0.0000792 swingErrorMax=0.248 swingErrorRms=0.153 overshoot=0.258 ringRms=0.0789 settle=0.558 msPerStep=0.0165 deviation=0.0105 today=true clean=false
kind=A settings=[object Object] cond=1 label=MuJoCo substeps=4 solver=CG iterations=100 ls_iterations=50 standing=true footSpinRms=0.0000535 footTiltMax=0.0221 footTiltMaxLate=0.00099 comDrift=0.00267 comWander=0.00625 footSlide=0.0208 jointErrorMax=0.000182 msPerStep=0.0488 today=true clean=true
kind=B settings=[object Object] label=MuJoCo substeps=4 solver=CG iterations=100 ls_iterations=50 handJitterRms=0.0000808 wristJitterRms=0.0000792 swingErrorMax=0.248 swingErrorRms=0.153 overshoot=0.258 ringRms=0.0789 settle=0.558 msPerStep=0.0163 deviation=0.0105 today=true clean=false
kind=A settings=[object Object] cond=1 label=MuJoCo substeps=4 solver=PGS iterations=1 ls_iterations=4 standing=false footSpinRms=86.4 footTiltMax=179 footTiltMaxLate=179 comDrift=1380 comWander=1400 footSlide=1740 jointErrorMax=3.05 msPerStep=0.0365 today=false clean=false
kind=B settings=[object Object] label=MuJoCo substeps=4 solver=PGS iterations=1 ls_iterations=4 handJitterRms=0.0000808 wristJitterRms=0.0000792 swingErrorMax=0.248 swingErrorRms=0.153 overshoot=0.258 ringRms=0.0789 settle=0.558 msPerStep=0.0163 deviation=0.0105 today=true clean=false
kind=A settings=[object Object] cond=1 label=MuJoCo substeps=4 solver=PGS iterations=2 ls_iterations=4 standing=false footSpinRms=39.7 footTiltMax=170 footTiltMaxLate=170 comDrift=329 comWander=478 footSlide=939 jointErrorMax=2.91 msPerStep=0.0499 today=false clean=false
kind=B settings=[object Object] label=MuJoCo substeps=4 solver=PGS iterations=2 ls_iterations=4 handJitterRms=0.0000808 wristJitterRms=0.0000792 swingErrorMax=0.248 swingErrorRms=0.153 overshoot=0.258 ringRms=0.0789 settle=0.558 msPerStep=0.0161 deviation=0.0105 today=true clean=false
kind=A settings=[object Object] cond=1 label=MuJoCo substeps=4 solver=PGS iterations=4 ls_iterations=8 standing=false footSpinRms=76.3 footTiltMax=176 footTiltMaxLate=176 comDrift=574 comWander=1490 footSlide=1030 jointErrorMax=3.02 msPerStep=0.0398 today=false clean=false
kind=B settings=[object Object] label=MuJoCo substeps=4 solver=PGS iterations=4 ls_iterations=8 handJitterRms=0.0000808 wristJitterRms=0.0000792 swingErrorMax=0.248 swingErrorRms=0.153 overshoot=0.258 ringRms=0.0789 settle=0.558 msPerStep=0.0163 deviation=0.0105 today=true clean=false
kind=A settings=[object Object] cond=1 label=MuJoCo substeps=4 solver=PGS iterations=10 ls_iterations=20 standing=true footSpinRms=0.0539 footTiltMax=0.457 footTiltMaxLate=0.457 comDrift=73.5 comWander=73.5 footSlide=79.1 jointErrorMax=0.00738 msPerStep=0.0753 today=false clean=false
kind=B settings=[object Object] label=MuJoCo substeps=4 solver=PGS iterations=10 ls_iterations=20 handJitterRms=0.0000808 wristJitterRms=0.0000792 swingErrorMax=0.248 swingErrorRms=0.153 overshoot=0.258 ringRms=0.0789 settle=0.558 msPerStep=0.0162 deviation=0.0105 today=true clean=false
kind=A settings=[object Object] cond=1 label=MuJoCo substeps=4 solver=PGS iterations=100 ls_iterations=50 standing=true footSpinRms=0.0000235 footTiltMax=0.0221 footTiltMaxLate=0.0000764 comDrift=0.000517 comWander=0.00056 footSlide=0.0214 jointErrorMax=0.00000132 msPerStep=0.0878 today=true clean=true
kind=B settings=[object Object] label=MuJoCo substeps=4 solver=PGS iterations=100 ls_iterations=50 handJitterRms=0.0000808 wristJitterRms=0.0000792 swingErrorMax=0.248 swingErrorRms=0.153 overshoot=0.258 ringRms=0.0789 settle=0.558 msPerStep=0.0164 deviation=0.0105 today=true clean=false
kind=A settings=[object Object] cond=1 label=MuJoCo substeps=4 integrator=implicitfast standing=true footSpinRms=1.03e-7 footTiltMax=0.0221 footTiltMaxLate=0.00000744 comDrift=0.0000643 comWander=0.0000643 footSlide=0.0216 jointErrorMax=0.00000133 msPerStep=0.0582 today=true clean=true
kind=B settings=[object Object] label=MuJoCo substeps=4 integrator=implicitfast handJitterRms=0.0000808 wristJitterRms=0.0000792 swingErrorMax=0.248 swingErrorRms=0.153 overshoot=0.258 ringRms=0.0789 settle=0.558 msPerStep=0.0182 deviation=0.0105 today=true clean=false
kind=A settings=[object Object] cond=1 label=MuJoCo substeps=4 integrator=implicit standing=true footSpinRms=1.05e-7 footTiltMax=0.0222 footTiltMaxLate=0.00000744 comDrift=0.0000607 comWander=0.0000628 footSlide=0.0216 jointErrorMax=0.00000133 msPerStep=0.0924 today=true clean=true
kind=B settings=[object Object] label=MuJoCo substeps=4 integrator=implicit handJitterRms=0.0000805 wristJitterRms=0.0000787 swingErrorMax=0.243 swingErrorRms=0.153 overshoot=0.25 ringRms=0.0775 settle=0.558 msPerStep=0.0357 deviation=0.0129 today=true clean=false
kind=A settings=[object Object] cond=1 label=MuJoCo substeps=4 integrator=RK4 standing=true footSpinRms=9.43e-8 footTiltMax=0.0202 footTiltMaxLate=0.00000749 comDrift=0.0000607 comWander=0.000061 footSlide=0.0226 jointErrorMax=0.00000127 msPerStep=0.145 today=true clean=true
kind=B settings=[object Object] label=MuJoCo substeps=4 integrator=RK4 handJitterRms=0.000102 wristJitterRms=0.000108 swingErrorMax=0.247 swingErrorRms=0.148 overshoot=0.256 ringRms=0.0783 settle=0.558 msPerStep=0.048 deviation=0.000711 today=true clean=true
kind=A settings=[object Object] cond=1 label=MuJoCo substeps=4 cone=elliptic standing=true footSpinRms=9.52e-8 footTiltMax=0.0187 footTiltMaxLate=0.00000764 comDrift=0.0000696 comWander=0.0000696 footSlide=0.0114 jointErrorMax=0.00000134 msPerStep=0.047 today=true clean=true
kind=B settings=[object Object] label=MuJoCo substeps=4 cone=elliptic handJitterRms=0.0000808 wristJitterRms=0.0000792 swingErrorMax=0.248 swingErrorRms=0.153 overshoot=0.258 ringRms=0.0789 settle=0.558 msPerStep=0.0163 deviation=0.0105 today=true clean=false
kind=A settings=[object Object] cond=1 label=MuJoCo substeps=4 timeconst=0.01 standing=true footSpinRms=3.35e-7 footTiltMax=0.00981 footTiltMaxLate=8.54e-7 comDrift=0.0000172 comWander=0.0000172 footSlide=0.00351 jointErrorMax=3.86e-7 msPerStep=0.0536 today=true clean=true
kind=B settings=[object Object] label=MuJoCo substeps=4 timeconst=0.01 handJitterRms=0.0000808 wristJitterRms=0.0000792 swingErrorMax=0.248 swingErrorRms=0.153 overshoot=0.258 ringRms=0.0789 settle=0.558 msPerStep=0.0163 deviation=0.0105 today=true clean=false
kind=A settings=[object Object] cond=1 label=MuJoCo substeps=4 timeconst=0.03 standing=true footSpinRms=0.00000666 footTiltMax=0.0305 footTiltMaxLate=0.000396 comDrift=0.000773 comWander=0.000941 footSlide=0.0389 jointErrorMax=0.00000747 msPerStep=0.0473 today=true clean=true
kind=B settings=[object Object] label=MuJoCo substeps=4 timeconst=0.03 handJitterRms=0.0000808 wristJitterRms=0.0000792 swingErrorMax=0.248 swingErrorRms=0.153 overshoot=0.258 ringRms=0.0789 settle=0.558 msPerStep=0.0164 deviation=0.0105 today=true clean=false
kind=A settings=[object Object] cond=1 label=MuJoCo substeps=4 timeconst=0.04 standing=true footSpinRms=0.0000216 footTiltMax=0.0426 footTiltMaxLate=0.00187 comDrift=0.00135 comWander=0.00186 footSlide=0.0552 jointErrorMax=0.0000332 msPerStep=0.0479 today=true clean=true
kind=B settings=[object Object] label=MuJoCo substeps=4 timeconst=0.04 handJitterRms=0.0000808 wristJitterRms=0.0000792 swingErrorMax=0.248 swingErrorRms=0.153 overshoot=0.258 ringRms=0.0789 settle=0.558 msPerStep=0.0163 deviation=0.0105 today=true clean=false
kind=A settings=[object Object] cond=1 label=MuJoCo substeps=4 timeconst=0.06 standing=true footSpinRms=0.000191 footTiltMax=0.0738 footTiltMaxLate=0.0153 comDrift=0.0254 comWander=0.032 footSlide=0.0855 jointErrorMax=0.000254 msPerStep=0.0484 today=true clean=true
kind=B settings=[object Object] label=MuJoCo substeps=4 timeconst=0.06 handJitterRms=0.0000808 wristJitterRms=0.0000792 swingErrorMax=0.248 swingErrorRms=0.153 overshoot=0.258 ringRms=0.0789 settle=0.558 msPerStep=0.0163 deviation=0.0105 today=true clean=false
kind=A settings=[object Object] cond=1 label=MuJoCo substeps=4 iterations=1 ls_iterations=4 timeconst=0.04 standing=true footSpinRms=0.0000216 footTiltMax=0.0426 footTiltMaxLate=0.00187 comDrift=0.00135 comWander=0.00186 footSlide=0.0552 jointErrorMax=0.0000332 msPerStep=0.0478 today=true clean=true
kind=B settings=[object Object] label=MuJoCo substeps=4 iterations=1 ls_iterations=4 timeconst=0.04 handJitterRms=0.0000808 wristJitterRms=0.0000792 swingErrorMax=0.248 swingErrorRms=0.153 overshoot=0.258 ringRms=0.0789 settle=0.558 msPerStep=0.0169 deviation=0.0105 today=true clean=false
kind=A settings=[object Object] cond=1 label=MuJoCo substeps=4 iterations=2 ls_iterations=4 timeconst=0.04 standing=true footSpinRms=0.0000216 footTiltMax=0.0426 footTiltMaxLate=0.00187 comDrift=0.00135 comWander=0.00186 footSlide=0.0552 jointErrorMax=0.0000332 msPerStep=0.0483 today=true clean=true
kind=B settings=[object Object] label=MuJoCo substeps=4 iterations=2 ls_iterations=4 timeconst=0.04 handJitterRms=0.0000808 wristJitterRms=0.0000792 swingErrorMax=0.248 swingErrorRms=0.153 overshoot=0.258 ringRms=0.0789 settle=0.558 msPerStep=0.0173 deviation=0.0105 today=true clean=false
kind=A settings=[object Object] cond=1 label=MuJoCo substeps=4 iterations=4 ls_iterations=4 timeconst=0.04 standing=true footSpinRms=0.0000216 footTiltMax=0.0426 footTiltMaxLate=0.00187 comDrift=0.00135 comWander=0.00186 footSlide=0.0552 jointErrorMax=0.0000332 msPerStep=0.0481 today=true clean=true
kind=B settings=[object Object] label=MuJoCo substeps=4 iterations=4 ls_iterations=4 timeconst=0.04 handJitterRms=0.0000808 wristJitterRms=0.0000792 swingErrorMax=0.248 swingErrorRms=0.153 overshoot=0.258 ringRms=0.0789 settle=0.558 msPerStep=0.0164 deviation=0.0105 today=true clean=false
