mujoco: {"hz":120,"substeps":2} cond={"foot.left":100,"foot.right":100}, init 75.7 ms
layout N | total med p95 | solver med p95 | read med | control med | alloc B/step gc | upright maxSpeed
spaced 1 | 0.103 0.112 | 0.095 0.102 | 0.001 | 0.007 | 2153 0/0/0 | 1/1/1 0.011
spaced 2 | 0.209 0.256 | 0.194 0.235 | 0.001 | 0.014 | 3100 0/0/0 | 2/2/2 0.011
spaced 4 | 0.407 0.447 | 0.379 0.418 | 0.001 | 0.027 | 4324 0/0/0 | 4/4/4 0.011
spaced 8 | 0.816 0.873 | 0.759 0.795 | 0.002 | 0.053 | 8554 0/0/0 | 8/8/8 0.015
spaced 16 | 1.593 1.707 | 1.484 1.567 | 0.004 | 0.109 | 15666 0/0/0 | 16/16/16 0.015
spaced 32 | 3.233 3.551 | 2.989 3.118 | 0.007 | 0.226 | 31026 0/0/0 | 32/32/32 0.015
spaced 48 | 4.897 5.784 | 4.541 4.847 | 0.011 | 0.341 | 46386 0/0/0 | 48/48/48 0.015
spaced 64 | 7.285 8.371 | 6.332 6.837 | 0.016 | 0.956 | 61746 0/0/0 | 64/64/64 0.015
pile 1 | 0.108 0.128 | 0.100 0.116 | 0.000 | 0.007 | 1266 0/0/0 | 1/1/1 0.000
pile 2 | 0.221 0.228 | 0.206 0.213 | 0.001 | 0.014 | 2227 0/0/0 | 2/2/2 0.000
pile 4 | 0.437 0.446 | 0.409 0.418 | 0.001 | 0.027 | 4146 0/0/0 | 4/4/4 0.000
pile 8 | 0.873 0.923 | 0.817 0.856 | 0.002 | 0.053 | 7986 0/0/0 | 8/8/8 0.000
pile 16 | 1.648 1.912 | 1.533 1.797 | 0.004 | 0.108 | 15666 0/0/0 | 16/16/16 3.025
pile 32 | 3.263 4.209 | 2.964 3.824 | 0.007 | 0.267 | 31022 0/0/0 | 32/32/32 3.596
pile 48 | 4.750 6.160 | 4.294 5.739 | 0.011 | 0.352 | 46386 0/0/0 | 48/48/48 0.082
pile 64 | 6.046 8.150 | 5.576 7.652 | 0.014 | 0.426 | 61746 0/0/0 | 64/64/64 0.082
machine busy over the run: 12 % of 32 logical CPUs
mujoco-1step: {"hz":120,"substeps":1,"timeconst":0.03} cond={"foot.left":100,"foot.right":100}, init 67.4 ms
layout N | total med p95 | solver med p95 | read med | control med | alloc B/step gc | upright maxSpeed
spaced 1 | 0.056 0.064 | 0.048 0.052 | 0.001 | 0.007 | 2677 0/0/0 | 1/1/1 0.014
spaced 2 | 0.111 0.114 | 0.097 0.100 | 0.001 | 0.014 | 2938 0/0/0 | 2/2/2 0.012
spaced 4 | 0.212 0.217 | 0.185 0.190 | 0.001 | 0.026 | 4482 0/0/0 | 4/4/4 0.018
spaced 8 | 0.428 0.507 | 0.372 0.385 | 0.002 | 0.053 | 17995 0/0/0 | 8/8/8 0.018
spaced 16 | 0.858 0.881 | 0.742 0.758 | 0.004 | 0.104 | 15666 0/0/0 | 16/16/16 0.019
spaced 32 | 1.706 1.779 | 1.485 1.523 | 0.007 | 0.213 | 31026 0/0/0 | 32/32/32 0.019
spaced 48 | 2.543 2.665 | 2.224 2.289 | 0.010 | 0.307 | 46386 0/0/0 | 48/48/48 0.019
spaced 64 | 3.502 3.809 | 3.055 3.189 | 0.014 | 0.419 | 61746 0/0/0 | 64/64/64 0.019
pile 1 | 0.059 0.060 | 0.051 0.052 | 0.000 | 0.007 | 1266 0/0/0 | 1/1/1 0.001
pile 2 | 0.119 0.122 | 0.104 0.107 | 0.001 | 0.014 | 2227 0/0/0 | 2/2/2 0.001
pile 4 | 0.233 0.241 | 0.205 0.212 | 0.001 | 0.026 | 4146 0/0/0 | 4/4/4 0.001
pile 8 | 0.451 0.461 | 0.398 0.408 | 0.002 | 0.050 | 7986 0/0/0 | 8/8/8 0.001
pile 16 | 0.894 1.092 | 0.785 0.973 | 0.004 | 0.106 | 15666 0/0/0 | 16/16/16 2.785
pile 32 | 1.672 2.522 | 1.455 2.207 | 0.007 | 0.210 | 31022 0/0/0 | 32/32/32 2.785
pile 48 | 2.429 3.697 | 2.105 3.311 | 0.010 | 0.312 | 46382 0/0/0 | 48/48/48 2.785
pile 64 | 3.199 4.558 | 2.781 4.096 | 0.013 | 0.406 | 61742 0/0/0 | 64/64/64 3.395
machine busy over the run: 10 % of 32 logical CPUs
rapier: {"hz":120,"substeps":1,"iterations":16,"pgs":2} cond={"foot.left":100,"foot.right":100}, init 119 ms
layout N | total med p95 | solver med p95 | read med | control med | alloc B/step gc | upright maxSpeed
spaced 1 | 0.284 0.330 | 0.259 0.296 | 0.007 | 0.018 | 2000 0/0/0 | 1/1/1 0.011
spaced 2 | 0.488 0.510 | 0.444 0.463 | 0.012 | 0.035 | 18700 0/0/0 | 2/2/2 0.019
spaced 4 | 0.955 1.197 | 0.871 1.083 | 0.024 | 0.048 | 33826 0/0/0 | 4/4/4 0.019
spaced 8 | 1.860 2.091 | 1.713 1.922 | 0.048 | 0.093 | 18860 0/0/0 | 8/8/8 0.019
spaced 16 | 4.551 4.902 | 4.268 4.568 | 0.096 | 0.184 | 43260 0/0/0 | 16/16/16 0.017
spaced 32 | 9.215 11.0 | 8.633 9.673 | 0.190 | 0.378 | 75952 0/0/0 | 32/32/32 0.019
spaced 48 | 13.8 16.2 | 13.0 14.6 | 0.284 | 0.551 | 116427 0/0/0 | 48/48/48 0.020
spaced 64 | 18.5 20.8 | 17.4 19.3 | 0.377 | 0.751 | 166705 0/0/0 | 64/64/64 0.028
pile 1 | 0.257 0.281 | 0.239 0.259 | 0.006 | 0.012 | 21097 0/0/0 | 1/1/1 0.018
pile 2 | 0.482 0.529 | 0.446 0.477 | 0.012 | 0.024 | 40849 0/0/0 | 2/2/2 0.026
pile 4 | 0.929 1.017 | 0.859 0.939 | 0.024 | 0.046 | 80291 0/0/0 | 4/4/4 0.026
pile 8 | 1.838 1.907 | 1.700 1.766 | 0.047 | 0.090 | 158626 0/0/0 | 8/8/8 0.031
pile 16 | 4.697 5.030 | 4.417 4.744 | 0.092 | 0.186 | 137878 0/0/0 | 0/0/0 11.5
pile 32 | 11.4 13.0 | 10.8 12.4 | 0.184 | 0.375 | 79876 0/0/0 | 0/0/0 12.5
pile 48 | 18.1 20.7 | 17.2 19.8 | 0.277 | 0.582 | 215486 0/0/0 | 1/1/1 14.8
pile 64 | 25.6 30.3 | 24.2 28.9 | 0.371 | 0.984 | 175446 0/0/0 | 3/3/3 10.5
machine busy over the run: 5 % of 32 logical CPUs
rapier-simd: {"hz":120,"substeps":1,"iterations":16,"pgs":2} cond={"foot.left":100,"foot.right":100}, init 125 ms
layout N | total med p95 | solver med p95 | read med | control med | alloc B/step gc | upright maxSpeed
spaced 1 | 0.241 0.271 | 0.216 0.232 | 0.007 | 0.017 | 2018 0/0/0 | 1/1/1 0.011
spaced 2 | 0.467 0.491 | 0.419 0.441 | 0.013 | 0.035 | 18524 0/0/0 | 2/2/2 0.011
spaced 4 | 0.884 1.022 | 0.813 0.950 | 0.025 | 0.047 | 33815 0/0/0 | 4/4/4 0.011
spaced 8 | 1.771 1.850 | 1.617 1.687 | 0.049 | 0.092 | 19099 0/0/0 | 8/8/8 0.013
spaced 16 | 2.186 2.354 | 1.910 2.015 | 0.098 | 0.177 | 43206 0/0/0 | 16/16/16 0.013
spaced 32 | 3.956 4.277 | 3.389 3.491 | 0.197 | 0.358 | 76293 0/0/0 | 32/32/32 0.020
spaced 48 | 5.967 6.649 | 5.145 5.498 | 0.295 | 0.530 | 117044 0/0/0 | 48/48/48 0.020
spaced 64 | 7.518 8.362 | 6.398 6.870 | 0.394 | 0.728 | 167167 0/0/0 | 64/64/64 0.020
pile 1 | 0.236 0.253 | 0.217 0.227 | 0.006 | 0.012 | 21110 0/0/0 | 1/1/1 0.015
pile 2 | 0.455 0.474 | 0.418 0.434 | 0.012 | 0.024 | 40852 0/0/0 | 2/2/2 0.023
pile 4 | 0.887 0.918 | 0.817 0.842 | 0.024 | 0.046 | 80353 0/0/0 | 4/4/4 0.023
pile 8 | 1.786 1.833 | 1.640 1.679 | 0.049 | 0.090 | 158868 0/0/0 | 8/8/8 0.023
pile 16 | 4.056 4.174 | 3.773 3.871 | 0.097 | 0.184 | 137821 0/0/0 | 0/0/0 10.4
pile 32 | 6.353 7.101 | 5.782 6.359 | 0.193 | 0.363 | 80018 0/0/0 | 1/1/1 9.348
pile 48 | 9.253 10.6 | 8.379 9.489 | 0.292 | 0.570 | 215334 0/0/0 | 1/1/1 10.9
pile 64 | 13.4 16.3 | 12.1 14.2 | 0.395 | 0.959 | 175099 0/0/0 | 6/6/6 11.4
machine busy over the run: 6 % of 32 logical CPUs
BJS - [11:00:29]: Babylon.js v9.18.1 - Null engine
havok: {"hz":120,"substeps":12,"damping":"default"} cond={"foot.left":300,"foot.right":300}, init 15.6 ms
layout N | total med p95 | solver med p95 | read med | control med | alloc B/step gc | upright maxSpeed
BJS - [11:00:29]: Babylon.js v9.18.1 - Null engine
BJS - [11:00:29]: Babylon.js v9.18.1 - Null engine
BJS - [11:00:30]: Babylon.js v9.18.1 - Null engine
spaced 1 | 0.403 0.419 | 0.378 0.393 | 0.018 | 0.007 | 1423 0/0/0 | 1/1/1 0.003
BJS - [11:00:30]: Babylon.js v9.18.1 - Null engine
BJS - [11:00:30]: Babylon.js v9.18.1 - Null engine
BJS - [11:00:30]: Babylon.js v9.18.1 - Null engine
spaced 2 | 0.754 0.785 | 0.708 0.737 | 0.033 | 0.013 | 1736 0/0/0 | 2/2/2 0.003
BJS - [11:00:31]: Babylon.js v9.18.1 - Null engine
BJS - [11:00:31]: Babylon.js v9.18.1 - Null engine
BJS - [11:00:32]: Babylon.js v9.18.1 - Null engine
spaced 4 | 1.455 1.519 | 1.362 1.414 | 0.064 | 0.026 | 2033 0/0/0 | 4/4/4 0.003
BJS - [11:00:33]: Babylon.js v9.18.1 - Null engine
BJS - [11:00:34]: Babylon.js v9.18.1 - Null engine
BJS - [11:00:35]: Babylon.js v9.18.1 - Null engine
spaced 8 | 2.814 3.002 | 2.640 2.814 | 0.124 | 0.050 | 3304 0/0/0 | 8/8/8 0.003
BJS - [11:00:36]: Babylon.js v9.18.1 - Null engine
BJS - [11:00:39]: Babylon.js v9.18.1 - Null engine
BJS - [11:00:41]: Babylon.js v9.18.1 - Null engine
spaced 16 | 5.558 5.845 | 5.201 5.462 | 0.249 | 0.100 | 5774 0/0/0 | 16/16/16 0.003
BJS - [11:00:44]: Babylon.js v9.18.1 - Null engine
BJS - [11:00:48]: Babylon.js v9.18.1 - Null engine
BJS - [11:00:53]: Babylon.js v9.18.1 - Null engine
spaced 32 | 11.2 12.3 | 10.5 11.4 | 0.495 | 0.202 | 10706 0/0/0 | 32/32/32 0.003
BJS - [11:00:58]: Babylon.js v9.18.1 - Null engine
BJS - [11:01:05]: Babylon.js v9.18.1 - Null engine
BJS - [11:01:13]: Babylon.js v9.18.1 - Null engine
spaced 48 | 16.9 20.2 | 15.8 18.6 | 0.749 | 0.313 | 15639 0/0/0 | 48/48/48 0.003
BJS - [11:01:20]: Babylon.js v9.18.1 - Null engine
BJS - [11:01:30]: Babylon.js v9.18.1 - Null engine
BJS - [11:01:39]: Babylon.js v9.18.1 - Null engine
spaced 64 | 22.4 23.7 | 20.9 21.8 | 1.000 | 0.478 | 20581 0/0/0 | 64/64/64 0.003
BJS - [11:01:49]: Babylon.js v9.18.1 - Null engine
BJS - [11:01:49]: Babylon.js v9.18.1 - Null engine
BJS - [11:01:49]: Babylon.js v9.18.1 - Null engine
pile 1 | 0.403 0.603 | 0.379 0.567 | 0.017 | 0.007 | 47603 0/0/0 | 1/1/1 0.003
BJS - [11:01:50]: Babylon.js v9.18.1 - Null engine
BJS - [11:01:50]: Babylon.js v9.18.1 - Null engine
BJS - [11:01:51]: Babylon.js v9.18.1 - Null engine
pile 2 | 0.751 0.774 | 0.705 0.727 | 0.032 | 0.014 | 94517 0/0/0 | 2/2/2 0.003
BJS - [11:01:51]: Babylon.js v9.18.1 - Null engine
BJS - [11:01:52]: Babylon.js v9.18.1 - Null engine
BJS - [11:01:53]: Babylon.js v9.18.1 - Null engine
pile 4 | 1.458 1.498 | 1.367 1.406 | 0.063 | 0.026 | 1975 0/0/0 | 4/4/4 0.003
BJS - [11:01:53]: Babylon.js v9.18.1 - Null engine
BJS - [11:01:55]: Babylon.js v9.18.1 - Null engine
BJS - [11:01:57]: Babylon.js v9.18.1 - Null engine
pile 8 | 2.797 2.849 | 2.622 2.668 | 0.124 | 0.050 | 3252 0/0/0 | 8/8/8 0.003
BJS - [11:01:58]: Babylon.js v9.18.1 - Null engine
BJS - [11:02:02]: Babylon.js v9.18.1 - Null engine
BJS - [11:02:06]: Babylon.js v9.18.1 - Null engine
pile 16 | 7.004 7.202 | 6.634 6.803 | 0.255 | 0.110 | 5807 0/0/0 | 0/0/0 9.564
BJS - [11:02:09]: Babylon.js v9.18.1 - Null engine
BJS - [11:02:17]: Babylon.js v9.18.1 - Null engine
BJS - [11:02:24]: Babylon.js v9.18.1 - Null engine
pile 32 | 14.4 15.0 | 13.7 14.3 | 0.497 | 0.215 | 10838 0/0/0 | 0/0/0 9.880
BJS - [11:02:32]: Babylon.js v9.18.1 - Null engine
BJS - [11:02:44]: Babylon.js v9.18.1 - Null engine
BJS - [11:02:56]: Babylon.js v9.18.1 - Null engine
pile 48 | 23.0 24.8 | 21.8 23.5 | 0.749 | 0.337 | 15835 0/0/0 | 1/1/1 13.1
BJS - [11:03:08]: Babylon.js v9.18.1 - Null engine
BJS - [11:03:25]: Babylon.js v9.18.1 - Null engine
BJS - [11:03:41]: Babylon.js v9.18.1 - Null engine
pile 64 | 32.7 35.5 | 31.1 33.8 | 1.004 | 0.572 | 20840 0/0/0 | 4/4/4 11.7
machine busy over the run: 4 % of 32 logical CPUs
BJS - [11:03:58]: Babylon.js v9.18.1 - Null engine
havok-today: {"hz":120,"substeps":1,"damping":"default"} cond={"foot.left":100,"foot.right":100}, init 15.4 ms
layout N | total med p95 | solver med p95 | read med | control med | alloc B/step gc | upright maxSpeed
BJS - [11:03:58]: Babylon.js v9.18.1 - Null engine
BJS - [11:03:58]: Babylon.js v9.18.1 - Null engine
BJS - [11:03:58]: Babylon.js v9.18.1 - Null engine
spaced 1 | 0.075 0.103 | 0.045 0.059 | 0.018 | 0.008 | 16645 0/0/0 | 0/0/0 4.176
BJS - [11:03:58]: Babylon.js v9.18.1 - Null engine
BJS - [11:03:58]: Babylon.js v9.18.1 - Null engine
BJS - [11:03:58]: Babylon.js v9.18.1 - Null engine
spaced 2 | 0.129 0.143 | 0.082 0.095 | 0.032 | 0.014 | 32580 0/0/0 | 0/0/0 8.256
BJS - [11:03:58]: Babylon.js v9.18.1 - Null engine
BJS - [11:03:59]: Babylon.js v9.18.1 - Null engine
BJS - [11:03:59]: Babylon.js v9.18.1 - Null engine
spaced 4 | 0.241 0.263 | 0.151 0.173 | 0.062 | 0.027 | 17514 0/0/0 | 0/0/0 11.4
BJS - [11:03:59]: Babylon.js v9.18.1 - Null engine
BJS - [11:03:59]: Babylon.js v9.18.1 - Null engine
BJS - [11:03:59]: Babylon.js v9.18.1 - Null engine
spaced 8 | 0.479 0.552 | 0.302 0.346 | 0.122 | 0.053 | 34735 0/0/0 | 0/0/0 8.256
BJS - [11:03:59]: Babylon.js v9.18.1 - Null engine
BJS - [11:04:00]: Babylon.js v9.18.1 - Null engine
BJS - [11:04:00]: Babylon.js v9.18.1 - Null engine
spaced 16 | 0.950 1.009 | 0.596 0.642 | 0.245 | 0.108 | 68965 0/0/0 | 0/0/0 10.1
BJS - [11:04:01]: Babylon.js v9.18.1 - Null engine
BJS - [11:04:02]: Babylon.js v9.18.1 - Null engine
BJS - [11:04:02]: Babylon.js v9.18.1 - Null engine
spaced 32 | 1.874 2.019 | 1.166 1.278 | 0.489 | 0.211 | 137555 0/0/0 | 0/0/0 11.3
BJS - [11:04:03]: Babylon.js v9.18.1 - Null engine
BJS - [11:04:04]: Babylon.js v9.18.1 - Null engine
BJS - [11:04:06]: Babylon.js v9.18.1 - Null engine
spaced 48 | 2.841 3.018 | 1.766 1.898 | 0.740 | 0.319 | 19794 0/0/0 | 0/0/0 11.3
BJS - [11:04:07]: Babylon.js v9.18.1 - Null engine
BJS - [11:04:08]: Babylon.js v9.18.1 - Null engine
BJS - [11:04:10]: Babylon.js v9.18.1 - Null engine
spaced 64 | 3.716 3.981 | 2.285 2.519 | 0.980 | 0.427 | 88376 0/0/0 | 0/0/0 16.7
BJS - [11:04:12]: Babylon.js v9.18.1 - Null engine
BJS - [11:04:12]: Babylon.js v9.18.1 - Null engine
BJS - [11:04:12]: Babylon.js v9.18.1 - Null engine
pile 1 | 0.066 0.075 | 0.042 0.050 | 0.016 | 0.007 | 16275 0/0/0 | 0/0/0 7.507
BJS - [11:04:12]: Babylon.js v9.18.1 - Null engine
BJS - [11:04:12]: Babylon.js v9.18.1 - Null engine
BJS - [11:04:12]: Babylon.js v9.18.1 - Null engine
pile 2 | 0.132 0.190 | 0.087 0.123 | 0.031 | 0.014 | 32216 0/0/0 | 0/0/0 8.487
BJS - [11:04:12]: Babylon.js v9.18.1 - Null engine
BJS - [11:04:12]: Babylon.js v9.18.1 - Null engine
BJS - [11:04:13]: Babylon.js v9.18.1 - Null engine
pile 4 | 0.252 0.269 | 0.162 0.176 | 0.063 | 0.027 | 64086 0/0/0 | 0/0/0 10.2
BJS - [11:04:13]: Babylon.js v9.18.1 - Null engine
BJS - [11:04:13]: Babylon.js v9.18.1 - Null engine
BJS - [11:04:13]: Babylon.js v9.18.1 - Null engine
pile 8 | 0.481 0.534 | 0.303 0.330 | 0.123 | 0.052 | 127831 0/0/0 | 0/0/0 10.5
BJS - [11:04:14]: Babylon.js v9.18.1 - Null engine
BJS - [11:04:14]: Babylon.js v9.18.1 - Null engine
BJS - [11:04:15]: Babylon.js v9.18.1 - Null engine
pile 16 | 1.000 1.067 | 0.648 0.690 | 0.245 | 0.105 | 68951 0/0/0 | 0/0/0 11.3
BJS - [11:04:15]: Babylon.js v9.18.1 - Null engine
BJS - [11:04:17]: Babylon.js v9.18.1 - Null engine
BJS - [11:04:18]: Babylon.js v9.18.1 - Null engine
pile 32 | 2.132 2.215 | 1.419 1.486 | 0.495 | 0.216 | 137556 0/0/0 | 0/0/0 12.5
BJS - [11:04:19]: Babylon.js v9.18.1 - Null engine
BJS - [11:04:21]: Babylon.js v9.18.1 - Null engine
BJS - [11:04:23]: Babylon.js v9.18.1 - Null engine
pile 48 | 3.512 3.815 | 2.448 2.687 | 0.735 | 0.320 | 19794 0/0/0 | 0/0/0 11.6
BJS - [11:04:25]: Babylon.js v9.18.1 - Null engine
BJS - [11:04:28]: Babylon.js v9.18.1 - Null engine
BJS - [11:04:30]: Babylon.js v9.18.1 - Null engine
pile 64 | 4.842 5.755 | 3.409 4.242 | 0.980 | 0.448 | 88467 0/0/0 | 0/0/0 11.2
machine busy over the run: 4 % of 32 logical CPUs
BJS - [11:04:33]: Babylon.js v9.18.1 - Null engine
havok-real-today: {"hz":120,"substeps":1} cond={"foot.left":100,"foot.right":100} (real buildBody), init 16.0 ms
layout N | total med p95 | solver med p95 | read med | control med | alloc B/step gc | upright maxSpeed
BJS - [11:04:34]: Babylon.js v9.18.1 - Null engine
BJS - [11:04:34]: Babylon.js v9.18.1 - Null engine
BJS - [11:04:34]: Babylon.js v9.18.1 - Null engine
spaced 1 | 0.088 0.102 | 0.067 0.077 | 0.013 | 0.008 | 24396 0/0/0 | 0/0/0 8.745
BJS - [11:04:34]: Babylon.js v9.18.1 - Null engine
BJS - [11:04:34]: Babylon.js v9.18.1 - Null engine
BJS - [11:04:34]: Babylon.js v9.18.1 - Null engine
spaced 2 | 0.151 0.164 | 0.114 0.127 | 0.021 | 0.015 | 45978 0/0/0 | 0/0/0 8.452
BJS - [11:04:34]: Babylon.js v9.18.1 - Null engine
BJS - [11:04:34]: Babylon.js v9.18.1 - Null engine
BJS - [11:04:34]: Babylon.js v9.18.1 - Null engine
spaced 4 | 0.285 0.307 | 0.214 0.236 | 0.042 | 0.029 | 37382 0/0/0 | 0/0/0 8.553
BJS - [11:04:34]: Babylon.js v9.18.1 - Null engine
BJS - [11:04:35]: Babylon.js v9.18.1 - Null engine
BJS - [11:04:35]: Babylon.js v9.18.1 - Null engine
spaced 8 | 0.549 0.596 | 0.409 0.450 | 0.083 | 0.056 | 82366 0/0/0 | 0/0/0 8.834
BJS - [11:04:35]: Babylon.js v9.18.1 - Null engine
BJS - [11:04:36]: Babylon.js v9.18.1 - Null engine
BJS - [11:04:36]: Babylon.js v9.18.1 - Null engine
spaced 16 | 1.079 1.159 | 0.796 0.862 | 0.172 | 0.109 | 48689 0/0/0 | 0/0/0 15.3
BJS - [11:04:37]: Babylon.js v9.18.1 - Null engine
BJS - [11:04:38]: Babylon.js v9.18.1 - Null engine
BJS - [11:04:39]: Babylon.js v9.18.1 - Null engine
spaced 32 | 2.152 2.310 | 1.582 1.739 | 0.344 | 0.219 | 95751 0/0/0 | 0/0/0 15.3
BJS - [11:04:40]: Babylon.js v9.18.1 - Null engine
BJS - [11:04:42]: Babylon.js v9.18.1 - Null engine
BJS - [11:04:44]: Babylon.js v9.18.1 - Null engine
spaced 48 | 3.289 3.515 | 2.422 2.610 | 0.520 | 0.336 | 49661 0/0/0 | 0/0/0 15.3
BJS - [11:04:46]: Babylon.js v9.18.1 - Null engine
BJS - [11:04:48]: Babylon.js v9.18.1 - Null engine
BJS - [11:04:50]: Babylon.js v9.18.1 - Null engine
spaced 64 | 4.601 5.163 | 3.342 3.762 | 0.714 | 0.507 | 3602 0/0/0 | 0/0/0 15.3
BJS - [11:04:53]: Babylon.js v9.18.1 - Null engine
BJS - [11:04:53]: Babylon.js v9.18.1 - Null engine
BJS - [11:04:53]: Babylon.js v9.18.1 - Null engine
pile 1 | 0.081 0.087 | 0.062 0.069 | 0.011 | 0.008 | 21958 0/0/0 | 0/0/0 3.337
BJS - [11:04:53]: Babylon.js v9.18.1 - Null engine
BJS - [11:04:53]: Babylon.js v9.18.1 - Null engine
BJS - [11:04:53]: Babylon.js v9.18.1 - Null engine
pile 2 | 0.150 0.162 | 0.115 0.127 | 0.020 | 0.015 | 42375 0/0/0 | 0/0/0 6.865
BJS - [11:04:53]: Babylon.js v9.18.1 - Null engine
BJS - [11:04:53]: Babylon.js v9.18.1 - Null engine
BJS - [11:04:54]: Babylon.js v9.18.1 - Null engine
pile 4 | 0.286 0.303 | 0.217 0.232 | 0.041 | 0.028 | 83211 0/0/0 | 0/0/0 7.373
BJS - [11:04:54]: Babylon.js v9.18.1 - Null engine
BJS - [11:04:54]: Babylon.js v9.18.1 - Null engine
BJS - [11:04:55]: Babylon.js v9.18.1 - Null engine
pile 8 | 0.569 0.592 | 0.431 0.452 | 0.083 | 0.055 | 164879 0/0/0 | 0/0/0 11.4
BJS - [11:04:55]: Babylon.js v9.18.1 - Null engine
BJS - [11:04:56]: Babylon.js v9.18.1 - Null engine
BJS - [11:04:56]: Babylon.js v9.18.1 - Null engine
pile 16 | 1.170 1.215 | 0.880 0.913 | 0.179 | 0.112 | 141829 0/0/0 | 0/0/0 13.2
BJS - [11:04:57]: Babylon.js v9.18.1 - Null engine
BJS - [11:04:59]: Babylon.js v9.18.1 - Null engine
BJS - [11:05:01]: Babylon.js v9.18.1 - Null engine
pile 32 | 2.524 2.686 | 1.957 2.103 | 0.356 | 0.219 | 95751 0/0/0 | 0/0/0 11.3
BJS - [11:05:02]: Babylon.js v9.18.1 - Null engine
BJS - [11:05:05]: Babylon.js v9.18.1 - Null engine
BJS - [11:05:07]: Babylon.js v9.18.1 - Null engine
pile 48 | 4.135 4.614 | 3.254 3.640 | 0.533 | 0.340 | 49661 0/0/0 | 0/0/0 15.0
BJS - [11:05:10]: Babylon.js v9.18.1 - Null engine
BJS - [11:05:13]: Babylon.js v9.18.1 - Null engine
BJS - [11:05:17]: Babylon.js v9.18.1 - Null engine
pile 64 | 6.241 7.455 | 4.878 6.074 | 0.765 | 0.590 | 3602 0/0/0 | 3/3/3 16.7
machine busy over the run: 5 % of 32 logical CPUs
mujoco-mt-t1: {"hz":120,"substeps":2,"threads":1} cond={"foot.left":100,"foot.right":100}, init 238 ms
layout N | total med p95 | solver med p95 | read med | control med | alloc B/step gc | upright maxSpeed
spaced 1 | 0.100 0.104 | 0.091 0.095 | 0.001 | 0.008 | 2154 0/0/0 | 1/1/1 0.011
spaced 2 | 0.203 0.208 | 0.188 0.194 | 0.001 | 0.014 | 3100 0/0/0 | 2/2/2 0.011
spaced 4 | 0.393 0.404 | 0.365 0.376 | 0.001 | 0.026 | 4328 0/0/0 | 4/4/4 0.011
spaced 8 | 0.771 0.792 | 0.719 0.739 | 0.002 | 0.051 | 7986 0/0/0 | 8/8/8 0.015
spaced 16 | 1.562 1.615 | 1.453 1.512 | 0.004 | 0.104 | 15666 0/0/0 | 16/16/16 0.015
spaced 32 | 3.094 3.188 | 2.886 2.949 | 0.007 | 0.202 | 31026 0/0/0 | 32/32/32 0.015
spaced 48 | 4.685 4.954 | 4.368 4.552 | 0.010 | 0.307 | 46386 0/0/0 | 48/48/48 0.015
spaced 64 | 6.352 6.583 | 5.929 6.104 | 0.013 | 0.408 | 61746 0/0/0 | 64/64/64 0.015
pile 1 | 0.107 0.109 | 0.099 0.102 | 0.000 | 0.007 | 1266 0/0/0 | 1/1/1 0.000
pile 2 | 0.216 0.221 | 0.202 0.206 | 0.001 | 0.013 | 2227 0/0/0 | 2/2/2 0.000
pile 4 | 0.422 0.450 | 0.395 0.423 | 0.001 | 0.026 | 4146 0/0/0 | 4/4/4 0.000
pile 8 | 0.844 0.861 | 0.791 0.806 | 0.002 | 0.050 | 7986 0/0/0 | 8/8/8 0.000
pile 16 | 1.581 1.849 | 1.475 1.744 | 0.004 | 0.101 | 15666 0/0/0 | 16/16/16 3.025
pile 32 | 3.023 3.855 | 2.810 3.641 | 0.007 | 0.202 | 31022 0/0/0 | 32/32/32 3.596
pile 48 | 4.406 5.809 | 4.096 5.491 | 0.010 | 0.305 | 46386 0/0/0 | 48/48/48 0.082
pile 64 | 5.807 7.858 | 5.385 7.428 | 0.013 | 0.399 | 61746 0/0/0 | 64/64/64 0.082
machine busy over the run: 6 % of 32 logical CPUs
mujoco-mt-t2: {"hz":120,"substeps":2,"threads":2} cond={"foot.left":100,"foot.right":100}, init 229 ms
layout N | total med p95 | solver med p95 | read med | control med | alloc B/step gc | upright maxSpeed
spaced 1 | 0.101 0.108 | 0.093 0.100 | 0.001 | 0.007 | 2153 0/0/0 | 1/1/1 0.011
spaced 2 | 0.202 0.221 | 0.187 0.207 | 0.001 | 0.014 | 3100 0/0/0 | 2/2/2 0.011
spaced 4 | 0.362 0.456 | 0.335 0.428 | 0.001 | 0.026 | 4651 0/0/0 | 4/4/4 0.011
spaced 8 | 0.715 32.0 | 0.661 31.9 | 0.002 | 0.052 | 7986 0/0/0 | 8/8/8 0.015
spaced 16 | 16.3 63.3 | 16.2 63.0 | 0.004 | 0.106 | 15666 0/0/0 | 16/16/16 0.015
spaced 32 | 63.6 64.1 | 63.3 63.8 | 0.007 | 0.260 | 2043 0/0/0 | 32/32/32 0.015
spaced 48 | 64.0 64.1 | 63.3 63.7 | 0.011 | 0.426 | 2861 0/0/0 | 48/48/48 0.015
spaced 64 | 63.9 64.1 | 63.1 63.5 | 0.015 | 0.650 | 704 0/0/0 | 64/64/64 0.015
pile 1 | 0.107 0.110 | 0.100 0.102 | 0.000 | 0.007 | 1266 0/0/0 | 1/1/1 0.000
pile 2 | 0.191 0.225 | 0.177 0.211 | 0.001 | 0.014 | 2227 0/0/0 | 2/2/2 0.000
pile 4 | 0.399 64.0 | 0.372 64.0 | 0.001 | 0.026 | 1266 0/0/0 | 4/4/4 0.000
pile 8 | 0.760 48.4 | 0.707 48.3 | 0.002 | 0.051 | 5085 0/0/0 | 8/8/8 0.000
pile 16 | 31.9 63.5 | 31.7 63.3 | 0.004 | 0.106 | 1208 0/0/0 | 16/16/16 3.025
pile 32 | 63.1 64.1 | 62.7 63.7 | 0.028 | 1.048 | 2131 0/0/0 | 32/32/32 3.596
pile 48 | 63.1 64.0 | 62.4 63.4 | 0.013 | 0.661 | 2850 0/0/0 | 48/48/48 0.082
pile 64 | 63.6 64.1 | 63.0 63.5 | 0.016 | 0.778 | 15189 0/0/0 | 64/64/64 0.082
machine busy over the run: 19 % of 32 logical CPUs
mujoco-mt-t4: {"hz":120,"substeps":2,"threads":4} cond={"foot.left":100,"foot.right":100}, init 234 ms
layout N | total med p95 | solver med p95 | read med | control med | alloc B/step gc | upright maxSpeed
spaced 1 | 0.103 0.105 | 0.095 0.096 | 0.001 | 0.008 | 2190 0/0/0 | 1/1/1 0.011
spaced 2 | 0.411 32.0 | 0.373 32.0 | 0.001 | 0.015 | 2730 0/0/0 | 2/2/2 0.011
spaced 4 | 0.372 30.9 | 0.343 30.9 | 0.001 | 0.027 | 4651 0/0/0 | 4/4/4 0.011
spaced 8 | 0.770 64.0 | 0.716 63.9 | 0.002 | 0.052 | 7986 0/0/0 | 8/8/8 0.015
spaced 16 | 47.5 64.0 | 47.4 63.7 | 0.005 | 0.198 | 15666 0/0/0 | 16/16/16 0.015
spaced 32 | 63.5 64.0 | 63.1 63.8 | 0.009 | 0.395 | 2134 0/0/0 | 32/32/32 0.015
spaced 48 | 64.0 64.1 | 63.3 63.7 | 0.012 | 0.587 | 2823 0/0/0 | 48/48/48 0.015
spaced 64 | 63.9 64.1 | 63.0 63.5 | 0.016 | 0.797 | 704 0/0/0 | 64/64/64 0.015
pile 1 | 0.109 0.114 | 0.101 0.106 | 0.000 | 0.007 | 1266 0/0/0 | 1/1/1 0.000
pile 2 | 0.214 32.0 | 0.200 32.0 | 0.001 | 0.014 | 2227 0/0/0 | 2/2/2 0.000
pile 4 | 0.418 0.592 | 0.390 0.544 | 0.001 | 0.026 | 4146 0/0/0 | 4/4/4 0.000
pile 8 | 15.4 63.5 | 15.3 63.3 | 0.002 | 0.054 | 7986 0/0/0 | 8/8/8 0.000
pile 16 | 47.2 63.7 | 47.0 63.5 | 0.006 | 0.207 | 1208 0/0/0 | 16/16/16 3.025
pile 32 | 63.1 64.1 | 62.7 63.7 | 0.009 | 0.411 | 2040 0/0/0 | 32/32/32 3.596
pile 48 | 63.1 64.0 | 62.7 63.7 | 0.011 | 0.353 | 2842 0/0/0 | 48/48/48 0.082
pile 64 | 64.6 93.0 | 62.5 88.4 | 0.063 | 3.814 | 15189 0/0/0 | 64/64/64 0.082
machine busy over the run: 16 % of 32 logical CPUs
mujoco-mt-t8: {"hz":120,"substeps":2,"threads":8} cond={"foot.left":100,"foot.right":100}, init 816 ms
layout N | total med p95 | solver med p95 | read med | control med | alloc B/step gc | upright maxSpeed
spaced 1 | 0.150 0.187 | 0.136 0.165 | 0.001 | 0.012 | 2153 0/0/0 | 1/1/1 0.011
spaced 2 | 38.3 68.9 | 38.1 68.7 | 0.011 | 0.166 | 2730 0/0/0 | 2/2/2 0.011
spaced 4 | 34.3 59.7 | 34.0 59.4 | 0.013 | 0.284 | 1756 0/0/0 | 4/4/4 0.011
spaced 8 | 65.8 97.2 | 65.3 96.6 | 0.033 | 0.490 | 2295 0/0/0 | 8/8/8 0.015
spaced 16 | 65.7 93.7 | 64.8 92.4 | 0.030 | 0.812 | 1298 0/0/0 | 16/16/16 0.015
spaced 32 | 66.8 99.4 | 65.2 97.4 | 0.037 | 1.686 | 2134 0/0/0 | 32/32/32 0.015
spaced 48 | 67.6 97.7 | 65.1 94.7 | 0.048 | 2.611 | 2823 0/0/0 | 48/48/48 0.015
spaced 64 | 66.6 96.3 | 62.7 92.8 | 0.055 | 3.518 | 704 0/0/0 | 64/64/64 0.015
pile 1 | 0.159 0.180 | 0.145 0.165 | 0.001 | 0.012 | 1266 0/0/0 | 1/1/1 0.000
pile 2 | 33.1 53.6 | 33.0 53.4 | 0.011 | 0.155 | 2227 0/0/0 | 2/2/2 0.000
pile 4 | 67.6 102 | 67.3 102 | 0.022 | 0.279 | 1264 0/0/0 | 4/4/4 0.000
pile 8 | 65.6 98.7 | 65.0 98.2 | 0.033 | 0.444 | 2217 0/0/0 | 8/8/8 0.000
pile 16 | 65.0 94.3 | 63.9 93.4 | 0.032 | 0.816 | 1298 0/0/0 | 16/16/16 3.025
pile 32 | 65.7 99.0 | 64.0 97.3 | 0.038 | 1.624 | 2131 0/0/0 | 32/32/32 3.596
pile 48 | 65.2 98.6 | 62.8 95.6 | 0.050 | 2.547 | 2940 0/0/0 | 48/48/48 0.082
pile 64 | 65.8 98.5 | 62.2 94.6 | 0.058 | 3.468 | 735 0/0/0 | 64/64/64 0.082
machine busy over the run: 99 % of 32 logical CPUs
mujoco-pile: {"hz":120,"substeps":4,"armature":0.001} cond={"foot.left":100,"foot.right":100}, init 183 ms
layout N | total med p95 | solver med p95 | read med | control med | alloc B/step gc | upright maxSpeed
spaced 1 | 0.282 0.333 | 0.267 0.307 | 0.001 | 0.013 | 2503 0/0/0 | 1/1/1 0.011
spaced 2 | 0.553 0.628 | 0.529 0.596 | 0.001 | 0.023 | 2596 0/0/0 | 2/2/2 0.012
spaced 4 | 1.105 1.367 | 1.042 1.297 | 0.003 | 0.058 | 4146 0/0/0 | 4/4/4 0.012
spaced 8 | 2.322 2.974 | 2.065 2.563 | 0.007 | 0.245 | 7986 0/0/0 | 8/8/8 0.012
spaced 16 | 5.157 6.089 | 4.332 5.173 | 0.014 | 0.768 | 15666 0/0/0 | 16/16/16 0.012
spaced 32 | 11.3 15.6 | 9.425 12.9 | 0.026 | 1.744 | 31026 0/0/0 | 32/32/32 0.013
spaced 48 | 18.3 25.9 | 15.6 22.3 | 0.038 | 2.560 | 46386 0/0/0 | 48/48/48 0.013
spaced 64 | 25.1 33.5 | 21.4 28.8 | 0.046 | 3.567 | 61746 0/0/0 | 64/64/64 0.013
pile 1 | 0.281 0.340 | 0.267 0.310 | 0.001 | 0.013 | 1266 0/0/0 | 1/1/1 0.011
pile 2 | 0.553 0.622 | 0.528 0.591 | 0.001 | 0.024 | 2227 0/0/0 | 2/2/2 0.011
pile 4 | 1.079 1.406 | 1.022 1.300 | 0.002 | 0.054 | 4146 0/0/0 | 4/4/4 0.011
pile 8 | 2.300 3.616 | 2.057 3.276 | 0.007 | 0.214 | 7986 0/0/0 | 8/8/8 0.011
pile 16 | 7.226 10.8 | 6.371 9.951 | 0.015 | 0.792 | 15666 0/0/0 | 0/0/0 14.2
pile 32 | 26.7 43.0 | 24.8 41.4 | 0.027 | 1.767 | 31026 0/0/0 | 0/0/0 10.8
pile 48 | 73.1 209 | 70.3 206 | 0.040 | 2.717 | 46386 0/0/0 | 3/3/3 11.6
pile 64 | 186 1131 | 182 1126 | 0.055 | 3.611 | 740 0/0/0 | 1/1/1 11.9
machine busy over the run: 98 % of 32 logical CPUs
